Archive member included to satisfy reference by file (symbol)

/home/adam/.pico-sdk/toolchain/14_2_Rel1/bin/../lib/gcc/arm-none-eabi/14.2.1/thumb/v6-m/nofp/libgcc.a(_dvmd_tls.o)
                              CMakeFiles/mp3.dir/home/adam/.pico-sdk/sdk/2.1.1/src/rp2_common/pico_divider/divider_hardware.S.o (__aeabi_idiv0)
/home/adam/.pico-sdk/toolchain/14_2_Rel1/bin/../lib/gcc/arm-none-eabi/14.2.1/../../../../arm-none-eabi/lib/thumb/v6-m/nofp/libg.a(libc_a-calloc.o)
                              CMakeFiles/mp3.dir/home/adam/.pico-sdk/sdk/2.1.1/src/rp2_common/pico_malloc/malloc.c.o (calloc)
/home/adam/.pico-sdk/toolchain/14_2_Rel1/bin/../lib/gcc/arm-none-eabi/14.2.1/../../../../arm-none-eabi/lib/thumb/v6-m/nofp/libg.a(libc_a-callocr.o)
                              /home/adam/.pico-sdk/toolchain/14_2_Rel1/bin/../lib/gcc/arm-none-eabi/14.2.1/../../../../arm-none-eabi/lib/thumb/v6-m/nofp/libg.a(libc_a-calloc.o) (_calloc_r)
/home/adam/.pico-sdk/toolchain/14_2_Rel1/bin/../lib/gcc/arm-none-eabi/14.2.1/../../../../arm-none-eabi/lib/thumb/v6-m/nofp/libg.a(libc_a-malloc.o)
                              CMakeFiles/mp3.dir/home/adam/.pico-sdk/sdk/2.1.1/src/rp2_common/pico_malloc/malloc.c.o (malloc)
/home/adam/.pico-sdk/toolchain/14_2_Rel1/bin/../lib/gcc/arm-none-eabi/14.2.1/../../../../arm-none-eabi/lib/thumb/v6-m/nofp/libg.a(libc_a-mallocr.o)
                              /home/adam/.pico-sdk/toolchain/14_2_Rel1/bin/../lib/gcc/arm-none-eabi/14.2.1/../../../../arm-none-eabi/lib/thumb/v6-m/nofp/libg.a(libc_a-callocr.o) (_malloc_r)
/home/adam/.pico-sdk/toolchain/14_2_Rel1/bin/../lib/gcc/arm-none-eabi/14.2.1/../../../../arm-none-eabi/lib/thumb/v6-m/nofp/libg.a(libc_a-mlock.o)
                              /home/adam/.pico-sdk/toolchain/14_2_Rel1/bin/../lib/gcc/arm-none-eabi/14.2.1/../../../../arm-none-eabi/lib/thumb/v6-m/nofp/libg.a(libc_a-mallocr.o) (__malloc_lock)
/home/adam/.pico-sdk/toolchain/14_2_Rel1/bin/../lib/gcc/arm-none-eabi/14.2.1/../../../../arm-none-eabi/lib/thumb/v6-m/nofp/libg.a(libc_a-realloc.o)
                              CMakeFiles/mp3.dir/home/adam/.pico-sdk/sdk/2.1.1/src/rp2_common/pico_malloc/malloc.c.o (realloc)
/home/adam/.pico-sdk/toolchain/14_2_Rel1/bin/../lib/gcc/arm-none-eabi/14.2.1/../../../../arm-none-eabi/lib/thumb/v6-m/nofp/libg.a(libc_a-reallocr.o)
                              /home/adam/.pico-sdk/toolchain/14_2_Rel1/bin/../lib/gcc/arm-none-eabi/14.2.1/../../../../arm-none-eabi/lib/thumb/v6-m/nofp/libg.a(libc_a-realloc.o) (_realloc_r)
/home/adam/.pico-sdk/toolchain/14_2_Rel1/bin/../lib/gcc/arm-none-eabi/14.2.1/../../../../arm-none-eabi/lib/thumb/v6-m/nofp/libg.a(libc_a-fflush.o)
                              CMakeFiles/mp3.dir/lib/FatFs/FatFs_SPI/sd_driver/demo_logging.c.o (fflush)
/home/adam/.pico-sdk/toolchain/14_2_Rel1/bin/../lib/gcc/arm-none-eabi/14.2.1/../../../../arm-none-eabi/lib/thumb/v6-m/nofp/libg.a(libc_a-findfp.o)
                              /home/adam/.pico-sdk/toolchain/14_2_Rel1/bin/../lib/gcc/arm-none-eabi/14.2.1/../../../../arm-none-eabi/lib/thumb/v6-m/nofp/libg.a(libc_a-fflush.o) (__sglue)
/home/adam/.pico-sdk/toolchain/14_2_Rel1/bin/../lib/gcc/arm-none-eabi/14.2.1/../../../../arm-none-eabi/lib/thumb/v6-m/nofp/libg.a(libc_a-fwalk.o)
                              /home/adam/.pico-sdk/toolchain/14_2_Rel1/bin/../lib/gcc/arm-none-eabi/14.2.1/../../../../arm-none-eabi/lib/thumb/v6-m/nofp/libg.a(libc_a-fflush.o) (_fwalk_sglue)
/home/adam/.pico-sdk/toolchain/14_2_Rel1/bin/../lib/gcc/arm-none-eabi/14.2.1/../../../../arm-none-eabi/lib/thumb/v6-m/nofp/libg.a(libc_a-stdio.o)
                              /home/adam/.pico-sdk/toolchain/14_2_Rel1/bin/../lib/gcc/arm-none-eabi/14.2.1/../../../../arm-none-eabi/lib/thumb/v6-m/nofp/libg.a(libc_a-findfp.o) (__sread)
/home/adam/.pico-sdk/toolchain/14_2_Rel1/bin/../lib/gcc/arm-none-eabi/14.2.1/../../../../arm-none-eabi/lib/thumb/v6-m/nofp/libg.a(libc_a-memcmp.o)
                              CMakeFiles/mp3.dir/home/adam/.pico-sdk/sdk/2.1.1/src/rp2_common/pico_atomic/atomic.c.o (memcmp)
/home/adam/.pico-sdk/toolchain/14_2_Rel1/bin/../lib/gcc/arm-none-eabi/14.2.1/../../../../arm-none-eabi/lib/thumb/v6-m/nofp/libg.a(libc_a-memmove.o)
                              /home/adam/.pico-sdk/toolchain/14_2_Rel1/bin/../lib/gcc/arm-none-eabi/14.2.1/../../../../arm-none-eabi/lib/thumb/v6-m/nofp/libg.a(libc_a-reallocr.o) (memmove)
/home/adam/.pico-sdk/toolchain/14_2_Rel1/bin/../lib/gcc/arm-none-eabi/14.2.1/../../../../arm-none-eabi/lib/thumb/v6-m/nofp/libg.a(libc_a-strchr.o)
                              CMakeFiles/mp3.dir/lib/FatFs/FatFs_SPI/ff15/source/ff.c.o (strchr)
/home/adam/.pico-sdk/toolchain/14_2_Rel1/bin/../lib/gcc/arm-none-eabi/14.2.1/../../../../arm-none-eabi/lib/thumb/v6-m/nofp/libg.a(libc_a-strcspn.o)
                              CMakeFiles/mp3.dir/src/sdcard.cpp.o (strcspn)
/home/adam/.pico-sdk/toolchain/14_2_Rel1/bin/../lib/gcc/arm-none-eabi/14.2.1/../../../../arm-none-eabi/lib/thumb/v6-m/nofp/libg.a(libc_a-strncpy.o)
[...]
Memory Configuration

Name             Origin             Length             Attributes
FLASH            0x10000000         0x00200000         xr
RAM              0x20000000         0x00040000         xrw
SCRATCH_X        0x20040000         0x00001000         xrw
SCRATCH_Y        0x20041000         0x00001000         xrw
*default*        0x00000000         0xffffffff

Linker script and memory map

LOAD /home/adam/.pico-sdk/toolchain/14_2_Rel1/bin/../lib/gcc/arm-none-eabi/14.2.1/thumb/v6-m/nofp/crti.o
LOAD /home/adam/.pico-sdk/toolchain/14_2_Rel1/bin/../lib/gcc/arm-none-eabi/14.2.1/thumb/v6-m/nofp/crtbegin.o
LOAD /home/adam/.pico-sdk/toolchain/14_2_Rel1/bin/../lib/gcc/arm-none-eabi/14.2.1/../../../../arm-none-eabi/lib/thumb/v6-m/nofp/crt0.o

.flash_begin    0x10000000        0x0
                0x10000000                        __flash_binary_start = .

.boot2          0x10000000      0x100
                0x10000000                        __boot2_start__ = .
 *(.boot2)
 .boot2         0x10000000      0x100 pico-sdk/src/rp2040/boot_stage2/CMakeFiles/bs2_default_library.dir/bs2_default_padded_checksummed.S.o
                0x10000100                        __boot2_end__ = .
                0x00000001                        ASSERT (((__boot2_end__ - __boot2_start__) == 0x100), ERROR: Pico second stage bootloader must be 256 bytes in size)

.text           0x10000100     0xf4fc
                0x10000100                        __logical_binary_start = .
 *(.vectors)
 .vectors       0x10000100       0xd4 CMakeFiles/mp3.dir/home/adam/.pico-sdk/sdk/2.1.1/src/rp2_common/pico_crt0/crt0.S.o
                0x10000100                __vectors
                0x10000100                __VECTOR_TABLE
                0x100001c0                isr_invalid
                0x100001c0                __default_isrs_start
                0x100001c2                isr_nmi
                0x100001c4                isr_hardfault
                0x100001c6                isr_svcall
                0x100001c8                isr_pendsv
                0x100001ca                isr_systick
                0x100001cc                isr_irq30
                0x100001cc                __unhandled_user_irq
                0x100001cc                isr_irq13
                0x100001cc                isr_irq27
                0x100001cc                isr_irq31
                0x100001cc                isr_irq5
                0x100001cc                isr_irq11
                0x100001cc                isr_irq23
                0x100001cc                isr_irq18
                0x100001cc                isr_irq28
                0x100001cc                isr_irq19
                0x100001cc                isr_irq0
                0x100001cc                isr_irq6
                0x100001cc                isr_irq22
                0x100001cc                isr_irq17
                0x100001cc                isr_irq14
                0x100001cc                isr_irq2
                0x100001cc                isr_irq10
                0x100001cc                isr_irq8
                0x100001cc                isr_irq24
                0x100001cc                isr_irq1
                0x100001cc                isr_irq7
                0x100001cc                isr_irq21
                0x100001cc                isr_irq20
                0x100001cc                isr_irq15
                0x100001cc                isr_irq25
                0x100001cc                isr_irq4
                0x100001cc                isr_irq16
                0x100001cc                isr_irq29
                0x100001cc                isr_irq26
                0x100001cc                __default_isrs_end
                0x100001cc                isr_irq3
                0x100001cc                isr_irq12
                0x100001cc                isr_irq9
                0x100001d2                unhandled_user_irq_num_in_r0
 *(.binary_info_header)
 .binary_info_header
                0x100001d4       0x14 CMakeFiles/mp3.dir/home/adam/.pico-sdk/sdk/2.1.1/src/rp2_common/pico_crt0/crt0.S.o
                0x100001e8                        __binary_info_header_end = .
 *(.embedded_block)
                0x100001e8                        __embedded_block_end = .
 *(.reset)
 .reset         0x100001e8       0x9c CMakeFiles/mp3.dir/home/adam/.pico-sdk/sdk/2.1.1/src/rp2_common/pico_crt0/crt0.S.o
                0x100001e8                _entry_point
 *(.init)
 .init          0x10000284        0x4 /home/adam/.pico-sdk/toolchain/14_2_Rel1/bin/../lib/gcc/arm-none-eabi/14.2.1/thumb/v6-m/nofp/crti.o
                0x10000284                _init
 *(EXCLUDE_FILE(*libm.a: *libc.a:*lib_a-mem*.o *libgcc.a:) .text*)
 .text.register_tm_clones
                0x10000288       0x28 /home/adam/.pico-sdk/toolchain/14_2_Rel1/bin/../lib/gcc/arm-none-eabi/14.2.1/thumb/v6-m/nofp/crtbegin.o
 .text.frame_dummy
                0x100002b0       0x24 /home/adam/.pico-sdk/toolchain/14_2_Rel1/bin/../lib/gcc/arm-none-eabi/14.2.1/thumb/v6-m/nofp/crtbegin.o
 .text._ZZ15button_callbackjmENUllPvE_4_FUNElS_
                0x100002d4       0x10 CMakeFiles/mp3.dir/main.cpp.o
 .text._Z15button_callbackjm
                0x100002e4       0x6c CMakeFiles/mp3.dir/main.cpp.o
                0x100002e4                button_callback(unsigned int, unsigned long)
 .text.startup.main
                0x10000350      0x130 CMakeFiles/mp3.dir/main.cpp.o
                0x10000350                main
 .text._Z9oled_initv
                0x10000480       0x70 CMakeFiles/mp3.dir/src/oled.cpp.o
                0x10000480                oled_init()
 .text._Z12oled_display8OledPage
                0x100004f0       0x8c CMakeFiles/mp3.dir/src/oled.cpp.o
                0x100004f0                oled_display(OledPage)
 .text._Z10oled_clearv
                0x1000057c       0x14 CMakeFiles/mp3.dir/src/oled.cpp.o
                0x1000057c                oled_clear()
 .text._Z12oled_batteryh
                0x10000590      0x138 CMakeFiles/mp3.dir/src/oled.cpp.o
                0x10000590                oled_battery(unsigned char)
 .text._Z17oled_print_artistPKct
                0x100006c8      0x17c CMakeFiles/mp3.dir/src/oled.cpp.o
                0x100006c8                oled_print_artist(char const*, unsigned short)
 .text._Z15oled_print_songPKct
                0x10000844      0x290 CMakeFiles/mp3.dir/src/oled.cpp.o
                0x10000844                oled_print_song(char const*, unsigned short)
 .text._Z21oled_print_visualiserPh
                0x10000ad4       0xc4 CMakeFiles/mp3.dir/src/oled.cpp.o
                0x10000ad4                oled_print_visualiser(unsigned char*)
 .text._Z20getFirstPlaylistFilePKcPcj
                0x10000b98       0xd0 CMakeFiles/mp3.dir/src/sdcard.cpp.o
                0x10000b98                getFirstPlaylistFile(char const*, char*, unsigned int)
 .text.sd_get_num
                0x10000c68        0x4 CMakeFiles/mp3.dir/src/hw_config.c.o
                0x10000c68                sd_get_num
 .text.sd_get_by_num
                0x10000c6c       0x18 CMakeFiles/mp3.dir/src/hw_config.c.o
                0x10000c6c                sd_get_by_num
 .text.spi_get_num
                0x10000c84        0x4 CMakeFiles/mp3.dir/src/hw_config.c.o
                0x10000c84                spi_get_num
 .text.spi_get_by_num
                0x10000c88       0x18 CMakeFiles/mp3.dir/src/hw_config.c.o
                0x10000c88                spi_get_by_num
 .text._Z14getCharBitmapSc
                0x10000ca0       0x1c CMakeFiles/mp3.dir/src/fonts/small.cpp.o
                0x10000ca0                getCharBitmapS(char)
 .text._Z14getCharBitmapMc
                0x10000cbc       0x18 CMakeFiles/mp3.dir/src/fonts/medium.cpp.o
                0x10000cbc                getCharBitmapM(char)
 .text.gpio_default_irq_handler
                0x10000cd4      0x2c8 CMakeFiles/mp3.dir/home/adam/.pico-sdk/sdk/2.1.1/src/rp2_common/hardware_gpio/gpio.c.o
 .text.gpio_set_function
                0x10000f9c       0x34 CMakeFiles/mp3.dir/home/adam/.pico-sdk/sdk/2.1.1/src/rp2_common/hardware_gpio/gpio.c.o
                0x10000f9c                gpio_set_function
 .text.gpio_set_pulls
                0x10000fd0       0x28 CMakeFiles/mp3.dir/home/adam/.pico-sdk/sdk/2.1.1/src/rp2_common/hardware_gpio/gpio.c.o
                0x10000fd0                gpio_set_pulls
 .text.gpio_set_drive_strength
                0x10000ff8       0x24 CMakeFiles/mp3.dir/home/adam/.pico-sdk/sdk/2.1.1/src/rp2_common/hardware_gpio/gpio.c.o
                0x10000ff8                gpio_set_drive_strength
 .text.gpio_set_irq_enabled_with_callback
                0x1000101c       0xd0 CMakeFiles/mp3.dir/home/adam/.pico-sdk/sdk/2.1.1/src/rp2_common/hardware_gpio/gpio.c.o
                0x1000101c                gpio_set_irq_enabled_with_callback
 .text.gpio_init
                0x100010ec       0x40 CMakeFiles/mp3.dir/home/adam/.pico-sdk/sdk/2.1.1/src/rp2_common/hardware_gpio/gpio.c.o
                0x100010ec                gpio_init
 .text.rp2040_chip_version
                0x1000112c        0xc CMakeFiles/mp3.dir/home/adam/.pico-sdk/sdk/2.1.1/src/rp2040/pico_platform/platform.c.o
                0x1000112c                rp2040_chip_version
 .text.panic    0x10001138       0x30 CMakeFiles/mp3.dir/home/adam/.pico-sdk/sdk/2.1.1/src/rp2_common/pico_platform_panic/panic.c.o
                0x10001138                panic
 .text.hw_claim_or_assert
                0x10001168       0x44 CMakeFiles/mp3.dir/home/adam/.pico-sdk/sdk/2.1.1/src/common/hardware_claim/claim.c.o
                0x10001168                hw_claim_or_assert
 .text.hw_claim_unused_from_range
                0x100011ac       0x88 CMakeFiles/mp3.dir/home/adam/.pico-sdk/sdk/2.1.1/src/common/hardware_claim/claim.c.o
                0x100011ac                hw_claim_unused_from_range
 .text.next_striped_spin_lock_num
                0x10001234       0x18 CMakeFiles/mp3.dir/home/adam/.pico-sdk/sdk/2.1.1/src/rp2_common/hardware_sync/sync.c.o
                0x10001234                next_striped_spin_lock_num
 .text.spin_lock_claim_unused
                0x1000124c       0x24 CMakeFiles/mp3.dir/home/adam/.pico-sdk/sdk/2.1.1/src/rp2_common/hardware_sync/sync.c.o
                0x1000124c                spin_lock_claim_unused
 .text.spin_locks_reset
                0x10001270       0x1c CMakeFiles/mp3.dir/home/adam/.pico-sdk/sdk/2.1.1/src/rp2_common/hardware_sync_spin_lock/sync_spin_lock.c.o
                0x10001270                spin_locks_reset
 .text.runtime_init_per_core_irq_priorities
                0x1000128c       0x24 CMakeFiles/mp3.dir/home/adam/.pico-sdk/sdk/2.1.1/src/rp2_common/hardware_irq/irq.c.o
                0x1000128c                runtime_init_per_core_irq_priorities
 .text.irq_set_enabled
                0x100012b0       0x24 CMakeFiles/mp3.dir/home/adam/.pico-sdk/sdk/2.1.1/src/rp2_common/hardware_irq/irq.c.o
                0x100012b0                irq_set_enabled
 .text.irq_is_enabled
                0x100012d4       0x18 CMakeFiles/mp3.dir/home/adam/.pico-sdk/sdk/2.1.1/src/rp2_common/hardware_irq/irq.c.o
                0x100012d4                irq_is_enabled
 .text.irq_set_pending
                0x100012ec       0x10 CMakeFiles/mp3.dir/home/adam/.pico-sdk/sdk/2.1.1/src/rp2_common/hardware_irq/irq.c.o
                0x100012ec                irq_set_pending
 .text.irq_has_shared_handler
                0x100012fc       0x24 CMakeFiles/mp3.dir/home/adam/.pico-sdk/sdk/2.1.1/src/rp2_common/hardware_irq/irq.c.o
                0x100012fc                irq_has_shared_handler
 .text.irq_set_exclusive_handler
                0x10001320       0x54 CMakeFiles/mp3.dir/home/adam/.pico-sdk/sdk/2.1.1/src/rp2_common/hardware_irq/irq.c.o
                0x10001320                irq_set_exclusive_handler
 .text.irq_add_shared_handler
                0x10001374      0x1f4 CMakeFiles/mp3.dir/home/adam/.pico-sdk/sdk/2.1.1/src/rp2_common/hardware_irq/irq.c.o
                0x10001374                irq_add_shared_handler
 .text.irq_remove_handler
                0x10001568      0x1d4 CMakeFiles/mp3.dir/home/adam/.pico-sdk/sdk/2.1.1/src/rp2_common/hardware_irq/irq.c.o
                0x10001568                irq_remove_handler
 .text.irq_add_tail_to_free_list
                0x1000173c       0xb4 CMakeFiles/mp3.dir/home/adam/.pico-sdk/sdk/2.1.1/src/rp2_common/hardware_irq/irq.c.o
                0x1000173c                irq_add_tail_to_free_list
 .text.user_irq_claim_unused
                0x100017f0       0x2c CMakeFiles/mp3.dir/home/adam/.pico-sdk/sdk/2.1.1/src/rp2_common/hardware_irq/irq.c.o
                0x100017f0                user_irq_claim_unused
 .text.sem_init
                0x1000181c       0x20 CMakeFiles/mp3.dir/home/adam/.pico-sdk/sdk/2.1.1/src/common/pico_sync/sem.c.o
                0x1000181c                sem_init
 .text.lock_init
                0x1000183c       0x10 CMakeFiles/mp3.dir/home/adam/.pico-sdk/sdk/2.1.1/src/common/pico_sync/lock_core.c.o
                0x1000183c                lock_init
 .text.runtime_init_mutex
                0x1000184c       0x50 CMakeFiles/mp3.dir/home/adam/.pico-sdk/sdk/2.1.1/src/common/pico_sync/mutex.c.o
                0x1000184c                runtime_init_mutex
 .text.mutex_init
                0x1000189c       0x1c CMakeFiles/mp3.dir/home/adam/.pico-sdk/sdk/2.1.1/src/common/pico_sync/mutex.c.o
                0x1000189c                mutex_init
 .text.critical_section_init
                0x100018b8       0x1c CMakeFiles/mp3.dir/home/adam/.pico-sdk/sdk/2.1.1/src/common/pico_sync/critical_section.c.o
                0x100018b8                critical_section_init
 .text.critical_section_init_with_lock_num
                0x100018d4       0x14 CMakeFiles/mp3.dir/home/adam/.pico-sdk/sdk/2.1.1/src/common/pico_sync/critical_section.c.o
                0x100018d4                critical_section_init_with_lock_num
 .text.sleep_until_callback
                0x100018e8       0x30 CMakeFiles/mp3.dir/home/adam/.pico-sdk/sdk/2.1.1/src/common/pico_time/time.c.o
 .text.alarm_pool_irq_handler
                0x10001918      0x300 CMakeFiles/mp3.dir/home/adam/.pico-sdk/sdk/2.1.1/src/common/pico_time/time.c.o
 .text.runtime_init_default_alarm_pool
                0x10001c18       0xdc CMakeFiles/mp3.dir/home/adam/.pico-sdk/sdk/2.1.1/src/common/pico_time/time.c.o
                0x10001c18                runtime_init_default_alarm_pool
 .text.alarm_pool_get_default
                0x10001cf4        0x8 CMakeFiles/mp3.dir/home/adam/.pico-sdk/sdk/2.1.1/src/common/pico_time/time.c.o
                0x10001cf4                alarm_pool_get_default
 .text.alarm_pool_add_alarm_at
                0x10001cfc       0xd0 CMakeFiles/mp3.dir/home/adam/.pico-sdk/sdk/2.1.1/src/common/pico_time/time.c.o
                0x10001cfc                alarm_pool_add_alarm_at
 .text.alarm_pool_add_alarm_at_force_in_context
                0x10001dcc       0xb0 CMakeFiles/mp3.dir/home/adam/.pico-sdk/sdk/2.1.1/src/common/pico_time/time.c.o
                0x10001dcc                alarm_pool_add_alarm_at_force_in_context
 .text.alarm_pool_cancel_alarm
                0x10001e7c       0x74 CMakeFiles/mp3.dir/home/adam/.pico-sdk/sdk/2.1.1/src/common/pico_time/time.c.o
                0x10001e7c                alarm_pool_cancel_alarm
 .text.alarm_pool_core_num
                0x10001ef0        0x4 CMakeFiles/mp3.dir/home/adam/.pico-sdk/sdk/2.1.1/src/common/pico_time/time.c.o
                0x10001ef0                alarm_pool_core_num
 .text.sleep_ms
                0x10001ef4       0xfc CMakeFiles/mp3.dir/home/adam/.pico-sdk/sdk/2.1.1/src/common/pico_time/time.c.o
                0x10001ef4                sleep_ms
 .text.best_effort_wfe_or_timeout
                0x10001ff0      0x10c CMakeFiles/mp3.dir/home/adam/.pico-sdk/sdk/2.1.1/src/common/pico_time/time.c.o
                0x10001ff0                best_effort_wfe_or_timeout
 .text.timer_hardware_alarm_claim
                0x100020fc       0x14 CMakeFiles/mp3.dir/home/adam/.pico-sdk/sdk/2.1.1/src/rp2_common/hardware_timer/timer.c.o
                0x100020fc                timer_hardware_alarm_claim
 .text.timer_time_us_64
                0x10002110       0x10 CMakeFiles/mp3.dir/home/adam/.pico-sdk/sdk/2.1.1/src/rp2_common/hardware_timer/timer.c.o
                0x10002110                timer_time_us_64
 .text.time_us_64
                0x10002120       0x14 CMakeFiles/mp3.dir/home/adam/.pico-sdk/sdk/2.1.1/src/rp2_common/hardware_timer/timer.c.o
                0x10002120                time_us_64
 .text.busy_wait_us
                0x10002134       0x68 CMakeFiles/mp3.dir/home/adam/.pico-sdk/sdk/2.1.1/src/rp2_common/hardware_timer/timer.c.o
                0x10002134                busy_wait_us
 .text.busy_wait_until
                0x1000219c       0x20 CMakeFiles/mp3.dir/home/adam/.pico-sdk/sdk/2.1.1/src/rp2_common/hardware_timer/timer.c.o
                0x1000219c                busy_wait_until
 .text.clock_configure_int_divider
                0x100021bc       0xf4 CMakeFiles/mp3.dir/home/adam/.pico-sdk/sdk/2.1.1/src/rp2_common/hardware_clocks/clocks.c.o
                0x100021bc                clock_configure_int_divider
 .text.clock_configure_undivided
                0x100022b0       0xe8 CMakeFiles/mp3.dir/home/adam/.pico-sdk/sdk/2.1.1/src/rp2_common/hardware_clocks/clocks.c.o
                0x100022b0                clock_configure_undivided
 .text.clock_get_hz
                0x10002398        0xc CMakeFiles/mp3.dir/home/adam/.pico-sdk/sdk/2.1.1/src/rp2_common/hardware_clocks/clocks.c.o
                0x10002398                clock_get_hz
 .text.pll_init
                0x100023a4       0xa4 CMakeFiles/mp3.dir/home/adam/.pico-sdk/sdk/2.1.1/src/rp2_common/hardware_pll/pll.c.o
                0x100023a4                pll_init
 .text.watchdog_reboot
                0x10002448       0x9c CMakeFiles/mp3.dir/home/adam/.pico-sdk/sdk/2.1.1/src/rp2_common/hardware_watchdog/watchdog.c.o
                0x10002448                watchdog_reboot
 .text.tick_start
                0x100024e4       0x10 CMakeFiles/mp3.dir/home/adam/.pico-sdk/sdk/2.1.1/src/rp2_common/hardware_ticks/ticks.c.o
                0x100024e4                tick_start
 .text.rom_func_lookup
                0x100024f4       0x10 CMakeFiles/mp3.dir/home/adam/.pico-sdk/sdk/2.1.1/src/rp2_common/pico_bootrom/bootrom.c.o
                0x100024f4                rom_func_lookup
 .text.rom_data_lookup
                0x10002504       0x10 CMakeFiles/mp3.dir/home/adam/.pico-sdk/sdk/2.1.1/src/rp2_common/pico_bootrom/bootrom.c.o
                0x10002504                rom_data_lookup
 .text.rom_funcs_lookup
                0x10002514       0x44 CMakeFiles/mp3.dir/home/adam/.pico-sdk/sdk/2.1.1/src/rp2_common/pico_bootrom/bootrom.c.o
                0x10002514                rom_funcs_lookup
 .text.rom_reset_usb_boot_extra
                0x10002558       0x24 CMakeFiles/mp3.dir/home/adam/.pico-sdk/sdk/2.1.1/src/rp2_common/pico_bootrom/bootrom.c.o
                0x10002558                rom_reset_usb_boot_extra
 .text.xosc_init
                0x1000257c       0x28 CMakeFiles/mp3.dir/home/adam/.pico-sdk/sdk/2.1.1/src/rp2_common/hardware_xosc/xosc.c.o
                0x1000257c                xosc_init
 .text.first_per_core_initializer
                0x100025a4        0x4 CMakeFiles/mp3.dir/home/adam/.pico-sdk/sdk/2.1.1/src/rp2_common/pico_runtime/runtime.c.o
 .text.hard_assertion_failure
                0x100025a8        0xc CMakeFiles/mp3.dir/home/adam/.pico-sdk/sdk/2.1.1/src/rp2_common/pico_runtime/runtime.c.o
                0x100025a8                hard_assertion_failure
 .text.runtime_run_initializers
                0x100025b4       0x28 CMakeFiles/mp3.dir/home/adam/.pico-sdk/sdk/2.1.1/src/rp2_common/pico_runtime/runtime.c.o
                0x100025b4                runtime_run_initializers
 .text.runtime_init_early_resets
                0x100025dc       0x2c CMakeFiles/mp3.dir/home/adam/.pico-sdk/sdk/2.1.1/src/rp2_common/pico_runtime_init/runtime_init.c.o
                0x100025dc                runtime_init_early_resets
 .text.runtime_init_usb_power_down
                0x10002608       0x1c CMakeFiles/mp3.dir/home/adam/.pico-sdk/sdk/2.1.1/src/rp2_common/pico_runtime_init/runtime_init.c.o
                0x10002608                runtime_init_usb_power_down
 .text.runtime_init_post_clock_resets
                0x10002624       0x20 CMakeFiles/mp3.dir/home/adam/.pico-sdk/sdk/2.1.1/src/rp2_common/pico_runtime_init/runtime_init.c.o
                0x10002624                runtime_init_post_clock_resets
 .text.runtime_init_rp2040_gpio_ie_disable
                0x10002644       0x14 CMakeFiles/mp3.dir/home/adam/.pico-sdk/sdk/2.1.1/src/rp2_common/pico_runtime_init/runtime_init.c.o
                0x10002644                runtime_init_rp2040_gpio_ie_disable
 .text.runtime_init_spin_locks_reset
                0x10002658        0x8 CMakeFiles/mp3.dir/home/adam/.pico-sdk/sdk/2.1.1/src/rp2_common/pico_runtime_init/runtime_init.c.o
                0x10002658                runtime_init_spin_locks_reset
 .text.runtime_init_install_ram_vector_table
                0x10002660       0x1c CMakeFiles/mp3.dir/home/adam/.pico-sdk/sdk/2.1.1/src/rp2_common/pico_runtime_init/runtime_init.c.o
                0x10002660                runtime_init_install_ram_vector_table
 .text.runtime_init_clocks
                0x1000267c       0xd8 CMakeFiles/mp3.dir/home/adam/.pico-sdk/sdk/2.1.1/src/rp2_common/pico_runtime_init/runtime_init_clocks.c.o
                0x1000267c                runtime_init_clocks
 .text          0x10002754       0x10 CMakeFiles/mp3.dir/home/adam/.pico-sdk/sdk/2.1.1/src/rp2_common/pico_bit_ops/bit_ops_aeabi.S.o
 .text.__wrap___aeabi_idiv
                0x10002764       0x50 CMakeFiles/mp3.dir/home/adam/.pico-sdk/sdk/2.1.1/src/rp2_common/pico_divider/divider_hardware.S.o
                0x10002764                __wrap___aeabi_idivmod
                0x10002764                divmod_s32s32
                0x10002764                div_s32s32
                0x10002764                __wrap___aeabi_idiv
                0x1000276c                divmod_s32s32_unsafe
                0x10002798                divmod_s32s32_savestate
 .text.__wrap___aeabi_uidiv
                0x100027b4       0x4c CMakeFiles/mp3.dir/home/adam/.pico-sdk/sdk/2.1.1/src/rp2_common/pico_divider/divider_hardware.S.o
                0x100027b4                __wrap___aeabi_uidiv
                0x100027b4                __wrap___aeabi_uidivmod
                0x100027b4                div_u32u32
                0x100027b4                divmod_u32u32
                0x100027bc                divmod_u32u32_unsafe
                0x100027e4                divmod_u32u32_savestate
 .text.__wrap___aeabi_ldiv
                0x10002800      0x424 CMakeFiles/mp3.dir/home/adam/.pico-sdk/sdk/2.1.1/src/rp2_common/pico_divider/divider_hardware.S.o
                0x10002800                div_s64s64
                0x10002800                divmod_s64s64
                0x10002800                __wrap___aeabi_ldivmod
                0x10002830                div_u64u64
                0x10002830                divmod_u64u64
                0x10002830                __wrap___aeabi_uldivmod
                0x10002840                divmod_u64u64_savestate
                0x10002860                divmod_s64s64_unsafe
                0x100028e8                divmod_u64u64_unsafe
 .text.__wrap___aeabi_darithmetic
                0x10002c24       0x80 CMakeFiles/mp3.dir/home/adam/.pico-sdk/sdk/2.1.1/src/rp2_common/pico_double/double_aeabi_rp2040.S.o
                0x10002c24                __wrap___aeabi_drsub
                0x10002c2a                __wrap___aeabi_dsub
                0x10002c3c                __wrap___aeabi_dadd
                0x10002c4e                __wrap___aeabi_ddiv
                0x10002c8a                __wrap___aeabi_dmul
 .text.__wrap___aeabi_cdcmple
                0x10002ca4       0x6c CMakeFiles/mp3.dir/home/adam/.pico-sdk/sdk/2.1.1/src/rp2_common/pico_double/double_aeabi_rp2040.S.o
                0x10002ca4                __wrap___aeabi_cdrcmple
                0x10002cb4                __wrap___aeabi_cdcmple
                0x10002cb4                __wrap___aeabi_cdcmpeq
 .text.__wrap___aeabi_dcmplt
                0x10002d10        0xc CMakeFiles/mp3.dir/home/adam/.pico-sdk/sdk/2.1.1/src/rp2_common/pico_double/double_aeabi_rp2040.S.o
                0x10002d10                __wrap___aeabi_dcmplt
 .text.__wrap___aeabi_dcmple
                0x10002d1c       0x10 CMakeFiles/mp3.dir/home/adam/.pico-sdk/sdk/2.1.1/src/rp2_common/pico_double/double_aeabi_rp2040.S.o
                0x10002d1c                __wrap___aeabi_dcmple
 .text.__wrap___aeabi_dcmpge
                0x10002d2c       0x10 CMakeFiles/mp3.dir/home/adam/.pico-sdk/sdk/2.1.1/src/rp2_common/pico_double/double_aeabi_rp2040.S.o
                0x10002d2c                __wrap___aeabi_dcmpge
 .text.__wrap___aeabi_dcmpgt
                0x10002d3c        0xa CMakeFiles/mp3.dir/home/adam/.pico-sdk/sdk/2.1.1/src/rp2_common/pico_double/double_aeabi_rp2040.S.o
                0x10002d3c                __wrap___aeabi_dcmpgt
 .text.__wrap___aeabi_dcmpun
                0x10002d46       0x18 CMakeFiles/mp3.dir/home/adam/.pico-sdk/sdk/2.1.1/src/rp2_common/pico_double/double_aeabi_rp2040.S.o
                0x10002d46                __wrap___aeabi_dcmpun
 *fill*         0x10002d5e        0x2 
 .text.__wrap___aeabi_i2d
                0x10002d60       0x38 CMakeFiles/mp3.dir/home/adam/.pico-sdk/sdk/2.1.1/src/rp2_common/pico_double/double_aeabi_rp2040.S.o
                0x10002d60                __wrap___aeabi_ui2d
                0x10002d60                uint2double
                0x10002d68                __wrap___aeabi_i2d
                0x10002d68                int2double
 .text.__wrap___aeabi_d2iz
                0x10002d98       0x48 CMakeFiles/mp3.dir/home/adam/.pico-sdk/sdk/2.1.1/src/rp2_common/pico_double/double_aeabi_rp2040.S.o
                0x10002d98                __wrap___aeabi_d2iz
                0x10002d98                double2int_z
 .text.__wrap___aeabi_d2uiz
                0x10002de0       0x18 CMakeFiles/mp3.dir/home/adam/.pico-sdk/sdk/2.1.1/src/rp2_common/pico_double/double_aeabi_rp2040.S.o
                0x10002de0                double2uint_z
                0x10002de0                double2uint
                0x10002de0                __wrap___aeabi_d2uiz
 .text.__aeabi_double_init
                0x10002df8       0xa4 CMakeFiles/mp3.dir/home/adam/.pico-sdk/sdk/2.1.1/src/rp2_common/pico_double/double_init_rom_rp2040.c.o
                0x10002df8                __aeabi_double_init
 .text.double_table_shim_on_use_helper
                0x10002e9c       0x2c CMakeFiles/mp3.dir/home/adam/.pico-sdk/sdk/2.1.1/src/rp2_common/pico_double/double_v1_rom_shim_rp2040.S.o
                0x10002e9c                double_table_shim_on_use_helper
 .text.__wrap___aeabi_dsub
                0x10002ec8       0x10 CMakeFiles/mp3.dir/home/adam/.pico-sdk/sdk/2.1.1/src/rp2_common/pico_double/double_v1_rom_shim_rp2040.S.o
                0x10002ec8                drsub_shim
                0x10002ece                dsub_shim
 .text.dadd_shim
                0x10002ed8      0x15c CMakeFiles/mp3.dir/home/adam/.pico-sdk/sdk/2.1.1/src/rp2_common/pico_double/double_v1_rom_shim_rp2040.S.o
                0x10002ed8                dadd_shim
 .text.dmul_shim
                0x10003034      0x15c CMakeFiles/mp3.dir/home/adam/.pico-sdk/sdk/2.1.1/src/rp2_common/pico_double/double_v1_rom_shim_rp2040.S.o
                0x10003034                dmul_shim
 .text.ddiv_shim
                0x10003190      0x1b0 CMakeFiles/mp3.dir/home/adam/.pico-sdk/sdk/2.1.1/src/rp2_common/pico_double/double_v1_rom_shim_rp2040.S.o
                0x10003190                ddiv_shim
 .text.double2uint_shim
                0x10003340        0xe CMakeFiles/mp3.dir/home/adam/.pico-sdk/sdk/2.1.1/src/rp2_common/pico_double/double_v1_rom_shim_rp2040.S.o
                0x10003340                double2uint_shim
                0x10003342                double2ufix_shim
 *fill*         0x1000334e        0x2 
 .text.double2uint64_shim
                0x10003350       0x70 CMakeFiles/mp3.dir/home/adam/.pico-sdk/sdk/2.1.1/src/rp2_common/pico_double/double_v1_rom_shim_rp2040.S.o
                0x10003350                double2uint64_shim
                0x10003352                double2ufix64_shim
                0x10003372                d2fix_a
 .text.dunpacks
                0x100033c0       0x3c CMakeFiles/mp3.dir/home/adam/.pico-sdk/sdk/2.1.1/src/rp2_common/pico_double/double_v1_rom_shim_rp2040.S.o
                0x100033c0                dunpacks
 .text.__aeabi_lmul
                0x100033fc       0x32 CMakeFiles/mp3.dir/home/adam/.pico-sdk/sdk/2.1.1/src/rp2_common/pico_int64_ops/pico_int64_ops_aeabi.S.o
                0x100033fc                __wrap___aeabi_lmul
 *fill*         0x1000342e        0x2 
 .text.__aeabi_float_init
                0x10003430       0x64 CMakeFiles/mp3.dir/home/adam/.pico-sdk/sdk/2.1.1/src/rp2_common/pico_float/float_init_rom_rp2040.c.o
                0x10003430                __aeabi_float_init
 .text.float_table_shim_on_use_helper
                0x10003494       0x2c CMakeFiles/mp3.dir/home/adam/.pico-sdk/sdk/2.1.1/src/rp2_common/pico_float/float_v1_rom_shim_rp2040.S.o
                0x10003494                float_table_shim_on_use_helper
 .text.__wrap_malloc
                0x100034c0       0x24 CMakeFiles/mp3.dir/home/adam/.pico-sdk/sdk/2.1.1/src/rp2_common/pico_malloc/malloc.c.o
                0x100034c0                __wrap_malloc
 .text.__wrap_free
                0x100034e4        0x8 CMakeFiles/mp3.dir/home/adam/.pico-sdk/sdk/2.1.1/src/rp2_common/pico_malloc/malloc.c.o
                0x100034e4                __wrap_free
 .text          0x100034ec       0x10 CMakeFiles/mp3.dir/home/adam/.pico-sdk/sdk/2.1.1/src/rp2_common/pico_mem_ops/mem_ops_aeabi.S.o
                0x100034ec                __aeabi_mem_init
 .text.memset   0x100034fc        0xc CMakeFiles/mp3.dir/home/adam/.pico-sdk/sdk/2.1.1/src/rp2_common/pico_mem_ops/mem_ops_aeabi.S.o
                0x100034fc                __wrap_memset
 .text.memcpy   0x10003508        0xc CMakeFiles/mp3.dir/home/adam/.pico-sdk/sdk/2.1.1/src/rp2_common/pico_mem_ops/mem_ops_aeabi.S.o
                0x10003508                __wrap___aeabi_memcpy
                0x10003508                __wrap_memcpy
 .text._out_null
                0x10003514        0x4 CMakeFiles/mp3.dir/home/adam/.pico-sdk/sdk/2.1.1/src/rp2_common/pico_printf/printf.c.o
 .text._out_rev
                0x10003518       0xac CMakeFiles/mp3.dir/home/adam/.pico-sdk/sdk/2.1.1/src/rp2_common/pico_printf/printf.c.o
 .text._ntoa_format
                0x100035c4      0x1cc CMakeFiles/mp3.dir/home/adam/.pico-sdk/sdk/2.1.1/src/rp2_common/pico_printf/printf.c.o
 .text._out_char
                0x10003790       0x10 CMakeFiles/mp3.dir/home/adam/.pico-sdk/sdk/2.1.1/src/rp2_common/pico_printf/printf.c.o
 .text._out_fct
                0x100037a0       0x10 CMakeFiles/mp3.dir/home/adam/.pico-sdk/sdk/2.1.1/src/rp2_common/pico_printf/printf.c.o
 .text._ftoa    0x100037b0      0x4a8 CMakeFiles/mp3.dir/home/adam/.pico-sdk/sdk/2.1.1/src/rp2_common/pico_printf/printf.c.o
 .text._etoa    0x10003c58      0x57c CMakeFiles/mp3.dir/home/adam/.pico-sdk/sdk/2.1.1/src/rp2_common/pico_printf/printf.c.o
 .text._vsnprintf
                0x100041d4      0xbe0 CMakeFiles/mp3.dir/home/adam/.pico-sdk/sdk/2.1.1/src/rp2_common/pico_printf/printf.c.o
 .text.vfctprintf
                0x10004db4       0x24 CMakeFiles/mp3.dir/home/adam/.pico-sdk/sdk/2.1.1/src/rp2_common/pico_printf/printf.c.o
                0x10004db4                vfctprintf
 .text.weak_raw_vprintf
                0x10004dd8       0x30 CMakeFiles/mp3.dir/home/adam/.pico-sdk/sdk/2.1.1/src/rp2_common/pico_printf/printf.c.o
                0x10004dd8                weak_raw_vprintf
 .text._exit    0x10004e08        0x4 CMakeFiles/mp3.dir/home/adam/.pico-sdk/sdk/2.1.1/src/rp2_common/pico_clib_interface/newlib_interface.c.o
                0x10004e08                _exit
 .text._sbrk    0x10004e0c       0x34 CMakeFiles/mp3.dir/home/adam/.pico-sdk/sdk/2.1.1/src/rp2_common/pico_clib_interface/newlib_interface.c.o
                0x10004e0c                _sbrk
 .text.exit     0x10004e40        0x8 CMakeFiles/mp3.dir/home/adam/.pico-sdk/sdk/2.1.1/src/rp2_common/pico_clib_interface/newlib_interface.c.o
                0x10004e40                exit
 .text.runtime_init
                0x10004e48       0x2c CMakeFiles/mp3.dir/home/adam/.pico-sdk/sdk/2.1.1/src/rp2_common/pico_clib_interface/newlib_interface.c.o
                0x10004e48                runtime_init
 .text.stdio_out_chars_no_crlf
                0x10004e74       0x10 CMakeFiles/mp3.dir/home/adam/.pico-sdk/sdk/2.1.1/src/rp2_common/pico_stdio/stdio.c.o
 .text.stdio_out_chars_crlf
                0x10004e84       0xb0 CMakeFiles/mp3.dir/home/adam/.pico-sdk/sdk/2.1.1/src/rp2_common/pico_stdio/stdio.c.o
 .text.stdio_buffered_printer
                0x10004f34       0x64 CMakeFiles/mp3.dir/home/adam/.pico-sdk/sdk/2.1.1/src/rp2_common/pico_stdio/stdio.c.o
 .text.stdio_put_string
                0x10004f98       0xfc CMakeFiles/mp3.dir/home/adam/.pico-sdk/sdk/2.1.1/src/rp2_common/pico_stdio/stdio.c.o
                0x10004f98                stdio_put_string
 .text.stdio_set_driver_enabled
                0x10005094       0x30 CMakeFiles/mp3.dir/home/adam/.pico-sdk/sdk/2.1.1/src/rp2_common/pico_stdio/stdio.c.o
                0x10005094                stdio_set_driver_enabled
 .text.stdio_init_all
                0x100050c4        0x8 CMakeFiles/mp3.dir/home/adam/.pico-sdk/sdk/2.1.1/src/rp2_common/pico_stdio/stdio.c.o
                0x100050c4                stdio_init_all
 .text.stdio_getchar_timeout_us
                0x100050cc       0x98 CMakeFiles/mp3.dir/home/adam/.pico-sdk/sdk/2.1.1/src/rp2_common/pico_stdio/stdio.c.o
                0x100050cc                stdio_getchar_timeout_us
 .text.__wrap_putchar
                0x10005164       0x94 CMakeFiles/mp3.dir/home/adam/.pico-sdk/sdk/2.1.1/src/rp2_common/pico_stdio/stdio.c.o
                0x10005164                stdio_putchar
                0x10005164                __wrap_putchar
 .text.__wrap_puts
                0x100051f8       0x3c CMakeFiles/mp3.dir/home/adam/.pico-sdk/sdk/2.1.1/src/rp2_common/pico_stdio/stdio.c.o
                0x100051f8                __wrap_puts
                0x100051f8                stdio_puts
 .text.__wrap_vprintf
                0x10005234       0xcc CMakeFiles/mp3.dir/home/adam/.pico-sdk/sdk/2.1.1/src/rp2_common/pico_stdio/stdio.c.o
                0x10005234                __wrap_vprintf
                0x10005234                stdio_vprintf
 .text.__wrap_printf
                0x10005300       0x18 CMakeFiles/mp3.dir/home/adam/.pico-sdk/sdk/2.1.1/src/rp2_common/pico_stdio/stdio.c.o
                0x10005300                stdio_printf
                0x10005300                __wrap_printf
 .text.resetd_init
                0x10005318        0x4 CMakeFiles/mp3.dir/home/adam/.pico-sdk/sdk/2.1.1/src/rp2_common/pico_stdio_usb/reset_interface.c.o
 .text.resetd_reset
                0x1000531c        0xc CMakeFiles/mp3.dir/home/adam/.pico-sdk/sdk/2.1.1/src/rp2_common/pico_stdio_usb/reset_interface.c.o
 .text.resetd_open
                0x10005328       0x28 CMakeFiles/mp3.dir/home/adam/.pico-sdk/sdk/2.1.1/src/rp2_common/pico_stdio_usb/reset_interface.c.o
 .text.resetd_xfer_cb
                0x10005350        0x4 CMakeFiles/mp3.dir/home/adam/.pico-sdk/sdk/2.1.1/src/rp2_common/pico_stdio_usb/reset_interface.c.o
 .text.resetd_control_xfer_cb
                0x10005354       0x54 CMakeFiles/mp3.dir/home/adam/.pico-sdk/sdk/2.1.1/src/rp2_common/pico_stdio_usb/reset_interface.c.o
 .text.tud_descriptor_bos_cb
                0x100053a8        0x8 CMakeFiles/mp3.dir/home/adam/.pico-sdk/sdk/2.1.1/src/rp2_common/pico_stdio_usb/reset_interface.c.o
                0x100053a8                tud_descriptor_bos_cb
 .text.tud_vendor_control_xfer_cb
                0x100053b0       0x34 CMakeFiles/mp3.dir/home/adam/.pico-sdk/sdk/2.1.1/src/rp2_common/pico_stdio_usb/reset_interface.c.o
                0x100053b0                tud_vendor_control_xfer_cb
 .text.usbd_app_driver_get_cb
                0x100053e4        0xc CMakeFiles/mp3.dir/home/adam/.pico-sdk/sdk/2.1.1/src/rp2_common/pico_stdio_usb/reset_interface.c.o
                0x100053e4                usbd_app_driver_get_cb
 .text.tud_cdc_line_coding_cb
                0x100053f0       0x2c CMakeFiles/mp3.dir/home/adam/.pico-sdk/sdk/2.1.1/src/rp2_common/pico_stdio_usb/reset_interface.c.o
                0x100053f0                tud_cdc_line_coding_cb
 .text.stdio_usb_set_chars_available_callback
                0x1000541c       0x14 CMakeFiles/mp3.dir/home/adam/.pico-sdk/sdk/2.1.1/src/rp2_common/pico_stdio_usb/stdio_usb.c.o
                0x1000541c                stdio_usb_set_chars_available_callback
 .text.usb_irq  0x10005430       0x10 CMakeFiles/mp3.dir/home/adam/.pico-sdk/sdk/2.1.1/src/rp2_common/pico_stdio_usb/stdio_usb.c.o
 .text.timer_task
                0x10005440       0x64 CMakeFiles/mp3.dir/home/adam/.pico-sdk/sdk/2.1.1/src/rp2_common/pico_stdio_usb/stdio_usb.c.o
 .text.stdio_usb_in_chars
                0x100054a4       0x8c CMakeFiles/mp3.dir/home/adam/.pico-sdk/sdk/2.1.1/src/rp2_common/pico_stdio_usb/stdio_usb.c.o
                0x100054a4                stdio_usb_in_chars
 .text.stdio_usb_out_flush
                0x10005530       0x4c CMakeFiles/mp3.dir/home/adam/.pico-sdk/sdk/2.1.1/src/rp2_common/pico_stdio_usb/stdio_usb.c.o
 .text.stdio_usb_out_chars
                0x1000557c      0x100 CMakeFiles/mp3.dir/home/adam/.pico-sdk/sdk/2.1.1/src/rp2_common/pico_stdio_usb/stdio_usb.c.o
 .text.low_priority_worker_irq
                0x1000567c       0xc8 CMakeFiles/mp3.dir/home/adam/.pico-sdk/sdk/2.1.1/src/rp2_common/pico_stdio_usb/stdio_usb.c.o
 .text.stdio_usb_init
                0x10005744       0xe8 CMakeFiles/mp3.dir/home/adam/.pico-sdk/sdk/2.1.1/src/rp2_common/pico_stdio_usb/stdio_usb.c.o
                0x10005744                stdio_usb_init
 .text.tud_descriptor_device_cb
                0x1000582c        0x8 CMakeFiles/mp3.dir/home/adam/.pico-sdk/sdk/2.1.1/src/rp2_common/pico_stdio_usb/stdio_usb_descriptors.c.o
                0x1000582c                tud_descriptor_device_cb
 .text.tud_descriptor_configuration_cb
                0x10005834        0x8 CMakeFiles/mp3.dir/home/adam/.pico-sdk/sdk/2.1.1/src/rp2_common/pico_stdio_usb/stdio_usb_descriptors.c.o
                0x10005834                tud_descriptor_configuration_cb
 .text.tud_descriptor_string_cb
                0x1000583c       0x78 CMakeFiles/mp3.dir/home/adam/.pico-sdk/sdk/2.1.1/src/rp2_common/pico_stdio_usb/stdio_usb_descriptors.c.o
                0x1000583c                tud_descriptor_string_cb
 .text.startup._retrieve_unique_id_on_boot
                0x100058b4       0x10 CMakeFiles/mp3.dir/home/adam/.pico-sdk/sdk/2.1.1/src/rp2_common/pico_unique_id/unique_id.c.o
 .text.pico_get_unique_board_id_string
                0x100058c4      0x1a8 CMakeFiles/mp3.dir/home/adam/.pico-sdk/sdk/2.1.1/src/rp2_common/pico_unique_id/unique_id.c.o
                0x100058c4                pico_get_unique_board_id_string
 .text.flash_get_unique_id
                0x10005a6c       0x3c CMakeFiles/mp3.dir/home/adam/.pico-sdk/sdk/2.1.1/src/rp2_common/hardware_flash/flash.c.o
                0x10005a6c                flash_get_unique_id
 .text.dcd_init
                0x10005aa8       0x90 CMakeFiles/mp3.dir/home/adam/.pico-sdk/sdk/2.1.1/lib/tinyusb/src/portable/raspberrypi/rp2040/dcd_rp2040.c.o
                0x10005aa8                dcd_init
 .text.dcd_int_enable
                0x10005b38        0xc CMakeFiles/mp3.dir/home/adam/.pico-sdk/sdk/2.1.1/lib/tinyusb/src/portable/raspberrypi/rp2040/dcd_rp2040.c.o
                0x10005b38                dcd_int_enable
 .text.dcd_set_address
                0x10005b44       0x14 CMakeFiles/mp3.dir/home/adam/.pico-sdk/sdk/2.1.1/lib/tinyusb/src/portable/raspberrypi/rp2040/dcd_rp2040.c.o
                0x10005b44                dcd_set_address
 .text.dcd_sof_enable
                0x10005b58       0x1c CMakeFiles/mp3.dir/home/adam/.pico-sdk/sdk/2.1.1/lib/tinyusb/src/portable/raspberrypi/rp2040/dcd_rp2040.c.o
                0x10005b58                dcd_sof_enable
 .text.dcd_edpt0_status_complete
                0x10005b74       0x1c CMakeFiles/mp3.dir/home/adam/.pico-sdk/sdk/2.1.1/lib/tinyusb/src/portable/raspberrypi/rp2040/dcd_rp2040.c.o
                0x10005b74                dcd_edpt0_status_complete
 .text.dcd_edpt_open
                0x10005b90      0x114 CMakeFiles/mp3.dir/home/adam/.pico-sdk/sdk/2.1.1/lib/tinyusb/src/portable/raspberrypi/rp2040/dcd_rp2040.c.o
                0x10005b90                dcd_edpt_open
 .text.dcd_edpt_close_all
                0x10005ca4        0x8 CMakeFiles/mp3.dir/home/adam/.pico-sdk/sdk/2.1.1/lib/tinyusb/src/portable/raspberrypi/rp2040/dcd_rp2040.c.o
                0x10005ca4                dcd_edpt_close_all
 .text.dcd_edpt_xfer
                0x10005cac       0x24 CMakeFiles/mp3.dir/home/adam/.pico-sdk/sdk/2.1.1/lib/tinyusb/src/portable/raspberrypi/rp2040/dcd_rp2040.c.o
                0x10005cac                dcd_edpt_xfer
 .text.dcd_edpt_stall
                0x10005cd0       0x3c CMakeFiles/mp3.dir/home/adam/.pico-sdk/sdk/2.1.1/lib/tinyusb/src/portable/raspberrypi/rp2040/dcd_rp2040.c.o
                0x10005cd0                dcd_edpt_stall
 .text.dcd_edpt_clear_stall
                0x10005d0c       0x30 CMakeFiles/mp3.dir/home/adam/.pico-sdk/sdk/2.1.1/lib/tinyusb/src/portable/raspberrypi/rp2040/dcd_rp2040.c.o
                0x10005d0c                dcd_edpt_clear_stall
 .text.rp2040_usb_init
                0x10005d3c       0x40 CMakeFiles/mp3.dir/home/adam/.pico-sdk/sdk/2.1.1/lib/tinyusb/src/portable/raspberrypi/rp2040/rp2040_usb.c.o
                0x10005d3c                rp2040_usb_init
 .text.hw_endpoint_xfer_start
                0x10005d7c       0x40 CMakeFiles/mp3.dir/home/adam/.pico-sdk/sdk/2.1.1/lib/tinyusb/src/portable/raspberrypi/rp2040/rp2040_usb.c.o
                0x10005d7c                hw_endpoint_xfer_start
 .text.tud_event_hook_cb
                0x10005dbc        0x4 CMakeFiles/mp3.dir/home/adam/.pico-sdk/sdk/2.1.1/lib/tinyusb/src/device/usbd.c.o
                0x10005dbc                tud_event_hook_cb
 .text.tud_sof_cb
                0x10005dc0        0x4 CMakeFiles/mp3.dir/home/adam/.pico-sdk/sdk/2.1.1/lib/tinyusb/src/device/usbd.c.o
                0x10005dc0                tud_sof_cb
 .text.tud_descriptor_device_qualifier_cb
                0x10005dc4        0x4 CMakeFiles/mp3.dir/home/adam/.pico-sdk/sdk/2.1.1/lib/tinyusb/src/device/usbd.c.o
                0x10005dc4                tud_descriptor_device_qualifier_cb
 .text.tud_descriptor_other_speed_configuration_cb
                0x10005dc8        0x4 CMakeFiles/mp3.dir/home/adam/.pico-sdk/sdk/2.1.1/lib/tinyusb/src/device/usbd.c.o
                0x10005dc8                tud_descriptor_other_speed_configuration_cb
 .text.tud_mount_cb
                0x10005dcc        0x4 CMakeFiles/mp3.dir/home/adam/.pico-sdk/sdk/2.1.1/lib/tinyusb/src/device/usbd.c.o
                0x10005dcc                tud_mount_cb
 .text.tud_umount_cb
                0x10005dd0        0x4 CMakeFiles/mp3.dir/home/adam/.pico-sdk/sdk/2.1.1/lib/tinyusb/src/device/usbd.c.o
                0x10005dd0                tud_umount_cb
 .text.tud_suspend_cb
                0x10005dd4        0x4 CMakeFiles/mp3.dir/home/adam/.pico-sdk/sdk/2.1.1/lib/tinyusb/src/device/usbd.c.o
                0x10005dd4                tud_suspend_cb
 .text.tud_resume_cb
                0x10005dd8        0x4 CMakeFiles/mp3.dir/home/adam/.pico-sdk/sdk/2.1.1/lib/tinyusb/src/device/usbd.c.o
                0x10005dd8                tud_resume_cb
 .text.tud_mounted
                0x10005ddc       0x10 CMakeFiles/mp3.dir/home/adam/.pico-sdk/sdk/2.1.1/lib/tinyusb/src/device/usbd.c.o
                0x10005ddc                tud_mounted
 .text.tud_suspended
                0x10005dec       0x10 CMakeFiles/mp3.dir/home/adam/.pico-sdk/sdk/2.1.1/lib/tinyusb/src/device/usbd.c.o
                0x10005dec                tud_suspended
 .text.tud_rhport_init
                0x10005dfc       0xf4 CMakeFiles/mp3.dir/home/adam/.pico-sdk/sdk/2.1.1/lib/tinyusb/src/device/usbd.c.o
                0x10005dfc                tud_rhport_init
 .text.tud_task_ext
                0x10005ef0      0x800 CMakeFiles/mp3.dir/home/adam/.pico-sdk/sdk/2.1.1/lib/tinyusb/src/device/usbd.c.o
                0x10005ef0                tud_task_ext
 .text.usbd_open_edpt_pair
                0x100066f0       0x9c CMakeFiles/mp3.dir/home/adam/.pico-sdk/sdk/2.1.1/lib/tinyusb/src/device/usbd.c.o
                0x100066f0                usbd_open_edpt_pair
 .text.usbd_edpt_open
                0x1000678c       0x34 CMakeFiles/mp3.dir/home/adam/.pico-sdk/sdk/2.1.1/lib/tinyusb/src/device/usbd.c.o
                0x1000678c                usbd_edpt_open
 .text.usbd_edpt_claim
                0x100067c0       0x28 CMakeFiles/mp3.dir/home/adam/.pico-sdk/sdk/2.1.1/lib/tinyusb/src/device/usbd.c.o
                0x100067c0                usbd_edpt_claim
 .text.usbd_edpt_release
                0x100067e8       0x28 CMakeFiles/mp3.dir/home/adam/.pico-sdk/sdk/2.1.1/lib/tinyusb/src/device/usbd.c.o
                0x100067e8                usbd_edpt_release
 .text.usbd_edpt_xfer
                0x10006810       0x4c CMakeFiles/mp3.dir/home/adam/.pico-sdk/sdk/2.1.1/lib/tinyusb/src/device/usbd.c.o
                0x10006810                usbd_edpt_xfer
 .text.tud_control_status
                0x1000685c       0x2c CMakeFiles/mp3.dir/home/adam/.pico-sdk/sdk/2.1.1/lib/tinyusb/src/device/usbd_control.c.o
                0x1000685c                tud_control_status
 .text.tud_control_xfer
                0x10006888       0xa8 CMakeFiles/mp3.dir/home/adam/.pico-sdk/sdk/2.1.1/lib/tinyusb/src/device/usbd_control.c.o
                0x10006888                tud_control_xfer
 .text.usbd_control_reset
                0x10006930       0x14 CMakeFiles/mp3.dir/home/adam/.pico-sdk/sdk/2.1.1/lib/tinyusb/src/device/usbd_control.c.o
                0x10006930                usbd_control_reset
 .text.usbd_control_set_complete_callback
                0x10006944        0xc CMakeFiles/mp3.dir/home/adam/.pico-sdk/sdk/2.1.1/lib/tinyusb/src/device/usbd_control.c.o
                0x10006944                usbd_control_set_complete_callback
 .text.usbd_control_set_request
                0x10006950       0x1c CMakeFiles/mp3.dir/home/adam/.pico-sdk/sdk/2.1.1/lib/tinyusb/src/device/usbd_control.c.o
                0x10006950                usbd_control_set_request
 .text.usbd_control_xfer_cb
                0x1000696c       0xec CMakeFiles/mp3.dir/home/adam/.pico-sdk/sdk/2.1.1/lib/tinyusb/src/device/usbd_control.c.o
                0x1000696c                usbd_control_xfer_cb
 .text._prep_out_transaction.isra.0
                0x10006a58       0x6c CMakeFiles/mp3.dir/home/adam/.pico-sdk/sdk/2.1.1/lib/tinyusb/src/class/cdc/cdc_device.c.o
 .text.tud_cdc_n_connected
                0x10006ac4       0x2c CMakeFiles/mp3.dir/home/adam/.pico-sdk/sdk/2.1.1/lib/tinyusb/src/class/cdc/cdc_device.c.o
                0x10006ac4                tud_cdc_n_connected
 .text.tud_cdc_n_available
                0x10006af0       0x14 CMakeFiles/mp3.dir/home/adam/.pico-sdk/sdk/2.1.1/lib/tinyusb/src/class/cdc/cdc_device.c.o
                0x10006af0                tud_cdc_n_available
 .text.tud_cdc_n_read
                0x10006b04       0x88 CMakeFiles/mp3.dir/home/adam/.pico-sdk/sdk/2.1.1/lib/tinyusb/src/class/cdc/cdc_device.c.o
                0x10006b04                tud_cdc_n_read
 .text.tud_cdc_n_write_flush
                0x10006b8c       0x74 CMakeFiles/mp3.dir/home/adam/.pico-sdk/sdk/2.1.1/lib/tinyusb/src/class/cdc/cdc_device.c.o
                0x10006b8c                tud_cdc_n_write_flush
 .text.tud_cdc_n_write
                0x10006c00       0x40 CMakeFiles/mp3.dir/home/adam/.pico-sdk/sdk/2.1.1/lib/tinyusb/src/class/cdc/cdc_device.c.o
                0x10006c00                tud_cdc_n_write
 .text.tud_cdc_n_write_available
                0x10006c40       0x14 CMakeFiles/mp3.dir/home/adam/.pico-sdk/sdk/2.1.1/lib/tinyusb/src/class/cdc/cdc_device.c.o
                0x10006c40                tud_cdc_n_write_available
 .text.cdcd_init
                0x10006c54       0x70 CMakeFiles/mp3.dir/home/adam/.pico-sdk/sdk/2.1.1/lib/tinyusb/src/class/cdc/cdc_device.c.o
                0x10006c54                cdcd_init
 .text.cdcd_deinit
                0x10006cc4       0x30 CMakeFiles/mp3.dir/home/adam/.pico-sdk/sdk/2.1.1/lib/tinyusb/src/class/cdc/cdc_device.c.o
                0x10006cc4                cdcd_deinit
 .text.cdcd_reset
                0x10006cf4       0x4c CMakeFiles/mp3.dir/home/adam/.pico-sdk/sdk/2.1.1/lib/tinyusb/src/class/cdc/cdc_device.c.o
                0x10006cf4                cdcd_reset
 .text.cdcd_open
                0x10006d40       0xa4 CMakeFiles/mp3.dir/home/adam/.pico-sdk/sdk/2.1.1/lib/tinyusb/src/class/cdc/cdc_device.c.o
                0x10006d40                cdcd_open
 .text.cdcd_control_xfer_cb
                0x10006de4       0xe8 CMakeFiles/mp3.dir/home/adam/.pico-sdk/sdk/2.1.1/lib/tinyusb/src/class/cdc/cdc_device.c.o
                0x10006de4                cdcd_control_xfer_cb
 .text.cdcd_xfer_cb
                0x10006ecc      0x100 CMakeFiles/mp3.dir/home/adam/.pico-sdk/sdk/2.1.1/lib/tinyusb/src/class/cdc/cdc_device.c.o
                0x10006ecc                cdcd_xfer_cb
 .text.vendord_init
                0x10006fcc       0x5c CMakeFiles/mp3.dir/home/adam/.pico-sdk/sdk/2.1.1/lib/tinyusb/src/class/vendor/vendor_device.c.o
                0x10006fcc                vendord_init
 .text.vendord_deinit
                0x10007028       0x1c CMakeFiles/mp3.dir/home/adam/.pico-sdk/sdk/2.1.1/lib/tinyusb/src/class/vendor/vendor_device.c.o
                0x10007028                vendord_deinit
 .text.vendord_reset
                0x10007044       0x28 CMakeFiles/mp3.dir/home/adam/.pico-sdk/sdk/2.1.1/lib/tinyusb/src/class/vendor/vendor_device.c.o
                0x10007044                vendord_reset
 .text.vendord_open
                0x1000706c      0x120 CMakeFiles/mp3.dir/home/adam/.pico-sdk/sdk/2.1.1/lib/tinyusb/src/class/vendor/vendor_device.c.o
                0x1000706c                vendord_open
 .text.vendord_xfer_cb
                0x1000718c       0x9c CMakeFiles/mp3.dir/home/adam/.pico-sdk/sdk/2.1.1/lib/tinyusb/src/class/vendor/vendor_device.c.o
                0x1000718c                vendord_xfer_cb
 .text.tusb_rhport_init
                0x10007228       0x4c CMakeFiles/mp3.dir/home/adam/.pico-sdk/sdk/2.1.1/lib/tinyusb/src/tusb.c.o
                0x10007228                tusb_rhport_init
 .text.tu_edpt_claim
                0x10007274       0x50 CMakeFiles/mp3.dir/home/adam/.pico-sdk/sdk/2.1.1/lib/tinyusb/src/tusb.c.o
                0x10007274                tu_edpt_claim
 .text.tu_edpt_release
                0x100072c4       0x38 CMakeFiles/mp3.dir/home/adam/.pico-sdk/sdk/2.1.1/lib/tinyusb/src/tusb.c.o
                0x100072c4                tu_edpt_release
 .text.tu_edpt_validate
                0x100072fc       0x7c CMakeFiles/mp3.dir/home/adam/.pico-sdk/sdk/2.1.1/lib/tinyusb/src/tusb.c.o
                0x100072fc                tu_edpt_validate
 .text.tu_edpt_bind_driver
                0x10007378       0x34 CMakeFiles/mp3.dir/home/adam/.pico-sdk/sdk/2.1.1/lib/tinyusb/src/tusb.c.o
                0x10007378                tu_edpt_bind_driver
 .text.tu_edpt_stream_init
                0x100073ac       0x6c CMakeFiles/mp3.dir/home/adam/.pico-sdk/sdk/2.1.1/lib/tinyusb/src/tusb.c.o
                0x100073ac                tu_edpt_stream_init
 .text.tu_edpt_stream_deinit
                0x10007418        0x4 CMakeFiles/mp3.dir/home/adam/.pico-sdk/sdk/2.1.1/lib/tinyusb/src/tusb.c.o
                0x10007418                tu_edpt_stream_deinit
 .text.tu_edpt_stream_write_zlp_if_needed
                0x1000741c       0x68 CMakeFiles/mp3.dir/home/adam/.pico-sdk/sdk/2.1.1/lib/tinyusb/src/tusb.c.o
                0x1000741c                tu_edpt_stream_write_zlp_if_needed
 .text.tu_edpt_stream_write_xfer
                0x10007484       0x68 CMakeFiles/mp3.dir/home/adam/.pico-sdk/sdk/2.1.1/lib/tinyusb/src/tusb.c.o
                0x10007484                tu_edpt_stream_write_xfer
 .text.tu_edpt_stream_read_xfer
                0x100074ec       0xd8 CMakeFiles/mp3.dir/home/adam/.pico-sdk/sdk/2.1.1/lib/tinyusb/src/tusb.c.o
                0x100074ec                tu_edpt_stream_read_xfer
 .text.tu_fifo_config
                0x100075c4       0x6c CMakeFiles/mp3.dir/home/adam/.pico-sdk/sdk/2.1.1/lib/tinyusb/src/common/tusb_fifo.c.o
                0x100075c4                tu_fifo_config
 .text.tu_fifo_count
                0x10007630       0x2c CMakeFiles/mp3.dir/home/adam/.pico-sdk/sdk/2.1.1/lib/tinyusb/src/common/tusb_fifo.c.o
                0x10007630                tu_fifo_count
 .text.tu_fifo_empty
                0x1000765c       0x10 CMakeFiles/mp3.dir/home/adam/.pico-sdk/sdk/2.1.1/lib/tinyusb/src/common/tusb_fifo.c.o
                0x1000765c                tu_fifo_empty
 .text.tu_fifo_remaining
                0x1000766c       0x2c CMakeFiles/mp3.dir/home/adam/.pico-sdk/sdk/2.1.1/lib/tinyusb/src/common/tusb_fifo.c.o
                0x1000766c                tu_fifo_remaining
 .text.tu_fifo_read
                0x10007698       0x9c CMakeFiles/mp3.dir/home/adam/.pico-sdk/sdk/2.1.1/lib/tinyusb/src/common/tusb_fifo.c.o
                0x10007698                tu_fifo_read
 .text.tu_fifo_read_n
                0x10007734       0xe8 CMakeFiles/mp3.dir/home/adam/.pico-sdk/sdk/2.1.1/lib/tinyusb/src/common/tusb_fifo.c.o
                0x10007734                tu_fifo_read_n
 .text.tu_fifo_write
                0x1000781c       0xa4 CMakeFiles/mp3.dir/home/adam/.pico-sdk/sdk/2.1.1/lib/tinyusb/src/common/tusb_fifo.c.o
                0x1000781c                tu_fifo_write
 .text.tu_fifo_write_n
                0x100078c0      0x178 CMakeFiles/mp3.dir/home/adam/.pico-sdk/sdk/2.1.1/lib/tinyusb/src/common/tusb_fifo.c.o
                0x100078c0                tu_fifo_write_n
 .text.tu_fifo_clear
                0x10007a38       0x40 CMakeFiles/mp3.dir/home/adam/.pico-sdk/sdk/2.1.1/lib/tinyusb/src/common/tusb_fifo.c.o
                0x10007a38                tu_fifo_clear
 .text.tu_fifo_set_overwritable
                0x10007a78       0x48 CMakeFiles/mp3.dir/home/adam/.pico-sdk/sdk/2.1.1/lib/tinyusb/src/common/tusb_fifo.c.o
                0x10007a78                tu_fifo_set_overwritable
 .text.dma_claim_unused_channel
                0x10007ac0       0x24 CMakeFiles/mp3.dir/home/adam/.pico-sdk/sdk/2.1.1/src/rp2_common/hardware_dma/dma.c.o
                0x10007ac0                dma_claim_unused_channel
 .text.i2c_write_blocking_internal.constprop.0
                0x10007ae4       0xf8 CMakeFiles/mp3.dir/home/adam/.pico-sdk/sdk/2.1.1/src/rp2_common/hardware_i2c/i2c.c.o
 .text.i2c_set_baudrate
                0x10007bdc       0xc0 CMakeFiles/mp3.dir/home/adam/.pico-sdk/sdk/2.1.1/src/rp2_common/hardware_i2c/i2c.c.o
                0x10007bdc                i2c_set_baudrate
 .text.i2c_init
                0x10007c9c       0x50 CMakeFiles/mp3.dir/home/adam/.pico-sdk/sdk/2.1.1/src/rp2_common/hardware_i2c/i2c.c.o
                0x10007c9c                i2c_init
 .text.i2c_write_blocking
                0x10007cec       0x14 CMakeFiles/mp3.dir/home/adam/.pico-sdk/sdk/2.1.1/src/rp2_common/hardware_i2c/i2c.c.o
                0x10007cec                i2c_write_blocking
 .text.ff_memalloc
                0x10007d00        0x8 CMakeFiles/mp3.dir/lib/FatFs/FatFs_SPI/ff15/source/ffsystem.c.o
                0x10007d00                ff_memalloc
 .text.ff_memfree
                0x10007d08        0x8 CMakeFiles/mp3.dir/lib/FatFs/FatFs_SPI/ff15/source/ffsystem.c.o
                0x10007d08                ff_memfree
 .text.ff_uni2oem
                0x10007d10       0x40 CMakeFiles/mp3.dir/lib/FatFs/FatFs_SPI/ff15/source/ffunicode.c.o
                0x10007d10                ff_uni2oem
 .text.ff_wtoupper
                0x10007d50       0xb8 CMakeFiles/mp3.dir/lib/FatFs/FatFs_SPI/ff15/source/ffunicode.c.o
                0x10007d50                ff_wtoupper
 .text.inc_share
                0x10007e08      0x37c CMakeFiles/mp3.dir/lib/FatFs/FatFs_SPI/ff15/source/ff.c.o
 .text.dir_clear
                0x10008184      0x1b0 CMakeFiles/mp3.dir/lib/FatFs/FatFs_SPI/ff15/source/ff.c.o
 .text.init_alloc_info.isra.0
                0x10008334       0x6c CMakeFiles/mp3.dir/lib/FatFs/FatFs_SPI/ff15/source/ff.c.o
 .text.move_window
                0x100083a0       0xbc CMakeFiles/mp3.dir/lib/FatFs/FatFs_SPI/ff15/source/ff.c.o
 .text.put_fat.part.0
                0x1000845c      0x164 CMakeFiles/mp3.dir/lib/FatFs/FatFs_SPI/ff15/source/ff.c.o
 .text.get_fat  0x100085c0      0x1b0 CMakeFiles/mp3.dir/lib/FatFs/FatFs_SPI/ff15/source/ff.c.o
 .text.dir_next.constprop.0
                0x10008770       0xbc CMakeFiles/mp3.dir/lib/FatFs/FatFs_SPI/ff15/source/ff.c.o
 .text.check_fs
                0x1000882c      0x188 CMakeFiles/mp3.dir/lib/FatFs/FatFs_SPI/ff15/source/ff.c.o
 .text.mount_volume
                0x100089b4      0xac0 CMakeFiles/mp3.dir/lib/FatFs/FatFs_SPI/ff15/source/ff.c.o
 .text.load_xdir
                0x10009474      0x1c0 CMakeFiles/mp3.dir/lib/FatFs/FatFs_SPI/ff15/source/ff.c.o
 .text.dir_read.constprop.0
                0x10009634      0x518 CMakeFiles/mp3.dir/lib/FatFs/FatFs_SPI/ff15/source/ff.c.o
 .text.dir_sdi  0x10009b4c      0x2f4 CMakeFiles/mp3.dir/lib/FatFs/FatFs_SPI/ff15/source/ff.c.o
 .text.store_xdir
                0x10009e40      0x234 CMakeFiles/mp3.dir/lib/FatFs/FatFs_SPI/ff15/source/ff.c.o
 .text.dir_find
                0x1000a074      0x49c CMakeFiles/mp3.dir/lib/FatFs/FatFs_SPI/ff15/source/ff.c.o
 .text.follow_path
                0x1000a510      0x5b0 CMakeFiles/mp3.dir/lib/FatFs/FatFs_SPI/ff15/source/ff.c.o
 .text.remove_chain
                0x1000aac0      0x3e4 CMakeFiles/mp3.dir/lib/FatFs/FatFs_SPI/ff15/source/ff.c.o
 .text.create_chain
                0x1000aea4      0x4fc CMakeFiles/mp3.dir/lib/FatFs/FatFs_SPI/ff15/source/ff.c.o
 .text.dir_alloc
                0x1000b3a0      0x214 CMakeFiles/mp3.dir/lib/FatFs/FatFs_SPI/ff15/source/ff.c.o
 .text.dir_register
                0x1000b5b4      0x950 CMakeFiles/mp3.dir/lib/FatFs/FatFs_SPI/ff15/source/ff.c.o
 .text.f_mount  0x1000bf04      0x1c8 CMakeFiles/mp3.dir/lib/FatFs/FatFs_SPI/ff15/source/ff.c.o
                0x1000bf04                f_mount
 .text.f_open   0x1000c0cc      0x89c CMakeFiles/mp3.dir/lib/FatFs/FatFs_SPI/ff15/source/ff.c.o
                0x1000c0cc                f_open
 .text.f_read   0x1000c968      0x26c CMakeFiles/mp3.dir/lib/FatFs/FatFs_SPI/ff15/source/ff.c.o
                0x1000c968                f_read
 .text.f_gets   0x1000cbd4      0x46c CMakeFiles/mp3.dir/lib/FatFs/FatFs_SPI/ff15/source/ff.c.o
                0x1000cbd4                f_gets
 .text.sd_spi_go_high_frequency
                0x1000d040       0x10 CMakeFiles/mp3.dir/lib/FatFs/FatFs_SPI/sd_driver/sd_spi.c.o
                0x1000d040                sd_spi_go_high_frequency
 .text.sd_spi_go_low_frequency
                0x1000d050       0x14 CMakeFiles/mp3.dir/lib/FatFs/FatFs_SPI/sd_driver/sd_spi.c.o
                0x1000d050                sd_spi_go_low_frequency
 .text.sd_spi_deselect_pulse
                0x1000d064       0x44 CMakeFiles/mp3.dir/lib/FatFs/FatFs_SPI/sd_driver/sd_spi.c.o
                0x1000d064                sd_spi_deselect_pulse
 .text.sd_spi_acquire
                0x1000d0a8       0x30 CMakeFiles/mp3.dir/lib/FatFs/FatFs_SPI/sd_driver/sd_spi.c.o
                0x1000d0a8                sd_spi_acquire
 .text.sd_spi_release
                0x1000d0d8       0x30 CMakeFiles/mp3.dir/lib/FatFs/FatFs_SPI/sd_driver/sd_spi.c.o
                0x1000d0d8                sd_spi_release
 .text.sd_spi_transfer
                0x1000d108        0xc CMakeFiles/mp3.dir/lib/FatFs/FatFs_SPI/sd_driver/sd_spi.c.o
                0x1000d108                sd_spi_transfer
 .text.sd_spi_write
                0x1000d114       0x24 CMakeFiles/mp3.dir/lib/FatFs/FatFs_SPI/sd_driver/sd_spi.c.o
                0x1000d114                sd_spi_write
 .text.sd_spi_send_initializing_sequence
                0x1000d138       0x78 CMakeFiles/mp3.dir/lib/FatFs/FatFs_SPI/sd_driver/sd_spi.c.o
                0x1000d138                sd_spi_send_initializing_sequence
 .text.spi_lock
                0x1000d1b0        0xc CMakeFiles/mp3.dir/lib/FatFs/FatFs_SPI/sd_driver/spi.c.o
                0x1000d1b0                spi_lock
 .text.spi_unlock
                0x1000d1bc        0xc CMakeFiles/mp3.dir/lib/FatFs/FatFs_SPI/sd_driver/spi.c.o
                0x1000d1bc                spi_unlock
 .text.my_spi_init
                0x1000d1c8      0x1b4 CMakeFiles/mp3.dir/lib/FatFs/FatFs_SPI/sd_driver/spi.c.o
                0x1000d1c8                my_spi_init
 .text.sd_test_com
                0x1000d37c      0x1b8 CMakeFiles/mp3.dir/lib/FatFs/FatFs_SPI/sd_driver/sd_card.c.o
 .text.sd_cmd   0x1000d534      0x348 CMakeFiles/mp3.dir/lib/FatFs/FatFs_SPI/sd_driver/sd_card.c.o
 .text.sd_sectors_nolock
                0x1000d87c      0x178 CMakeFiles/mp3.dir/lib/FatFs/FatFs_SPI/sd_driver/sd_card.c.o
 .text.sd_read_blocks
                0x1000d9f4      0x190 CMakeFiles/mp3.dir/lib/FatFs/FatFs_SPI/sd_driver/sd_card.c.o
                0x1000d9f4                sd_read_blocks
 .text.sd_write_blocks
                0x1000db84      0x1fc CMakeFiles/mp3.dir/lib/FatFs/FatFs_SPI/sd_driver/sd_card.c.o
                0x1000db84                sd_write_blocks
 .text.sd_init  0x1000dd80      0x210 CMakeFiles/mp3.dir/lib/FatFs/FatFs_SPI/sd_driver/sd_card.c.o
 .text.sd_card_detect
                0x1000df90       0x44 CMakeFiles/mp3.dir/lib/FatFs/FatFs_SPI/sd_driver/sd_card.c.o
                0x1000df90                sd_card_detect
 .text.sd_init_driver
                0x1000dfd4      0x110 CMakeFiles/mp3.dir/lib/FatFs/FatFs_SPI/sd_driver/sd_card.c.o
                0x1000dfd4                sd_init_driver
 .text.crc7     0x1000e0e4       0x28 CMakeFiles/mp3.dir/lib/FatFs/FatFs_SPI/sd_driver/crc.c.o
                0x1000e0e4                crc7
 .text.crc16    0x1000e10c       0x30 CMakeFiles/mp3.dir/lib/FatFs/FatFs_SPI/sd_driver/crc.c.o
                0x1000e10c                crc16
 .text.disk_status
                0x1000e13c       0x18 CMakeFiles/mp3.dir/lib/FatFs/FatFs_SPI/src/glue.c.o
                0x1000e13c                disk_status
 .text.disk_initialize
                0x1000e154       0x2c CMakeFiles/mp3.dir/lib/FatFs/FatFs_SPI/src/glue.c.o
                0x1000e154                disk_initialize
 .text.disk_read
                0x1000e180       0x74 CMakeFiles/mp3.dir/lib/FatFs/FatFs_SPI/src/glue.c.o
                0x1000e180                disk_read
 .text.disk_write
                0x1000e1f4       0x74 CMakeFiles/mp3.dir/lib/FatFs/FatFs_SPI/src/glue.c.o
                0x1000e1f4                disk_write
 .text.FRESULT_str
                0x1000e268       0x18 CMakeFiles/mp3.dir/lib/FatFs/FatFs_SPI/src/f_util.c.o
                0x1000e268                FRESULT_str
 .text.get_fattime
                0x1000e280       0x64 CMakeFiles/mp3.dir/lib/FatFs/FatFs_SPI/src/rtc.c.o
                0x1000e280                get_fattime
 .text.spi_init
                0x1000e2e4      0x13c CMakeFiles/mp3.dir/home/adam/.pico-sdk/sdk/2.1.1/src/rp2_common/hardware_spi/spi.c.o
                0x1000e2e4                spi_init
 .text.spi_set_baudrate
                0x1000e420       0xb8 CMakeFiles/mp3.dir/home/adam/.pico-sdk/sdk/2.1.1/src/rp2_common/hardware_spi/spi.c.o
                0x1000e420                spi_set_baudrate
 .text.rtc_get_datetime
                0x1000e4d8       0x44 CMakeFiles/mp3.dir/home/adam/.pico-sdk/sdk/2.1.1/src/rp2_common/hardware_rtc/rtc.c.o
                0x1000e4d8                rtc_get_datetime
 .text.malloc   0x1000e51c       0x14 /home/adam/.pico-sdk/toolchain/14_2_Rel1/bin/../lib/gcc/arm-none-eabi/14.2.1/../../../../arm-none-eabi/lib/thumb/v6-m/nofp/libg.a(libc_a-malloc.o)
                0x1000e51c                malloc
 .text.free     0x1000e530       0x14 /home/adam/.pico-sdk/toolchain/14_2_Rel1/bin/../lib/gcc/arm-none-eabi/14.2.1/../../../../arm-none-eabi/lib/thumb/v6-m/nofp/libg.a(libc_a-malloc.o)
                0x1000e530                free
 .text._malloc_r
                0x1000e544      0x5cc /home/adam/.pico-sdk/toolchain/14_2_Rel1/bin/../lib/gcc/arm-none-eabi/14.2.1/../../../../arm-none-eabi/lib/thumb/v6-m/nofp/libg.a(libc_a-mallocr.o)
                0x1000e544                _malloc_r
 .text.__malloc_lock
                0x1000eb10       0x10 /home/adam/.pico-sdk/toolchain/14_2_Rel1/bin/../lib/gcc/arm-none-eabi/14.2.1/../../../../arm-none-eabi/lib/thumb/v6-m/nofp/libg.a(libc_a-mlock.o)
                0x1000eb10                __malloc_lock
 .text.__malloc_unlock
                0x1000eb20       0x10 /home/adam/.pico-sdk/toolchain/14_2_Rel1/bin/../lib/gcc/arm-none-eabi/14.2.1/../../../../arm-none-eabi/lib/thumb/v6-m/nofp/libg.a(libc_a-mlock.o)
                0x1000eb20                __malloc_unlock
 .text.memcmp   0x1000eb30       0x48 /home/adam/.pico-sdk/toolchain/14_2_Rel1/bin/../lib/gcc/arm-none-eabi/14.2.1/../../../../arm-none-eabi/lib/thumb/v6-m/nofp/libg.a(libc_a-memcmp.o)
                0x1000eb30                memcmp
 .text.strchr   0x1000eb78       0xc4 /home/adam/.pico-sdk/toolchain/14_2_Rel1/bin/../lib/gcc/arm-none-eabi/14.2.1/../../../../arm-none-eabi/lib/thumb/v6-m/nofp/libg.a(libc_a-strchr.o)
                0x1000eb78                strchr
 .text.strcspn  0x1000ec3c       0x40 /home/adam/.pico-sdk/toolchain/14_2_Rel1/bin/../lib/gcc/arm-none-eabi/14.2.1/../../../../arm-none-eabi/lib/thumb/v6-m/nofp/libg.a(libc_a-strcspn.o)
                0x1000ec3c                strcspn
 .text.strtok   0x1000ec7c       0x14 /home/adam/.pico-sdk/toolchain/14_2_Rel1/bin/../lib/gcc/arm-none-eabi/14.2.1/../../../../arm-none-eabi/lib/thumb/v6-m/nofp/libg.a(libc_a-strtok.o)
                0x1000ec7c                strtok
 .text.__strtok_r
                0x1000ec90       0x64 /home/adam/.pico-sdk/toolchain/14_2_Rel1/bin/../lib/gcc/arm-none-eabi/14.2.1/../../../../arm-none-eabi/lib/thumb/v6-m/nofp/libg.a(libc_a-strtok_r.o)
                0x1000ec90                __strtok_r
 .text.critical_factorization
                0x1000ecf4       0xcc /home/adam/.pico-sdk/toolchain/14_2_Rel1/bin/../lib/gcc/arm-none-eabi/14.2.1/../../../../arm-none-eabi/lib/thumb/v6-m/nofp/libg.a(libc_a-strstr.o)
 .text.two_way_long_needle
                0x1000edc0      0x20c /home/adam/.pico-sdk/toolchain/14_2_Rel1/bin/../lib/gcc/arm-none-eabi/14.2.1/../../../../arm-none-eabi/lib/thumb/v6-m/nofp/libg.a(libc_a-strstr.o)
 .text.strstr   0x1000efcc      0x184 /home/adam/.pico-sdk/toolchain/14_2_Rel1/bin/../lib/gcc/arm-none-eabi/14.2.1/../../../../arm-none-eabi/lib/thumb/v6-m/nofp/libg.a(libc_a-strstr.o)
                0x1000efcc                strstr
 .text._sbrk_r  0x1000f150       0x24 /home/adam/.pico-sdk/toolchain/14_2_Rel1/bin/../lib/gcc/arm-none-eabi/14.2.1/../../../../arm-none-eabi/lib/thumb/v6-m/nofp/libg.a(libc_a-sbrkr.o)
                0x1000f150                _sbrk_r
 .text.__errno  0x1000f174        0xc /home/adam/.pico-sdk/toolchain/14_2_Rel1/bin/../lib/gcc/arm-none-eabi/14.2.1/../../../../arm-none-eabi/lib/thumb/v6-m/nofp/libg.a(libc_a-errno.o)
                0x1000f174                __errno
 .text.__retarget_lock_acquire_recursive
                0x1000f180        0x4 /home/adam/.pico-sdk/toolchain/14_2_Rel1/bin/../lib/gcc/arm-none-eabi/14.2.1/../../../../arm-none-eabi/lib/thumb/v6-m/nofp/libg.a(libc_a-lock.o)
                0x1000f180                __retarget_lock_acquire_recursive
 .text.__retarget_lock_release_recursive
                0x1000f184        0x4 /home/adam/.pico-sdk/toolchain/14_2_Rel1/bin/../lib/gcc/arm-none-eabi/14.2.1/../../../../arm-none-eabi/lib/thumb/v6-m/nofp/libg.a(libc_a-lock.o)
                0x1000f184                __retarget_lock_release_recursive
 .text.sysconf  0x1000f188       0x1c /home/adam/.pico-sdk/toolchain/14_2_Rel1/bin/../lib/gcc/arm-none-eabi/14.2.1/../../../../arm-none-eabi/lib/thumb/v6-m/nofp/libg.a(libc_a-sysconf.o)
                0x1000f188                sysconf
 .text.strlen   0x1000f1a4       0x5c /home/adam/.pico-sdk/toolchain/14_2_Rel1/bin/../lib/gcc/arm-none-eabi/14.2.1/../../../../arm-none-eabi/lib/thumb/v6-m/nofp/libg.a(libc_a-strlen-stub.o)
                0x1000f1a4                strlen
 .text._malloc_trim_r
                0x1000f200       0xb4 /home/adam/.pico-sdk/toolchain/14_2_Rel1/bin/../lib/gcc/arm-none-eabi/14.2.1/../../../../arm-none-eabi/lib/thumb/v6-m/nofp/libg.a(libc_a-freer.o)
                0x1000f200                _malloc_trim_r
 .text._free_r  0x1000f2b4      0x1f0 /home/adam/.pico-sdk/toolchain/14_2_Rel1/bin/../lib/gcc/arm-none-eabi/14.2.1/../../../../arm-none-eabi/lib/thumb/v6-m/nofp/libg.a(libc_a-freer.o)
                0x1000f2b4                _free_r
 .text.strnlen  0x1000f4a4       0x20 /home/adam/.pico-sdk/toolchain/14_2_Rel1/bin/../lib/gcc/arm-none-eabi/14.2.1/../../../../arm-none-eabi/lib/thumb/v6-m/nofp/libg.a(libc_a-strnlen.o)
                0x1000f4a4                strnlen
 *(.fini)
 .fini          0x1000f4c4        0x4 /home/adam/.pico-sdk/toolchain/14_2_Rel1/bin/../lib/gcc/arm-none-eabi/14.2.1/thumb/v6-m/nofp/crti.o
                0x1000f4c4                _fini
 .fini.__stub   0x1000f4c8       0xf0 linker stubs
 *crtbegin.o(.ctors)
 *crtbegin?.o(.ctors)
 *(EXCLUDE_FILE(*crtend.o *crtend?.o) .ctors)
 *(SORT_BY_NAME(.ctors.*))
 *(.ctors)
 *crtbegin.o(.dtors)
 *crtbegin?.o(.dtors)
 *(EXCLUDE_FILE(*crtend.o *crtend?.o) .dtors)
 *(SORT_BY_NAME(.dtors.*))
 *(.dtors)
                0x1000f5b8                        . = ALIGN (0x4)
                0x1000f5b8                        PROVIDE (__preinit_array_start = .)
 *(SORT_BY_NAME(.preinit_array.*))
 .preinit_array.00100
                0x1000f5b8        0x4 CMakeFiles/mp3.dir/home/adam/.pico-sdk/sdk/2.1.1/src/rp2_common/pico_runtime_init/runtime_init.c.o
                0x1000f5b8                __pre_init_runtime_init_early_resets
 .preinit_array.00101
                0x1000f5bc        0x4 CMakeFiles/mp3.dir/home/adam/.pico-sdk/sdk/2.1.1/src/rp2_common/pico_runtime_init/runtime_init.c.o
                0x1000f5bc                __pre_init_runtime_init_usb_power_down
 .preinit_array.00275
                0x1000f5c0        0x4 CMakeFiles/mp3.dir/home/adam/.pico-sdk/sdk/2.1.1/src/rp2_common/pico_bit_ops/bit_ops_aeabi.S.o
 .preinit_array.00300
                0x1000f5c4        0x4 CMakeFiles/mp3.dir/home/adam/.pico-sdk/sdk/2.1.1/src/rp2_common/pico_mem_ops/mem_ops_aeabi.S.o
 .preinit_array.00350
                0x1000f5c8        0x4 CMakeFiles/mp3.dir/home/adam/.pico-sdk/sdk/2.1.1/src/rp2_common/pico_double/double_aeabi_rp2040.S.o
 .preinit_array.00350
                0x1000f5cc        0x4 CMakeFiles/mp3.dir/home/adam/.pico-sdk/sdk/2.1.1/src/rp2_common/pico_float/float_aeabi_rp2040.S.o
 .preinit_array.00500
                0x1000f5d0        0x4 CMakeFiles/mp3.dir/home/adam/.pico-sdk/sdk/2.1.1/src/rp2_common/pico_runtime_init/runtime_init.c.o
                0x1000f5d0                __pre_init_runtime_init_clocks
 .preinit_array.00600
                0x1000f5d4        0x4 CMakeFiles/mp3.dir/home/adam/.pico-sdk/sdk/2.1.1/src/rp2_common/pico_runtime_init/runtime_init.c.o
                0x1000f5d4                __pre_init_runtime_init_post_clock_resets
 .preinit_array.00700
                0x1000f5d8        0x4 CMakeFiles/mp3.dir/home/adam/.pico-sdk/sdk/2.1.1/src/rp2_common/pico_runtime_init/runtime_init.c.o
                0x1000f5d8                __pre_init_runtime_init_rp2040_gpio_ie_disable
 .preinit_array.01000
                0x1000f5dc        0x4 CMakeFiles/mp3.dir/home/adam/.pico-sdk/sdk/2.1.1/src/rp2_common/pico_runtime_init/runtime_init.c.o
                0x1000f5dc                __pre_init_runtime_init_spin_locks_reset
 .preinit_array.01100
                0x1000f5e0        0x4 CMakeFiles/mp3.dir/home/adam/.pico-sdk/sdk/2.1.1/src/common/pico_sync/mutex.c.o
                0x1000f5e0                __pre_init_runtime_init_mutex
 .preinit_array.10080
                0x1000f5e4        0x4 CMakeFiles/mp3.dir/home/adam/.pico-sdk/sdk/2.1.1/src/rp2_common/pico_runtime_init/runtime_init.c.o
                0x1000f5e4                __pre_init_runtime_init_install_ram_vector_table
 .preinit_array.11000
                0x1000f5e8        0x4 CMakeFiles/mp3.dir/home/adam/.pico-sdk/sdk/2.1.1/src/common/pico_time/time.c.o
                0x1000f5e8                __pre_init_runtime_init_default_alarm_pool
 .preinit_array.YYYYY
                0x1000f5ec        0x4 CMakeFiles/mp3.dir/home/adam/.pico-sdk/sdk/2.1.1/src/rp2_common/pico_runtime/runtime.c.o
                0x1000f5ec                __pre_init_first_per_core_initializer
 .preinit_array.ZZZZZ.01200
                0x1000f5f0        0x4 CMakeFiles/mp3.dir/home/adam/.pico-sdk/sdk/2.1.1/src/rp2_common/hardware_irq/irq.c.o
                0x1000f5f0                __pre_init_runtime_init_per_core_irq_priorities
 *(.preinit_array)
                0x1000f5f4                        PROVIDE (__preinit_array_end = .)
                0x1000f5f4                        . = ALIGN (0x4)
                0x1000f5f4                        PROVIDE (__init_array_start = .)
 *(SORT_BY_NAME(.init_array.*))
 *(.init_array)
 .init_array    0x1000f5f4        0x4 /home/adam/.pico-sdk/toolchain/14_2_Rel1/bin/../lib/gcc/arm-none-eabi/14.2.1/thumb/v6-m/nofp/crtbegin.o
 .init_array    0x1000f5f8        0x4 CMakeFiles/mp3.dir/home/adam/.pico-sdk/sdk/2.1.1/src/rp2_common/pico_unique_id/unique_id.c.o
                0x1000f5fc                        PROVIDE (__init_array_end = .)
                0x1000f5fc                        . = ALIGN (0x4)
                [!provide]                        PROVIDE (__fini_array_start = .)
 *(SORT_BY_NAME(.fini_array.*))
 *(.fini_array)
                [!provide]                        PROVIDE (__fini_array_end = .)
 *(.eh_frame*)
 .eh_frame      0x1000f5fc        0x0 /home/adam/.pico-sdk/toolchain/14_2_Rel1/bin/../lib/gcc/arm-none-eabi/14.2.1/thumb/v6-m/nofp/crtbegin.o
                0x1000f5fc                        . = ALIGN (0x4)

.glue_7         0x1000f5fc        0x0
 .glue_7        0x1000f5fc        0x0 linker stubs

.glue_7t        0x1000f5fc        0x0
 .glue_7t       0x1000f5fc        0x0 linker stubs

.vfp11_veneer   0x1000f5fc        0x0
 .vfp11_veneer  0x1000f5fc        0x0 linker stubs

.v4_bx          0x1000f5fc        0x0
 .v4_bx         0x1000f5fc        0x0 linker stubs

.iplt           0x1000f5fc        0x0
 .iplt          0x1000f5fc        0x0 /home/adam/.pico-sdk/toolchain/14_2_Rel1/bin/../lib/gcc/arm-none-eabi/14.2.1/thumb/v6-m/nofp/crtbegin.o

.rodata         0x1000f600     0x1b50
 *(EXCLUDE_FILE(*libm.a: *libc.a:*lib_a-mem*.o *libgcc.a:) .rodata*)
 .rodata.main.str1.4
                0x1000f600      0x62f CMakeFiles/mp3.dir/main.cpp.o
                                 0x69 (size before relaxing)
 *fill*         0x1000fc2f        0x1 
 .rodata        0x1000fc30       0x31 CMakeFiles/mp3.dir/main.cpp.o
 *fill*         0x1000fc61        0x3 
 .rodata._ZZ9oled_initvE9init_cmds
                0x1000fc64       0x19 CMakeFiles/mp3.dir/src/oled.cpp.o
 .rodata._Z6sdTestv.str1.4
                0x1000fc7d       0xf3 CMakeFiles/mp3.dir/src/sdcard.cpp.o
 .rodata.str1.4
                0x1000fc7d        0x3 CMakeFiles/mp3.dir/src/hw_config.c.o
 *fill*         0x1000fc7d        0x3 
 .rodata._ZL8fontData
                0x1000fc80      0x23a CMakeFiles/mp3.dir/src/fonts/small.cpp.o
 *fill*         0x1000feba        0x2 
 .rodata._ZL8fontData
                0x1000febc      0x5f0 CMakeFiles/mp3.dir/src/fonts/medium.cpp.o
 .rodata.panic.str1.4
                0x100104ac       0x12 CMakeFiles/mp3.dir/home/adam/.pico-sdk/sdk/2.1.1/src/rp2_common/pico_platform_panic/panic.c.o
 .rodata.spin_lock_claim_unused.str1.4
                0x100104ac       0x1b CMakeFiles/mp3.dir/home/adam/.pico-sdk/sdk/2.1.1/src/rp2_common/hardware_sync/sync.c.o
 .rodata.user_irq_claim_unused.str1.4
                0x100104ac       0x1b CMakeFiles/mp3.dir/home/adam/.pico-sdk/sdk/2.1.1/src/rp2_common/hardware_irq/irq.c.o
 .rodata.timer_hardware_alarm_claim.str1.4
                0x100104ac       0x22 CMakeFiles/mp3.dir/home/adam/.pico-sdk/sdk/2.1.1/src/rp2_common/hardware_timer/timer.c.o
 .rodata.hard_assertion_failure.str1.4
                0x100104ac        0xc CMakeFiles/mp3.dir/home/adam/.pico-sdk/sdk/2.1.1/src/rp2_common/pico_runtime/runtime.c.o
 .rodata.__wrap_malloc.str1.4
                0x100104ac        0xe CMakeFiles/mp3.dir/home/adam/.pico-sdk/sdk/2.1.1/src/rp2_common/pico_malloc/malloc.c.o
 .rodata.str1.4
                0x100104ac       0x3c CMakeFiles/mp3.dir/home/adam/.pico-sdk/sdk/2.1.1/src/rp2_common/pico_standard_binary_info/standard_binary_info.c.o
 .rodata.__bi_84
                0x100104ac        0xc CMakeFiles/mp3.dir/home/adam/.pico-sdk/sdk/2.1.1/src/rp2_common/pico_standard_binary_info/standard_binary_info.c.o
 .rodata.__bi_78
                0x100104b8        0xc CMakeFiles/mp3.dir/home/adam/.pico-sdk/sdk/2.1.1/src/rp2_common/pico_standard_binary_info/standard_binary_info.c.o
 .rodata.__bi_60
                0x100104c4        0xc CMakeFiles/mp3.dir/home/adam/.pico-sdk/sdk/2.1.1/src/rp2_common/pico_standard_binary_info/standard_binary_info.c.o
 .rodata.__bi_54
                0x100104d0        0xc CMakeFiles/mp3.dir/home/adam/.pico-sdk/sdk/2.1.1/src/rp2_common/pico_standard_binary_info/standard_binary_info.c.o
 .rodata.__bi_48
                0x100104dc        0xc CMakeFiles/mp3.dir/home/adam/.pico-sdk/sdk/2.1.1/src/rp2_common/pico_standard_binary_info/standard_binary_info.c.o
 .rodata.__bi_42
                0x100104e8        0xc CMakeFiles/mp3.dir/home/adam/.pico-sdk/sdk/2.1.1/src/rp2_common/pico_standard_binary_info/standard_binary_info.c.o
 .rodata.__bi_34
                0x100104f4        0xc CMakeFiles/mp3.dir/home/adam/.pico-sdk/sdk/2.1.1/src/rp2_common/pico_standard_binary_info/standard_binary_info.c.o
 .rodata.__bi_26
                0x10010500        0xc CMakeFiles/mp3.dir/home/adam/.pico-sdk/sdk/2.1.1/src/rp2_common/pico_standard_binary_info/standard_binary_info.c.o
 .rodata._ftoa.str1.4
                0x1001050c       0x15 CMakeFiles/mp3.dir/home/adam/.pico-sdk/sdk/2.1.1/src/rp2_common/pico_printf/printf.c.o
 .rodata._vsnprintf
                0x1001050c      0x19c CMakeFiles/mp3.dir/home/adam/.pico-sdk/sdk/2.1.1/src/rp2_common/pico_printf/printf.c.o
 .rodata.pow10.0
                0x100106a8       0x50 CMakeFiles/mp3.dir/home/adam/.pico-sdk/sdk/2.1.1/src/rp2_common/pico_printf/printf.c.o
 .rodata.crlf_str.0
                0x100106f8        0x2 CMakeFiles/mp3.dir/home/adam/.pico-sdk/sdk/2.1.1/src/rp2_common/pico_stdio/stdio.c.o
 *fill*         0x100106fa        0x2 
 .rodata._resetd_driver
                0x100106fc       0x20 CMakeFiles/mp3.dir/home/adam/.pico-sdk/sdk/2.1.1/src/rp2_common/pico_stdio_usb/reset_interface.c.o
 .rodata.desc_ms_os_20
                0x1001071c       0xa6 CMakeFiles/mp3.dir/home/adam/.pico-sdk/sdk/2.1.1/src/rp2_common/pico_stdio_usb/reset_interface.c.o
 *fill*         0x100107c2        0x2 
 .rodata.desc_bos
                0x100107c4       0x21 CMakeFiles/mp3.dir/home/adam/.pico-sdk/sdk/2.1.1/src/rp2_common/pico_stdio_usb/reset_interface.c.o
                0x100107c4                desc_bos
 .rodata.str1.4
                0x100107e5       0x13 CMakeFiles/mp3.dir/home/adam/.pico-sdk/sdk/2.1.1/src/rp2_common/pico_stdio_usb/stdio_usb.c.o
 *fill*         0x100107e5        0x3 
 .rodata.__bi_197.0
                0x100107e8        0xc CMakeFiles/mp3.dir/home/adam/.pico-sdk/sdk/2.1.1/src/rp2_common/pico_stdio_usb/stdio_usb.c.o
 .rodata.str1.4
                0x100107f4       0x2a CMakeFiles/mp3.dir/home/adam/.pico-sdk/sdk/2.1.1/src/rp2_common/pico_stdio_usb/stdio_usb_descriptors.c.o
 .rodata.usbd_desc_str
                0x100107f4       0x18 CMakeFiles/mp3.dir/home/adam/.pico-sdk/sdk/2.1.1/src/rp2_common/pico_stdio_usb/stdio_usb_descriptors.c.o
 .rodata.usbd_desc_cfg
                0x1001080c       0x54 CMakeFiles/mp3.dir/home/adam/.pico-sdk/sdk/2.1.1/src/rp2_common/pico_stdio_usb/stdio_usb_descriptors.c.o
 .rodata.usbd_desc_device
                0x10010860       0x12 CMakeFiles/mp3.dir/home/adam/.pico-sdk/sdk/2.1.1/src/rp2_common/pico_stdio_usb/stdio_usb_descriptors.c.o
 .rodata.str1.4
                0x10010872       0x14 CMakeFiles/mp3.dir/home/adam/.pico-sdk/sdk/2.1.1/lib/tinyusb/src/portable/raspberrypi/rp2040/dcd_rp2040.c.o
 .rodata.str1.4
                0x10010872       0x48 CMakeFiles/mp3.dir/home/adam/.pico-sdk/sdk/2.1.1/lib/tinyusb/src/portable/raspberrypi/rp2040/rp2040_usb.c.o
 *fill*         0x10010872        0x2 
 .rodata.tud_task_ext
                0x10010874       0x8c CMakeFiles/mp3.dir/home/adam/.pico-sdk/sdk/2.1.1/lib/tinyusb/src/device/usbd.c.o
 .rodata        0x10010900       0x1c CMakeFiles/mp3.dir/home/adam/.pico-sdk/sdk/2.1.1/lib/tinyusb/src/device/usbd.c.o
 .rodata._usbd_driver
                0x1001091c       0x40 CMakeFiles/mp3.dir/home/adam/.pico-sdk/sdk/2.1.1/lib/tinyusb/src/device/usbd.c.o
 .rodata.dma_claim_unused_channel.str1.4
                0x1001095c       0x1e CMakeFiles/mp3.dir/home/adam/.pico-sdk/sdk/2.1.1/src/rp2_common/hardware_dma/dma.c.o
 .rodata.ff_wtoupper
                0x1001095c       0x24 CMakeFiles/mp3.dir/lib/FatFs/FatFs_SPI/ff15/source/ffunicode.c.o
 .rodata.cvt2.0
                0x10010980       0xbc CMakeFiles/mp3.dir/lib/FatFs/FatFs_SPI/ff15/source/ffunicode.c.o
 .rodata.cvt1.1
                0x10010a3c      0x1f2 CMakeFiles/mp3.dir/lib/FatFs/FatFs_SPI/ff15/source/ffunicode.c.o
 *fill*         0x10010c2e        0x2 
 .rodata.uc437  0x10010c30      0x100 CMakeFiles/mp3.dir/lib/FatFs/FatFs_SPI/ff15/source/ffunicode.c.o
 .rodata.check_fs.str1.4
                0x10010d30       0x15 CMakeFiles/mp3.dir/lib/FatFs/FatFs_SPI/ff15/source/ff.c.o
 .rodata.follow_path.str1.4
                0x10010d30       0x13 CMakeFiles/mp3.dir/lib/FatFs/FatFs_SPI/ff15/source/ff.c.o
 .rodata.ExCvt  0x10010d30       0x80 CMakeFiles/mp3.dir/lib/FatFs/FatFs_SPI/ff15/source/ff.c.o
 .rodata.LfnOfs
                0x10010db0        0xd CMakeFiles/mp3.dir/lib/FatFs/FatFs_SPI/ff15/source/ff.c.o
 *fill*         0x10010dbd        0x3 
 .rodata.GUID_MS_Basic
                0x10010dc0       0x10 CMakeFiles/mp3.dir/lib/FatFs/FatFs_SPI/ff15/source/ff.c.o
 .rodata        0x10010dd0       0x2c CMakeFiles/mp3.dir/lib/FatFs/FatFs_SPI/ff15/source/ff.c.o
 .rodata.dummy.2
                0x10010dfc        0x1 CMakeFiles/mp3.dir/lib/FatFs/FatFs_SPI/sd_driver/spi.c.o
 .rodata.sd_init.str1.4
                0x10010dfd       0x16 CMakeFiles/mp3.dir/lib/FatFs/FatFs_SPI/sd_driver/sd_card.c.o
 *fill*         0x10010dfd        0x3 
 .rodata.m_Crc16Table
                0x10010e00      0x200 CMakeFiles/mp3.dir/lib/FatFs/FatFs_SPI/sd_driver/crc.c.o
 .rodata.m_Crc7Table
                0x10011000      0x100 CMakeFiles/mp3.dir/lib/FatFs/FatFs_SPI/sd_driver/crc.c.o
 .rodata.FRESULT_str.str1.4
                0x10011100        0x8 CMakeFiles/mp3.dir/lib/FatFs/FatFs_SPI/src/f_util.c.o
 .rodata.str1.4
                0x10011100      0x303 CMakeFiles/mp3.dir/lib/FatFs/FatFs_SPI/src/f_util.c.o
 .rodata.CSWTCH.3
                0x10011100       0x50 CMakeFiles/mp3.dir/lib/FatFs/FatFs_SPI/src/f_util.c.o
                0x10011404                        . = ALIGN (0x4)
 *(SORT_BY_ALIGNMENT(SORT_BY_NAME(.flashdata*)))
                0x10011404                        . = ALIGN (0x4)

.ARM.extab
 *(.ARM.extab* .gnu.linkonce.armextab.*)
                0x10011150                        __exidx_start = .

.ARM.exidx
 *(.ARM.exidx* .gnu.linkonce.armexidx.*)
                0x10011150                        __exidx_end = .
                0x10011404                        . = ALIGN (0x4)
                0x10011150                        __binary_info_start = .

.binary_info    0x10011150       0x24
 *(.binary_info.keep.*)
 .binary_info.keep.__bi_ptr84
                0x10011150        0x4 CMakeFiles/mp3.dir/home/adam/.pico-sdk/sdk/2.1.1/src/rp2_common/pico_standard_binary_info/standard_binary_info.c.o
 .binary_info.keep.__bi_ptr78
                0x10011154        0x4 CMakeFiles/mp3.dir/home/adam/.pico-sdk/sdk/2.1.1/src/rp2_common/pico_standard_binary_info/standard_binary_info.c.o
 .binary_info.keep.__bi_ptr60
                0x10011158        0x4 CMakeFiles/mp3.dir/home/adam/.pico-sdk/sdk/2.1.1/src/rp2_common/pico_standard_binary_info/standard_binary_info.c.o
 .binary_info.keep.__bi_ptr54
                0x1001115c        0x4 CMakeFiles/mp3.dir/home/adam/.pico-sdk/sdk/2.1.1/src/rp2_common/pico_standard_binary_info/standard_binary_info.c.o
 .binary_info.keep.__bi_ptr48
                0x10011160        0x4 CMakeFiles/mp3.dir/home/adam/.pico-sdk/sdk/2.1.1/src/rp2_common/pico_standard_binary_info/standard_binary_info.c.o
 .binary_info.keep.__bi_ptr42
                0x10011164        0x4 CMakeFiles/mp3.dir/home/adam/.pico-sdk/sdk/2.1.1/src/rp2_common/pico_standard_binary_info/standard_binary_info.c.o
 .binary_info.keep.__bi_ptr34
                0x10011168        0x4 CMakeFiles/mp3.dir/home/adam/.pico-sdk/sdk/2.1.1/src/rp2_common/pico_standard_binary_info/standard_binary_info.c.o
 .binary_info.keep.__bi_ptr26
                0x1001116c        0x4 CMakeFiles/mp3.dir/home/adam/.pico-sdk/sdk/2.1.1/src/rp2_common/pico_standard_binary_info/standard_binary_info.c.o
 *(.binary_info.*)
 .binary_info.__bi_ptr197
                0x10011170        0x4 CMakeFiles/mp3.dir/home/adam/.pico-sdk/sdk/2.1.1/src/rp2_common/pico_stdio_usb/stdio_usb.c.o
                0x10011174                        __binary_info_end = .

.rel.dyn        0x10011174        0x0
 .rel.iplt      0x10011174        0x0 /home/adam/.pico-sdk/toolchain/14_2_Rel1/bin/../lib/gcc/arm-none-eabi/14.2.1/thumb/v6-m/nofp/crtbegin.o
                0x10011174                        . = ALIGN (0x4)

.ram_vector_table
                0x20000000       0xc0
 *(.ram_vector_table)
 .ram_vector_table
                0x20000000       0xc0 CMakeFiles/mp3.dir/home/adam/.pico-sdk/sdk/2.1.1/src/rp2_common/pico_runtime_init/runtime_init.c.o
                0x20000000                ram_vector_table

.uninitialized_data
                0x200000c0        0x0
                0x200000c0                        . = ALIGN (0x4)
 *(.uninitialized_data*)

.data           0x200000c0     0x1b30 load address 0x10011174
                0x200000c0                        __data_start__ = .
 *(vtable)
 *(.time_critical*)
 .time_critical.sem_acquire_timeout_ms
                0x200000c0       0x7c CMakeFiles/mp3.dir/home/adam/.pico-sdk/sdk/2.1.1/src/common/pico_sync/sem.c.o
                0x200000c0                sem_acquire_timeout_ms
 .time_critical.sem_release
                0x2000013c       0x48 CMakeFiles/mp3.dir/home/adam/.pico-sdk/sdk/2.1.1/src/common/pico_sync/sem.c.o
                0x2000013c                sem_release
 .time_critical.sem_reset
                0x20000184       0x40 CMakeFiles/mp3.dir/home/adam/.pico-sdk/sdk/2.1.1/src/common/pico_sync/sem.c.o
                0x20000184                sem_reset
 .time_critical.mutex_enter_blocking
                0x200001c4       0x44 CMakeFiles/mp3.dir/home/adam/.pico-sdk/sdk/2.1.1/src/common/pico_sync/mutex.c.o
                0x200001c4                mutex_enter_blocking
 .time_critical.mutex_try_enter
                0x20000208       0x40 CMakeFiles/mp3.dir/home/adam/.pico-sdk/sdk/2.1.1/src/common/pico_sync/mutex.c.o
                0x20000208                mutex_try_enter
 .time_critical.mutex_try_enter_block_until
                0x20000248       0x98 CMakeFiles/mp3.dir/home/adam/.pico-sdk/sdk/2.1.1/src/common/pico_sync/mutex.c.o
                0x20000248                mutex_try_enter_block_until
 .time_critical.mutex_enter_timeout_ms
                0x200002e0       0x8c CMakeFiles/mp3.dir/home/adam/.pico-sdk/sdk/2.1.1/src/common/pico_sync/mutex.c.o
                0x200002e0                mutex_enter_timeout_ms
 .time_critical.mutex_exit
                0x2000036c       0x28 CMakeFiles/mp3.dir/home/adam/.pico-sdk/sdk/2.1.1/src/common/pico_sync/mutex.c.o
                0x2000036c                mutex_exit
 .time_critical.flash_init_boot2_copyout
                0x20000394       0x30 CMakeFiles/mp3.dir/home/adam/.pico-sdk/sdk/2.1.1/src/rp2_common/hardware_flash/flash.c.o
 .time_critical.flash_enable_xip_via_boot2
                0x200003c4        0xc CMakeFiles/mp3.dir/home/adam/.pico-sdk/sdk/2.1.1/src/rp2_common/hardware_flash/flash.c.o
 .time_critical.flash_cs_force
                0x200003d0       0x38 CMakeFiles/mp3.dir/home/adam/.pico-sdk/sdk/2.1.1/src/rp2_common/hardware_flash/flash.c.o
 .time_critical.flash_do_cmd
                0x20000408      0x130 CMakeFiles/mp3.dir/home/adam/.pico-sdk/sdk/2.1.1/src/rp2_common/hardware_flash/flash.c.o
                0x20000408                flash_do_cmd
 .time_critical.reset_non_control_endpoints
                0x20000538       0x68 CMakeFiles/mp3.dir/home/adam/.pico-sdk/sdk/2.1.1/lib/tinyusb/src/portable/raspberrypi/rp2040/dcd_rp2040.c.o
 .time_critical.hw_handle_buff_status
                0x200005a0       0xa0 CMakeFiles/mp3.dir/home/adam/.pico-sdk/sdk/2.1.1/lib/tinyusb/src/portable/raspberrypi/rp2040/dcd_rp2040.c.o
 .time_critical.dcd_rp2040_irq
                0x20000640      0x548 CMakeFiles/mp3.dir/home/adam/.pico-sdk/sdk/2.1.1/lib/tinyusb/src/portable/raspberrypi/rp2040/dcd_rp2040.c.o
 .time_critical.prepare_ep_buffer
                0x20000b88       0xc8 CMakeFiles/mp3.dir/home/adam/.pico-sdk/sdk/2.1.1/lib/tinyusb/src/portable/raspberrypi/rp2040/rp2040_usb.c.o
 .time_critical.sync_ep_buffer
                0x20000c50       0x9c CMakeFiles/mp3.dir/home/adam/.pico-sdk/sdk/2.1.1/lib/tinyusb/src/portable/raspberrypi/rp2040/rp2040_usb.c.o
 .time_critical._hw_endpoint_xfer_sync
                0x20000cec       0x28 CMakeFiles/mp3.dir/home/adam/.pico-sdk/sdk/2.1.1/lib/tinyusb/src/portable/raspberrypi/rp2040/rp2040_usb.c.o
 .time_critical.e15_is_bulkin_ep
                0x20000d14       0x28 CMakeFiles/mp3.dir/home/adam/.pico-sdk/sdk/2.1.1/lib/tinyusb/src/portable/raspberrypi/rp2040/rp2040_usb.c.o
 .time_critical.e15_is_critical_frame_period
                0x20000d3c       0x34 CMakeFiles/mp3.dir/home/adam/.pico-sdk/sdk/2.1.1/lib/tinyusb/src/portable/raspberrypi/rp2040/rp2040_usb.c.o
 .time_critical.hw_endpoint_reset_transfer
                0x20000d70        0xc CMakeFiles/mp3.dir/home/adam/.pico-sdk/sdk/2.1.1/lib/tinyusb/src/portable/raspberrypi/rp2040/rp2040_usb.c.o
                0x20000d70                hw_endpoint_reset_transfer
 .time_critical._hw_endpoint_buffer_control_update32
                0x20000d7c       0x50 CMakeFiles/mp3.dir/home/adam/.pico-sdk/sdk/2.1.1/lib/tinyusb/src/portable/raspberrypi/rp2040/rp2040_usb.c.o
                0x20000d7c                _hw_endpoint_buffer_control_update32
 .time_critical.hw_endpoint_start_next_buffer
                0x20000dcc       0x68 CMakeFiles/mp3.dir/home/adam/.pico-sdk/sdk/2.1.1/lib/tinyusb/src/portable/raspberrypi/rp2040/rp2040_usb.c.o
                0x20000dcc                hw_endpoint_start_next_buffer
 .time_critical.hw_endpoint_xfer_continue
                0x20000e34       0x40 CMakeFiles/mp3.dir/home/adam/.pico-sdk/sdk/2.1.1/lib/tinyusb/src/portable/raspberrypi/rp2040/rp2040_usb.c.o
                0x20000e34                hw_endpoint_xfer_continue
 .time_critical.tinyusb
                0x20000e74      0x1e4 CMakeFiles/mp3.dir/home/adam/.pico-sdk/sdk/2.1.1/lib/tinyusb/src/device/usbd.c.o
                0x20000e74                dcd_event_handler
 .time_critical.spi_irq_handler_0
                0x20001058       0x44 CMakeFiles/mp3.dir/lib/FatFs/FatFs_SPI/sd_driver/spi.c.o
 .time_critical.spi_irq_handler_1
                0x2000109c       0x44 CMakeFiles/mp3.dir/lib/FatFs/FatFs_SPI/sd_driver/spi.c.o
 .time_critical.spi_transfer
                0x200010e0       0xd0 CMakeFiles/mp3.dir/lib/FatFs/FatFs_SPI/sd_driver/spi.c.o
                0x200010e0                spi_transfer
 .time_critical.spi_write_blocking
                0x200011b0       0x4c CMakeFiles/mp3.dir/home/adam/.pico-sdk/sdk/2.1.1/src/rp2_common/hardware_spi/spi.c.o
                0x200011b0                spi_write_blocking
 *(.text*)
 .text          0x200011fc        0x4 /home/adam/.pico-sdk/toolchain/14_2_Rel1/bin/../lib/gcc/arm-none-eabi/14.2.1/thumb/v6-m/nofp/libgcc.a(_dvmd_tls.o)
                0x200011fc                __aeabi_ldiv0
                0x200011fc                __aeabi_idiv0
 .text.__stub   0x20001200       0xa0 linker stubs
                0x200012a0                        . = ALIGN (0x4)
 *(.rodata*)
                0x200012a0                        . = ALIGN (0x4)
 *(.data*)
 .data.button_enabled
                0x200012a0        0x1 CMakeFiles/mp3.dir/main.cpp.o
                0x200012a0                button_enabled
 *fill*         0x200012a1        0x3 
 .data.battery_level
                0x200012a4        0x4 CMakeFiles/mp3.dir/main.cpp.o
                0x200012a4                battery_level
 .data.sd_cards
                0x200012a8      0x2b8 CMakeFiles/mp3.dir/src/hw_config.c.o
 .data.spis     0x20001560       0x44 CMakeFiles/mp3.dir/src/hw_config.c.o
 .data.striped_spin_lock_num
                0x200015a4        0x1 CMakeFiles/mp3.dir/home/adam/.pico-sdk/sdk/2.1.1/src/rp2_common/hardware_sync/sync.c.o
 *fill*         0x200015a5        0x3 
 .data          0x200015a8       0x48 CMakeFiles/mp3.dir/home/adam/.pico-sdk/sdk/2.1.1/src/rp2_common/hardware_irq/irq_handler_chain.S.o
                0x200015a8                irq_handler_chain_slots
                0x200015d8                irq_handler_chain_first_slot
                0x200015e2                irq_handler_chain_remove_tail
 .data.default_alarm_pool
                0x200015f0       0x18 CMakeFiles/mp3.dir/home/adam/.pico-sdk/sdk/2.1.1/src/common/pico_time/time.c.o