Archive member included to satisfy reference by file (symbol)

/home/adam/.pico-sdk/toolchain/14_2_Rel1/bin/../lib/gcc/arm-none-eabi/14.2.1/thumb/v6-m/nofp/libgcc.a(_dvmd_tls.o)
                              CMakeFiles/mp3.dir/home/adam/.pico-sdk/sdk/2.1.1/src/rp2_common/pico_divider/divider_hardware.S.o (__aeabi_idiv0)
/home/adam/.pico-sdk/toolchain/14_2_Rel1/bin/../lib/gcc/arm-none-eabi/14.2.1/../../../../arm-none-eabi/lib/thumb/v6-m/nofp/libg.a(libc_a-calloc.o)
                              CMakeFiles/mp3.dir/home/adam/.pico-sdk/sdk/2.1.1/src/rp2_common/pico_malloc/malloc.c.o (calloc)
/home/adam/.pico-sdk/toolchain/14_2_Rel1/bin/../lib/gcc/arm-none-eabi/14.2.1/../../../../arm-none-eabi/lib/thumb/v6-m/nofp/libg.a(libc_a-callocr.o)
                              /home/adam/.pico-sdk/toolchain/14_2_Rel1/bin/../lib/gcc/arm-none-eabi/14.2.1/../../../../arm-none-eabi/lib/thumb/v6-m/nofp/libg.a(libc_a-calloc.o) (_calloc_r)
/home/adam/.pico-sdk/toolchain/14_2_Rel1/bin/../lib/gcc/arm-none-eabi/14.2.1/../../../../arm-none-eabi/lib/thumb/v6-m/nofp/libg.a(libc_a-malloc.o)
                              CMakeFiles/mp3.dir/home/adam/.pico-sdk/sdk/2.1.1/src/rp2_common/pico_malloc/malloc.c.o (malloc)
/home/adam/.pico-sdk/toolchain/14_2_Rel1/bin/../lib/gcc/arm-none-eabi/14.2.1/../../../../arm-none-eabi/lib/thumb/v6-m/nofp/libg.a(libc_a-mallocr.o)
                              /home/adam/.pico-sdk/toolchain/14_2_Rel1/bin/../lib/gcc/arm-none-eabi/14.2.1/../../../../arm-none-eabi/lib/thumb/v6-m/nofp/libg.a(libc_a-callocr.o) (_malloc_r)
/home/adam/.pico-sdk/toolchain/14_2_Rel1/bin/../lib/gcc/arm-none-eabi/14.2.1/../../../../arm-none-eabi/lib/thumb/v6-m/nofp/libg.a(libc_a-mlock.o)
                              /home/adam/.pico-sdk/toolchain/14_2_Rel1/bin/../lib/gcc/arm-none-eabi/14.2.1/../../../../arm-none-eabi/lib/thumb/v6-m/nofp/libg.a(libc_a-mallocr.o) (__malloc_lock)
/home/adam/.pico-sdk/toolchain/14_2_Rel1/bin/../lib/gcc/arm-none-eabi/14.2.1/../../../../arm-none-eabi/lib/thumb/v6-m/nofp/libg.a(libc_a-realloc.o)
                              CMakeFiles/mp3.dir/home/adam/.pico-sdk/sdk/2.1.1/src/rp2_common/pico_malloc/malloc.c.o (realloc)
/home/adam/.pico-sdk/toolchain/14_2_Rel1/bin/../lib/gcc/arm-none-eabi/14.2.1/../../../../arm-none-eabi/lib/thumb/v6-m/nofp/libg.a(libc_a-reallocr.o)
                              /home/adam/.pico-sdk/toolchain/14_2_Rel1/bin/../lib/gcc/arm-none-eabi/14.2.1/../../../../arm-none-eabi/lib/thumb/v6-m/nofp/libg.a(libc_a-realloc.o) (_realloc_r)
/home/adam/.pico-sdk/toolchain/14_2_Rel1/bin/../lib/gcc/arm-none-eabi/14.2.1/../../../../arm-none-eabi/lib/thumb/v6-m/nofp/libg.a(libc_a-fclose.o)
                              CMakeFiles/mp3.dir/audio.cpp.o (fclose)
/home/adam/.pico-sdk/toolchain/14_2_Rel1/bin/../lib/gcc/arm-none-eabi/14.2.1/../../../../arm-none-eabi/lib/thumb/v6-m/nofp/libg.a(libc_a-fflush.o)
                              /home/adam/.pico-sdk/toolchain/14_2_Rel1/bin/../lib/gcc/arm-none-eabi/14.2.1/../../../../arm-none-eabi/lib/thumb/v6-m/nofp/libg.a(libc_a-fclose.o) (__sflush_r)
/home/adam/.pico-sdk/toolchain/14_2_Rel1/bin/../lib/gcc/arm-none-eabi/14.2.1/../../../../arm-none-eabi/lib/thumb/v6-m/nofp/libg.a(libc_a-findfp.o)
                              /home/adam/.pico-sdk/toolchain/14_2_Rel1/bin/../lib/gcc/arm-none-eabi/14.2.1/../../../../arm-none-eabi/lib/thumb/v6-m/nofp/libg.a(libc_a-fflush.o) (__sglue)
/home/adam/.pico-sdk/toolchain/14_2_Rel1/bin/../lib/gcc/arm-none-eabi/14.2.1/../../../../arm-none-eabi/lib/thumb/v6-m/nofp/libg.a(libc_a-fopen.o)
                              CMakeFiles/mp3.dir/audio.cpp.o (fopen)
/home/adam/.pico-sdk/toolchain/14_2_Rel1/bin/../lib/gcc/arm-none-eabi/14.2.1/../../../../arm-none-eabi/lib/thumb/v6-m/nofp/libg.a(libc_a-fread.o)
                              CMakeFiles/mp3.dir/audio.cpp.o (fread)
/home/adam/.pico-sdk/toolchain/14_2_Rel1/bin/../lib/gcc/arm-none-eabi/14.2.1/../../../../arm-none-eabi/lib/thumb/v6-m/nofp/libg.a(libc_a-fseek.o)
                              /home/adam/.pico-sdk/toolchain/14_2_Rel1/bin/../lib/gcc/arm-none-eabi/14.2.1/../../../../arm-none-eabi/lib/thumb/v6-m/nofp/libg.a(libc_a-fopen.o) (_fseek_r)
/home/adam/.pico-sdk/toolchain/14_2_Rel1/bin/../lib/gcc/arm-none-eabi/14.2.1/../../../../arm-none-eabi/lib/thumb/v6-m/nofp/libg.a(libc_a-fwalk.o)
                              /home/adam/.pico-sdk/toolchain/14_2_Rel1/bin/../lib/gcc/arm-none-eabi/14.2.1/../../../../arm-none-eabi/lib/thumb/v6-m/nofp/libg.a(libc_a-fflush.o) (_fwalk_sglue)
/home/adam/.pico-sdk/toolchain/14_2_Rel1/bin/../lib/gcc/arm-none-eabi/14.2.1/../../../../arm-none-eabi/lib/thumb/v6-m/nofp/libg.a(libc_a-refill.o)
                              /home/adam/.pico-sdk/toolchain/14_2_Rel1/bin/../lib/gcc/arm-none-eabi/14.2.1/../../../../arm-none-eabi/lib/thumb/v6-m/nofp/libg.a(libc_a-fread.o) (__srefill_r)
/home/adam/.pico-sdk/toolchain/14_2_Rel1/bin/../lib/gcc/arm-none-eabi/14.2.1/../../../../arm-none-eabi/lib/thumb/v6-m/nofp/libg.a(libc_a-stdio.o)
[...]
Memory Configuration

Name             Origin             Length             Attributes
FLASH            0x10000000         0x00200000         xr
RAM              0x20000000         0x00040000         xrw
SCRATCH_X        0x20040000         0x00001000         xrw
SCRATCH_Y        0x20041000         0x00001000         xrw
*default*        0x00000000         0xffffffff

Linker script and memory map

LOAD /home/adam/.pico-sdk/toolchain/14_2_Rel1/bin/../lib/gcc/arm-none-eabi/14.2.1/thumb/v6-m/nofp/crti.o
LOAD /home/adam/.pico-sdk/toolchain/14_2_Rel1/bin/../lib/gcc/arm-none-eabi/14.2.1/thumb/v6-m/nofp/crtbegin.o
LOAD /home/adam/.pico-sdk/toolchain/14_2_Rel1/bin/../lib/gcc/arm-none-eabi/14.2.1/../../../../arm-none-eabi/lib/thumb/v6-m/nofp/crt0.o

.flash_begin    0x10000000        0x0
                0x10000000                        __flash_binary_start = .

.boot2          0x10000000      0x100
                0x10000000                        __boot2_start__ = .
 *(.boot2)
 .boot2         0x10000000      0x100 pico-sdk/src/rp2040/boot_stage2/CMakeFiles/bs2_default_library.dir/bs2_default_padded_checksummed.S.o
                0x10000100                        __boot2_end__ = .
                0x00000001                        ASSERT (((__boot2_end__ - __boot2_start__) == 0x100), ERROR: Pico second stage bootloader must be 256 bytes in size)

.text           0x10000100     0x5084
                0x10000100                        __logical_binary_start = .
 *(.vectors)
 .vectors       0x10000100       0xd4 CMakeFiles/mp3.dir/home/adam/.pico-sdk/sdk/2.1.1/src/rp2_common/pico_crt0/crt0.S.o
                0x10000100                __vectors
                0x10000100                __VECTOR_TABLE
                0x100001c0                isr_invalid
                0x100001c0                __default_isrs_start
                0x100001c2                isr_nmi
                0x100001c4                isr_hardfault
                0x100001c6                isr_svcall
                0x100001c8                isr_pendsv
                0x100001ca                isr_systick
                0x100001cc                isr_irq30
                0x100001cc                __unhandled_user_irq
                0x100001cc                isr_irq13
                0x100001cc                isr_irq27
                0x100001cc                isr_irq31
                0x100001cc                isr_irq5
                0x100001cc                isr_irq11
                0x100001cc                isr_irq23
                0x100001cc                isr_irq18
                0x100001cc                isr_irq28
                0x100001cc                isr_irq19
                0x100001cc                isr_irq0
                0x100001cc                isr_irq6
                0x100001cc                isr_irq22
                0x100001cc                isr_irq17
                0x100001cc                isr_irq14
                0x100001cc                isr_irq2
                0x100001cc                isr_irq10
                0x100001cc                isr_irq8
                0x100001cc                isr_irq24
                0x100001cc                isr_irq1
                0x100001cc                isr_irq7
                0x100001cc                isr_irq21
                0x100001cc                isr_irq20
                0x100001cc                isr_irq15
                0x100001cc                isr_irq25
                0x100001cc                isr_irq4
                0x100001cc                isr_irq16
                0x100001cc                isr_irq29
                0x100001cc                isr_irq26
                0x100001cc                __default_isrs_end
                0x100001cc                isr_irq3
                0x100001cc                isr_irq12
                0x100001cc                isr_irq9
                0x100001d2                unhandled_user_irq_num_in_r0
 *(.binary_info_header)
 .binary_info_header
                0x100001d4       0x14 CMakeFiles/mp3.dir/home/adam/.pico-sdk/sdk/2.1.1/src/rp2_common/pico_crt0/crt0.S.o
                0x100001e8                        __binary_info_header_end = .
 *(.embedded_block)
                0x100001e8                        __embedded_block_end = .
 *(.reset)
 .reset         0x100001e8       0x9c CMakeFiles/mp3.dir/home/adam/.pico-sdk/sdk/2.1.1/src/rp2_common/pico_crt0/crt0.S.o
                0x100001e8                _entry_point
 *(.init)
 .init          0x10000284        0x4 /home/adam/.pico-sdk/toolchain/14_2_Rel1/bin/../lib/gcc/arm-none-eabi/14.2.1/thumb/v6-m/nofp/crti.o
                0x10000284                _init
 *(EXCLUDE_FILE(*libm.a: *libc.a:*lib_a-mem*.o *libgcc.a:) .text*)
 .text.register_tm_clones
                0x10000288       0x28 /home/adam/.pico-sdk/toolchain/14_2_Rel1/bin/../lib/gcc/arm-none-eabi/14.2.1/thumb/v6-m/nofp/crtbegin.o
 .text.frame_dummy
                0x100002b0       0x24 /home/adam/.pico-sdk/toolchain/14_2_Rel1/bin/../lib/gcc/arm-none-eabi/14.2.1/thumb/v6-m/nofp/crtbegin.o
 .text._Z15button_callbackjm
                0x100002d4       0x20 CMakeFiles/mp3.dir/main.cpp.o
                0x100002d4                button_callback(unsigned int, unsigned long)
 .text.startup.main
                0x100002f4       0x70 CMakeFiles/mp3.dir/main.cpp.o
                0x100002f4                main
 .text._Z9oled_initv
                0x10000364       0x70 CMakeFiles/mp3.dir/oled.cpp.o
                0x10000364                oled_init()
 .text._Z12oled_display8OledPage
                0x100003d4       0x8c CMakeFiles/mp3.dir/oled.cpp.o
                0x100003d4                oled_display(OledPage)
 .text._Z10oled_clearv
                0x10000460       0x14 CMakeFiles/mp3.dir/oled.cpp.o
                0x10000460                oled_clear()
 .text._Z12oled_batteryh
                0x10000474      0x138 CMakeFiles/mp3.dir/oled.cpp.o
                0x10000474                oled_battery(unsigned char)
 .text._Z17oled_print_artistPKc
                0x100005ac       0x84 CMakeFiles/mp3.dir/oled.cpp.o
                0x100005ac                oled_print_artist(char const*)
 .text._Z15oled_print_songPKc
                0x10000630       0xdc CMakeFiles/mp3.dir/oled.cpp.o
                0x10000630                oled_print_song(char const*)
 .text._Z14getCharBitmapSc
                0x1000070c       0x1c CMakeFiles/mp3.dir/fonts/small.cpp.o
                0x1000070c                getCharBitmapS(char)
 .text._Z14getCharBitmapMc
                0x10000728       0x18 CMakeFiles/mp3.dir/fonts/medium.cpp.o
                0x10000728                getCharBitmapM(char)
 .text.gpio_default_irq_handler
                0x10000740      0x2c8 CMakeFiles/mp3.dir/home/adam/.pico-sdk/sdk/2.1.1/src/rp2_common/hardware_gpio/gpio.c.o
 .text.gpio_set_function
                0x10000a08       0x34 CMakeFiles/mp3.dir/home/adam/.pico-sdk/sdk/2.1.1/src/rp2_common/hardware_gpio/gpio.c.o
                0x10000a08                gpio_set_function
 .text.gpio_set_pulls
                0x10000a3c       0x28 CMakeFiles/mp3.dir/home/adam/.pico-sdk/sdk/2.1.1/src/rp2_common/hardware_gpio/gpio.c.o
                0x10000a3c                gpio_set_pulls
 .text.gpio_set_irq_enabled_with_callback
                0x10000a64       0xd0 CMakeFiles/mp3.dir/home/adam/.pico-sdk/sdk/2.1.1/src/rp2_common/hardware_gpio/gpio.c.o
                0x10000a64                gpio_set_irq_enabled_with_callback
 .text.gpio_init
                0x10000b34       0x40 CMakeFiles/mp3.dir/home/adam/.pico-sdk/sdk/2.1.1/src/rp2_common/hardware_gpio/gpio.c.o
                0x10000b34                gpio_init
 .text.rp2040_chip_version
                0x10000b74        0xc CMakeFiles/mp3.dir/home/adam/.pico-sdk/sdk/2.1.1/src/rp2040/pico_platform/platform.c.o
                0x10000b74                rp2040_chip_version
 .text.panic    0x10000b80       0x30 CMakeFiles/mp3.dir/home/adam/.pico-sdk/sdk/2.1.1/src/rp2_common/pico_platform_panic/panic.c.o
                0x10000b80                panic
 .text.hw_claim_or_assert
                0x10000bb0       0x44 CMakeFiles/mp3.dir/home/adam/.pico-sdk/sdk/2.1.1/src/common/hardware_claim/claim.c.o
                0x10000bb0                hw_claim_or_assert
 .text.hw_claim_unused_from_range
                0x10000bf4       0x88 CMakeFiles/mp3.dir/home/adam/.pico-sdk/sdk/2.1.1/src/common/hardware_claim/claim.c.o
                0x10000bf4                hw_claim_unused_from_range
 .text.next_striped_spin_lock_num
                0x10000c7c       0x18 CMakeFiles/mp3.dir/home/adam/.pico-sdk/sdk/2.1.1/src/rp2_common/hardware_sync/sync.c.o
                0x10000c7c                next_striped_spin_lock_num
 .text.spin_lock_claim_unused
                0x10000c94       0x24 CMakeFiles/mp3.dir/home/adam/.pico-sdk/sdk/2.1.1/src/rp2_common/hardware_sync/sync.c.o
                0x10000c94                spin_lock_claim_unused
 .text.spin_locks_reset
                0x10000cb8       0x1c CMakeFiles/mp3.dir/home/adam/.pico-sdk/sdk/2.1.1/src/rp2_common/hardware_sync_spin_lock/sync_spin_lock.c.o
                0x10000cb8                spin_locks_reset
 .text.runtime_init_per_core_irq_priorities
                0x10000cd4       0x24 CMakeFiles/mp3.dir/home/adam/.pico-sdk/sdk/2.1.1/src/rp2_common/hardware_irq/irq.c.o
                0x10000cd4                runtime_init_per_core_irq_priorities
 .text.irq_set_enabled
                0x10000cf8       0x24 CMakeFiles/mp3.dir/home/adam/.pico-sdk/sdk/2.1.1/src/rp2_common/hardware_irq/irq.c.o
                0x10000cf8                irq_set_enabled
 .text.irq_is_enabled
                0x10000d1c       0x18 CMakeFiles/mp3.dir/home/adam/.pico-sdk/sdk/2.1.1/src/rp2_common/hardware_irq/irq.c.o
                0x10000d1c                irq_is_enabled
 .text.irq_set_pending
                0x10000d34       0x10 CMakeFiles/mp3.dir/home/adam/.pico-sdk/sdk/2.1.1/src/rp2_common/hardware_irq/irq.c.o
                0x10000d34                irq_set_pending
 .text.irq_has_shared_handler
                0x10000d44       0x24 CMakeFiles/mp3.dir/home/adam/.pico-sdk/sdk/2.1.1/src/rp2_common/hardware_irq/irq.c.o
                0x10000d44                irq_has_shared_handler
 .text.irq_set_exclusive_handler
                0x10000d68       0x54 CMakeFiles/mp3.dir/home/adam/.pico-sdk/sdk/2.1.1/src/rp2_common/hardware_irq/irq.c.o
                0x10000d68                irq_set_exclusive_handler
 .text.irq_add_shared_handler
                0x10000dbc      0x1f4 CMakeFiles/mp3.dir/home/adam/.pico-sdk/sdk/2.1.1/src/rp2_common/hardware_irq/irq.c.o
                0x10000dbc                irq_add_shared_handler
 .text.irq_remove_handler
                0x10000fb0      0x1d4 CMakeFiles/mp3.dir/home/adam/.pico-sdk/sdk/2.1.1/src/rp2_common/hardware_irq/irq.c.o
                0x10000fb0                irq_remove_handler
 .text.irq_add_tail_to_free_list
                0x10001184       0xb4 CMakeFiles/mp3.dir/home/adam/.pico-sdk/sdk/2.1.1/src/rp2_common/hardware_irq/irq.c.o
                0x10001184                irq_add_tail_to_free_list
 .text.user_irq_claim_unused
                0x10001238       0x2c CMakeFiles/mp3.dir/home/adam/.pico-sdk/sdk/2.1.1/src/rp2_common/hardware_irq/irq.c.o
                0x10001238                user_irq_claim_unused
 .text.lock_init
                0x10001264       0x10 CMakeFiles/mp3.dir/home/adam/.pico-sdk/sdk/2.1.1/src/common/pico_sync/lock_core.c.o
                0x10001264                lock_init
 .text.runtime_init_mutex
                0x10001274       0x50 CMakeFiles/mp3.dir/home/adam/.pico-sdk/sdk/2.1.1/src/common/pico_sync/mutex.c.o
                0x10001274                runtime_init_mutex
 .text.mutex_init
                0x100012c4       0x1c CMakeFiles/mp3.dir/home/adam/.pico-sdk/sdk/2.1.1/src/common/pico_sync/mutex.c.o
                0x100012c4                mutex_init
 .text.critical_section_init
                0x100012e0       0x1c CMakeFiles/mp3.dir/home/adam/.pico-sdk/sdk/2.1.1/src/common/pico_sync/critical_section.c.o
                0x100012e0                critical_section_init
 .text.critical_section_init_with_lock_num
                0x100012fc       0x14 CMakeFiles/mp3.dir/home/adam/.pico-sdk/sdk/2.1.1/src/common/pico_sync/critical_section.c.o
                0x100012fc                critical_section_init_with_lock_num
 .text.sleep_until_callback
                0x10001310       0x30 CMakeFiles/mp3.dir/home/adam/.pico-sdk/sdk/2.1.1/src/common/pico_time/time.c.o
 .text.alarm_pool_irq_handler
                0x10001340      0x300 CMakeFiles/mp3.dir/home/adam/.pico-sdk/sdk/2.1.1/src/common/pico_time/time.c.o
 .text.runtime_init_default_alarm_pool
                0x10001640       0xdc CMakeFiles/mp3.dir/home/adam/.pico-sdk/sdk/2.1.1/src/common/pico_time/time.c.o
                0x10001640                runtime_init_default_alarm_pool
 .text.alarm_pool_get_default
                0x1000171c        0x8 CMakeFiles/mp3.dir/home/adam/.pico-sdk/sdk/2.1.1/src/common/pico_time/time.c.o
                0x1000171c                alarm_pool_get_default
 .text.alarm_pool_add_alarm_at
                0x10001724       0xd0 CMakeFiles/mp3.dir/home/adam/.pico-sdk/sdk/2.1.1/src/common/pico_time/time.c.o
                0x10001724                alarm_pool_add_alarm_at
 .text.alarm_pool_add_alarm_at_force_in_context
                0x100017f4       0xb0 CMakeFiles/mp3.dir/home/adam/.pico-sdk/sdk/2.1.1/src/common/pico_time/time.c.o
                0x100017f4                alarm_pool_add_alarm_at_force_in_context
 .text.alarm_pool_cancel_alarm
                0x100018a4       0x74 CMakeFiles/mp3.dir/home/adam/.pico-sdk/sdk/2.1.1/src/common/pico_time/time.c.o
                0x100018a4                alarm_pool_cancel_alarm
 .text.alarm_pool_core_num
                0x10001918        0x4 CMakeFiles/mp3.dir/home/adam/.pico-sdk/sdk/2.1.1/src/common/pico_time/time.c.o
                0x10001918                alarm_pool_core_num
 .text.sleep_ms
                0x1000191c       0xfc CMakeFiles/mp3.dir/home/adam/.pico-sdk/sdk/2.1.1/src/common/pico_time/time.c.o
                0x1000191c                sleep_ms
 .text.best_effort_wfe_or_timeout
                0x10001a18      0x10c CMakeFiles/mp3.dir/home/adam/.pico-sdk/sdk/2.1.1/src/common/pico_time/time.c.o
                0x10001a18                best_effort_wfe_or_timeout
 .text.timer_hardware_alarm_claim
                0x10001b24       0x14 CMakeFiles/mp3.dir/home/adam/.pico-sdk/sdk/2.1.1/src/rp2_common/hardware_timer/timer.c.o
                0x10001b24                timer_hardware_alarm_claim
 .text.timer_time_us_64
                0x10001b38       0x10 CMakeFiles/mp3.dir/home/adam/.pico-sdk/sdk/2.1.1/src/rp2_common/hardware_timer/timer.c.o
                0x10001b38                timer_time_us_64
 .text.time_us_64
                0x10001b48       0x14 CMakeFiles/mp3.dir/home/adam/.pico-sdk/sdk/2.1.1/src/rp2_common/hardware_timer/timer.c.o
                0x10001b48                time_us_64
 .text.busy_wait_until
                0x10001b5c       0x20 CMakeFiles/mp3.dir/home/adam/.pico-sdk/sdk/2.1.1/src/rp2_common/hardware_timer/timer.c.o
                0x10001b5c                busy_wait_until
 .text.clock_configure_int_divider
                0x10001b7c       0xf4 CMakeFiles/mp3.dir/home/adam/.pico-sdk/sdk/2.1.1/src/rp2_common/hardware_clocks/clocks.c.o
                0x10001b7c                clock_configure_int_divider
 .text.clock_configure_undivided
                0x10001c70       0xe8 CMakeFiles/mp3.dir/home/adam/.pico-sdk/sdk/2.1.1/src/rp2_common/hardware_clocks/clocks.c.o
                0x10001c70                clock_configure_undivided
 .text.clock_get_hz
                0x10001d58        0xc CMakeFiles/mp3.dir/home/adam/.pico-sdk/sdk/2.1.1/src/rp2_common/hardware_clocks/clocks.c.o
                0x10001d58                clock_get_hz
 .text.pll_init
                0x10001d64       0xa4 CMakeFiles/mp3.dir/home/adam/.pico-sdk/sdk/2.1.1/src/rp2_common/hardware_pll/pll.c.o
                0x10001d64                pll_init
 .text.watchdog_reboot
                0x10001e08       0x9c CMakeFiles/mp3.dir/home/adam/.pico-sdk/sdk/2.1.1/src/rp2_common/hardware_watchdog/watchdog.c.o
                0x10001e08                watchdog_reboot
 .text.tick_start
                0x10001ea4       0x10 CMakeFiles/mp3.dir/home/adam/.pico-sdk/sdk/2.1.1/src/rp2_common/hardware_ticks/ticks.c.o
                0x10001ea4                tick_start
 .text.rom_func_lookup
                0x10001eb4       0x10 CMakeFiles/mp3.dir/home/adam/.pico-sdk/sdk/2.1.1/src/rp2_common/pico_bootrom/bootrom.c.o
                0x10001eb4                rom_func_lookup
 .text.rom_data_lookup
                0x10001ec4       0x10 CMakeFiles/mp3.dir/home/adam/.pico-sdk/sdk/2.1.1/src/rp2_common/pico_bootrom/bootrom.c.o
                0x10001ec4                rom_data_lookup
 .text.rom_funcs_lookup
                0x10001ed4       0x44 CMakeFiles/mp3.dir/home/adam/.pico-sdk/sdk/2.1.1/src/rp2_common/pico_bootrom/bootrom.c.o
                0x10001ed4                rom_funcs_lookup
 .text.rom_reset_usb_boot_extra
                0x10001f18       0x24 CMakeFiles/mp3.dir/home/adam/.pico-sdk/sdk/2.1.1/src/rp2_common/pico_bootrom/bootrom.c.o
                0x10001f18                rom_reset_usb_boot_extra
 .text.xosc_init
                0x10001f3c       0x28 CMakeFiles/mp3.dir/home/adam/.pico-sdk/sdk/2.1.1/src/rp2_common/hardware_xosc/xosc.c.o
                0x10001f3c                xosc_init
 .text.first_per_core_initializer
                0x10001f64        0x4 CMakeFiles/mp3.dir/home/adam/.pico-sdk/sdk/2.1.1/src/rp2_common/pico_runtime/runtime.c.o
 .text.hard_assertion_failure
                0x10001f68        0xc CMakeFiles/mp3.dir/home/adam/.pico-sdk/sdk/2.1.1/src/rp2_common/pico_runtime/runtime.c.o
                0x10001f68                hard_assertion_failure
 .text.runtime_run_initializers
                0x10001f74       0x28 CMakeFiles/mp3.dir/home/adam/.pico-sdk/sdk/2.1.1/src/rp2_common/pico_runtime/runtime.c.o
                0x10001f74                runtime_run_initializers
 .text.runtime_init_early_resets
                0x10001f9c       0x2c CMakeFiles/mp3.dir/home/adam/.pico-sdk/sdk/2.1.1/src/rp2_common/pico_runtime_init/runtime_init.c.o
                0x10001f9c                runtime_init_early_resets
 .text.runtime_init_usb_power_down
                0x10001fc8       0x1c CMakeFiles/mp3.dir/home/adam/.pico-sdk/sdk/2.1.1/src/rp2_common/pico_runtime_init/runtime_init.c.o
                0x10001fc8                runtime_init_usb_power_down
 .text.runtime_init_post_clock_resets
                0x10001fe4       0x20 CMakeFiles/mp3.dir/home/adam/.pico-sdk/sdk/2.1.1/src/rp2_common/pico_runtime_init/runtime_init.c.o
                0x10001fe4                runtime_init_post_clock_resets
 .text.runtime_init_rp2040_gpio_ie_disable
                0x10002004       0x14 CMakeFiles/mp3.dir/home/adam/.pico-sdk/sdk/2.1.1/src/rp2_common/pico_runtime_init/runtime_init.c.o
                0x10002004                runtime_init_rp2040_gpio_ie_disable
 .text.runtime_init_spin_locks_reset
                0x10002018        0x8 CMakeFiles/mp3.dir/home/adam/.pico-sdk/sdk/2.1.1/src/rp2_common/pico_runtime_init/runtime_init.c.o
                0x10002018                runtime_init_spin_locks_reset
 .text.runtime_init_install_ram_vector_table
                0x10002020       0x1c CMakeFiles/mp3.dir/home/adam/.pico-sdk/sdk/2.1.1/src/rp2_common/pico_runtime_init/runtime_init.c.o
                0x10002020                runtime_init_install_ram_vector_table
 .text.runtime_init_clocks
                0x1000203c       0xd8 CMakeFiles/mp3.dir/home/adam/.pico-sdk/sdk/2.1.1/src/rp2_common/pico_runtime_init/runtime_init_clocks.c.o
                0x1000203c                runtime_init_clocks
 .text          0x10002114       0x10 CMakeFiles/mp3.dir/home/adam/.pico-sdk/sdk/2.1.1/src/rp2_common/pico_bit_ops/bit_ops_aeabi.S.o
 .text.__wrap___aeabi_uidiv
                0x10002124       0x4c CMakeFiles/mp3.dir/home/adam/.pico-sdk/sdk/2.1.1/src/rp2_common/pico_divider/divider_hardware.S.o
                0x10002124                __wrap___aeabi_uidiv
                0x10002124                __wrap___aeabi_uidivmod
                0x10002124                div_u32u32
                0x10002124                divmod_u32u32
                0x1000212c                divmod_u32u32_unsafe
                0x10002154                divmod_u32u32_savestate
 .text.__aeabi_double_init
                0x10002170       0xa4 CMakeFiles/mp3.dir/home/adam/.pico-sdk/sdk/2.1.1/src/rp2_common/pico_double/double_init_rom_rp2040.c.o
                0x10002170                __aeabi_double_init
 .text.double_table_shim_on_use_helper
                0x10002214       0x2c CMakeFiles/mp3.dir/home/adam/.pico-sdk/sdk/2.1.1/src/rp2_common/pico_double/double_v1_rom_shim_rp2040.S.o
                0x10002214                double_table_shim_on_use_helper
 .text.__aeabi_lmul
                0x10002240       0x32 CMakeFiles/mp3.dir/home/adam/.pico-sdk/sdk/2.1.1/src/rp2_common/pico_int64_ops/pico_int64_ops_aeabi.S.o
                0x10002240                __wrap___aeabi_lmul
 *fill*         0x10002272        0x2 
 .text.__aeabi_float_init
                0x10002274       0x64 CMakeFiles/mp3.dir/home/adam/.pico-sdk/sdk/2.1.1/src/rp2_common/pico_float/float_init_rom_rp2040.c.o
                0x10002274                __aeabi_float_init
 .text.float_table_shim_on_use_helper
                0x100022d8       0x2c CMakeFiles/mp3.dir/home/adam/.pico-sdk/sdk/2.1.1/src/rp2_common/pico_float/float_v1_rom_shim_rp2040.S.o
                0x100022d8                float_table_shim_on_use_helper
 .text          0x10002304       0x10 CMakeFiles/mp3.dir/home/adam/.pico-sdk/sdk/2.1.1/src/rp2_common/pico_mem_ops/mem_ops_aeabi.S.o
                0x10002304                __aeabi_mem_init
 .text.memset   0x10002314        0xc CMakeFiles/mp3.dir/home/adam/.pico-sdk/sdk/2.1.1/src/rp2_common/pico_mem_ops/mem_ops_aeabi.S.o
                0x10002314                __wrap_memset
 .text.memcpy   0x10002320        0xc CMakeFiles/mp3.dir/home/adam/.pico-sdk/sdk/2.1.1/src/rp2_common/pico_mem_ops/mem_ops_aeabi.S.o
                0x10002320                __wrap___aeabi_memcpy
                0x10002320                __wrap_memcpy
 .text._out_char
                0x1000232c       0x10 CMakeFiles/mp3.dir/home/adam/.pico-sdk/sdk/2.1.1/src/rp2_common/pico_printf/printf.c.o
 .text.weak_raw_vprintf
                0x1000233c       0x30 CMakeFiles/mp3.dir/home/adam/.pico-sdk/sdk/2.1.1/src/rp2_common/pico_printf/printf.c.o
                0x1000233c                weak_raw_vprintf
 .text._exit    0x1000236c        0x4 CMakeFiles/mp3.dir/home/adam/.pico-sdk/sdk/2.1.1/src/rp2_common/pico_clib_interface/newlib_interface.c.o
                0x1000236c                _exit
 .text.exit     0x10002370        0x8 CMakeFiles/mp3.dir/home/adam/.pico-sdk/sdk/2.1.1/src/rp2_common/pico_clib_interface/newlib_interface.c.o
                0x10002370                exit
 .text.runtime_init
                0x10002378       0x2c CMakeFiles/mp3.dir/home/adam/.pico-sdk/sdk/2.1.1/src/rp2_common/pico_clib_interface/newlib_interface.c.o
                0x10002378                runtime_init
 .text.stdio_out_chars_no_crlf
                0x100023a4       0x10 CMakeFiles/mp3.dir/home/adam/.pico-sdk/sdk/2.1.1/src/rp2_common/pico_stdio/stdio.c.o
 .text.stdio_out_chars_crlf
                0x100023b4       0xb0 CMakeFiles/mp3.dir/home/adam/.pico-sdk/sdk/2.1.1/src/rp2_common/pico_stdio/stdio.c.o
 .text.stdio_put_string
                0x10002464       0xfc CMakeFiles/mp3.dir/home/adam/.pico-sdk/sdk/2.1.1/src/rp2_common/pico_stdio/stdio.c.o
                0x10002464                stdio_put_string
 .text.stdio_set_driver_enabled
                0x10002560       0x30 CMakeFiles/mp3.dir/home/adam/.pico-sdk/sdk/2.1.1/src/rp2_common/pico_stdio/stdio.c.o
                0x10002560                stdio_set_driver_enabled
 .text.stdio_init_all
                0x10002590        0x8 CMakeFiles/mp3.dir/home/adam/.pico-sdk/sdk/2.1.1/src/rp2_common/pico_stdio/stdio.c.o
                0x10002590                stdio_init_all
 .text.__wrap_putchar
                0x10002598       0x94 CMakeFiles/mp3.dir/home/adam/.pico-sdk/sdk/2.1.1/src/rp2_common/pico_stdio/stdio.c.o
                0x10002598                stdio_putchar
                0x10002598                __wrap_putchar
 .text.__wrap_puts
                0x1000262c       0x3c CMakeFiles/mp3.dir/home/adam/.pico-sdk/sdk/2.1.1/src/rp2_common/pico_stdio/stdio.c.o
                0x1000262c                __wrap_puts
                0x1000262c                stdio_puts
 .text.resetd_init
                0x10002668        0x4 CMakeFiles/mp3.dir/home/adam/.pico-sdk/sdk/2.1.1/src/rp2_common/pico_stdio_usb/reset_interface.c.o
 .text.resetd_reset
                0x1000266c        0xc CMakeFiles/mp3.dir/home/adam/.pico-sdk/sdk/2.1.1/src/rp2_common/pico_stdio_usb/reset_interface.c.o
 .text.resetd_open
                0x10002678       0x28 CMakeFiles/mp3.dir/home/adam/.pico-sdk/sdk/2.1.1/src/rp2_common/pico_stdio_usb/reset_interface.c.o
 .text.resetd_xfer_cb
                0x100026a0        0x4 CMakeFiles/mp3.dir/home/adam/.pico-sdk/sdk/2.1.1/src/rp2_common/pico_stdio_usb/reset_interface.c.o
 .text.resetd_control_xfer_cb
                0x100026a4       0x54 CMakeFiles/mp3.dir/home/adam/.pico-sdk/sdk/2.1.1/src/rp2_common/pico_stdio_usb/reset_interface.c.o
 .text.tud_descriptor_bos_cb
                0x100026f8        0x8 CMakeFiles/mp3.dir/home/adam/.pico-sdk/sdk/2.1.1/src/rp2_common/pico_stdio_usb/reset_interface.c.o
                0x100026f8                tud_descriptor_bos_cb
 .text.tud_vendor_control_xfer_cb
                0x10002700       0x34 CMakeFiles/mp3.dir/home/adam/.pico-sdk/sdk/2.1.1/src/rp2_common/pico_stdio_usb/reset_interface.c.o
                0x10002700                tud_vendor_control_xfer_cb
 .text.usbd_app_driver_get_cb
                0x10002734        0xc CMakeFiles/mp3.dir/home/adam/.pico-sdk/sdk/2.1.1/src/rp2_common/pico_stdio_usb/reset_interface.c.o
                0x10002734                usbd_app_driver_get_cb
 .text.tud_cdc_line_coding_cb
                0x10002740       0x2c CMakeFiles/mp3.dir/home/adam/.pico-sdk/sdk/2.1.1/src/rp2_common/pico_stdio_usb/reset_interface.c.o
                0x10002740                tud_cdc_line_coding_cb
 .text.stdio_usb_set_chars_available_callback
                0x1000276c       0x14 CMakeFiles/mp3.dir/home/adam/.pico-sdk/sdk/2.1.1/src/rp2_common/pico_stdio_usb/stdio_usb.c.o
                0x1000276c                stdio_usb_set_chars_available_callback
 .text.usb_irq  0x10002780       0x10 CMakeFiles/mp3.dir/home/adam/.pico-sdk/sdk/2.1.1/src/rp2_common/pico_stdio_usb/stdio_usb.c.o
 .text.timer_task
                0x10002790       0x64 CMakeFiles/mp3.dir/home/adam/.pico-sdk/sdk/2.1.1/src/rp2_common/pico_stdio_usb/stdio_usb.c.o
 .text.stdio_usb_in_chars
                0x100027f4       0x8c CMakeFiles/mp3.dir/home/adam/.pico-sdk/sdk/2.1.1/src/rp2_common/pico_stdio_usb/stdio_usb.c.o
                0x100027f4                stdio_usb_in_chars
 .text.stdio_usb_out_flush
                0x10002880       0x4c CMakeFiles/mp3.dir/home/adam/.pico-sdk/sdk/2.1.1/src/rp2_common/pico_stdio_usb/stdio_usb.c.o
 .text.stdio_usb_out_chars
                0x100028cc      0x100 CMakeFiles/mp3.dir/home/adam/.pico-sdk/sdk/2.1.1/src/rp2_common/pico_stdio_usb/stdio_usb.c.o
 .text.low_priority_worker_irq
                0x100029cc       0xc8 CMakeFiles/mp3.dir/home/adam/.pico-sdk/sdk/2.1.1/src/rp2_common/pico_stdio_usb/stdio_usb.c.o
 .text.stdio_usb_init
                0x10002a94       0xe8 CMakeFiles/mp3.dir/home/adam/.pico-sdk/sdk/2.1.1/src/rp2_common/pico_stdio_usb/stdio_usb.c.o
                0x10002a94                stdio_usb_init
 .text.tud_descriptor_device_cb
                0x10002b7c        0x8 CMakeFiles/mp3.dir/home/adam/.pico-sdk/sdk/2.1.1/src/rp2_common/pico_stdio_usb/stdio_usb_descriptors.c.o
                0x10002b7c                tud_descriptor_device_cb
 .text.tud_descriptor_configuration_cb
                0x10002b84        0x8 CMakeFiles/mp3.dir/home/adam/.pico-sdk/sdk/2.1.1/src/rp2_common/pico_stdio_usb/stdio_usb_descriptors.c.o
                0x10002b84                tud_descriptor_configuration_cb
 .text.tud_descriptor_string_cb
                0x10002b8c       0x78 CMakeFiles/mp3.dir/home/adam/.pico-sdk/sdk/2.1.1/src/rp2_common/pico_stdio_usb/stdio_usb_descriptors.c.o
                0x10002b8c                tud_descriptor_string_cb
 .text.startup._retrieve_unique_id_on_boot
                0x10002c04       0x10 CMakeFiles/mp3.dir/home/adam/.pico-sdk/sdk/2.1.1/src/rp2_common/pico_unique_id/unique_id.c.o
 .text.pico_get_unique_board_id_string
                0x10002c14      0x1a8 CMakeFiles/mp3.dir/home/adam/.pico-sdk/sdk/2.1.1/src/rp2_common/pico_unique_id/unique_id.c.o
                0x10002c14                pico_get_unique_board_id_string
 .text.flash_get_unique_id
                0x10002dbc       0x3c CMakeFiles/mp3.dir/home/adam/.pico-sdk/sdk/2.1.1/src/rp2_common/hardware_flash/flash.c.o
                0x10002dbc                flash_get_unique_id
 .text.dcd_init
                0x10002df8       0x90 CMakeFiles/mp3.dir/home/adam/.pico-sdk/sdk/2.1.1/lib/tinyusb/src/portable/raspberrypi/rp2040/dcd_rp2040.c.o
                0x10002df8                dcd_init
 .text.dcd_int_enable
                0x10002e88        0xc CMakeFiles/mp3.dir/home/adam/.pico-sdk/sdk/2.1.1/lib/tinyusb/src/portable/raspberrypi/rp2040/dcd_rp2040.c.o
                0x10002e88                dcd_int_enable
 .text.dcd_set_address
                0x10002e94       0x14 CMakeFiles/mp3.dir/home/adam/.pico-sdk/sdk/2.1.1/lib/tinyusb/src/portable/raspberrypi/rp2040/dcd_rp2040.c.o
                0x10002e94                dcd_set_address
 .text.dcd_sof_enable
                0x10002ea8       0x1c CMakeFiles/mp3.dir/home/adam/.pico-sdk/sdk/2.1.1/lib/tinyusb/src/portable/raspberrypi/rp2040/dcd_rp2040.c.o
                0x10002ea8                dcd_sof_enable
 .text.dcd_edpt0_status_complete
                0x10002ec4       0x1c CMakeFiles/mp3.dir/home/adam/.pico-sdk/sdk/2.1.1/lib/tinyusb/src/portable/raspberrypi/rp2040/dcd_rp2040.c.o
                0x10002ec4                dcd_edpt0_status_complete
 .text.dcd_edpt_open
                0x10002ee0      0x114 CMakeFiles/mp3.dir/home/adam/.pico-sdk/sdk/2.1.1/lib/tinyusb/src/portable/raspberrypi/rp2040/dcd_rp2040.c.o
                0x10002ee0                dcd_edpt_open
 .text.dcd_edpt_close_all
                0x10002ff4        0x8 CMakeFiles/mp3.dir/home/adam/.pico-sdk/sdk/2.1.1/lib/tinyusb/src/portable/raspberrypi/rp2040/dcd_rp2040.c.o
                0x10002ff4                dcd_edpt_close_all
 .text.dcd_edpt_xfer
                0x10002ffc       0x24 CMakeFiles/mp3.dir/home/adam/.pico-sdk/sdk/2.1.1/lib/tinyusb/src/portable/raspberrypi/rp2040/dcd_rp2040.c.o
                0x10002ffc                dcd_edpt_xfer
 .text.dcd_edpt_stall
                0x10003020       0x3c CMakeFiles/mp3.dir/home/adam/.pico-sdk/sdk/2.1.1/lib/tinyusb/src/portable/raspberrypi/rp2040/dcd_rp2040.c.o
                0x10003020                dcd_edpt_stall
 .text.dcd_edpt_clear_stall
                0x1000305c       0x30 CMakeFiles/mp3.dir/home/adam/.pico-sdk/sdk/2.1.1/lib/tinyusb/src/portable/raspberrypi/rp2040/dcd_rp2040.c.o
                0x1000305c                dcd_edpt_clear_stall
 .text.rp2040_usb_init
                0x1000308c       0x40 CMakeFiles/mp3.dir/home/adam/.pico-sdk/sdk/2.1.1/lib/tinyusb/src/portable/raspberrypi/rp2040/rp2040_usb.c.o
                0x1000308c                rp2040_usb_init
 .text.hw_endpoint_xfer_start
                0x100030cc       0x40 CMakeFiles/mp3.dir/home/adam/.pico-sdk/sdk/2.1.1/lib/tinyusb/src/portable/raspberrypi/rp2040/rp2040_usb.c.o
                0x100030cc                hw_endpoint_xfer_start
 .text.tud_event_hook_cb
                0x1000310c        0x4 CMakeFiles/mp3.dir/home/adam/.pico-sdk/sdk/2.1.1/lib/tinyusb/src/device/usbd.c.o
                0x1000310c                tud_event_hook_cb
 .text.tud_sof_cb
                0x10003110        0x4 CMakeFiles/mp3.dir/home/adam/.pico-sdk/sdk/2.1.1/lib/tinyusb/src/device/usbd.c.o
                0x10003110                tud_sof_cb
 .text.tud_descriptor_device_qualifier_cb
                0x10003114        0x4 CMakeFiles/mp3.dir/home/adam/.pico-sdk/sdk/2.1.1/lib/tinyusb/src/device/usbd.c.o
                0x10003114                tud_descriptor_device_qualifier_cb
 .text.tud_descriptor_other_speed_configuration_cb
                0x10003118        0x4 CMakeFiles/mp3.dir/home/adam/.pico-sdk/sdk/2.1.1/lib/tinyusb/src/device/usbd.c.o
                0x10003118                tud_descriptor_other_speed_configuration_cb
 .text.tud_mount_cb
                0x1000311c        0x4 CMakeFiles/mp3.dir/home/adam/.pico-sdk/sdk/2.1.1/lib/tinyusb/src/device/usbd.c.o
                0x1000311c                tud_mount_cb
 .text.tud_umount_cb
                0x10003120        0x4 CMakeFiles/mp3.dir/home/adam/.pico-sdk/sdk/2.1.1/lib/tinyusb/src/device/usbd.c.o
                0x10003120                tud_umount_cb
 .text.tud_suspend_cb
                0x10003124        0x4 CMakeFiles/mp3.dir/home/adam/.pico-sdk/sdk/2.1.1/lib/tinyusb/src/device/usbd.c.o
                0x10003124                tud_suspend_cb
 .text.tud_resume_cb
                0x10003128        0x4 CMakeFiles/mp3.dir/home/adam/.pico-sdk/sdk/2.1.1/lib/tinyusb/src/device/usbd.c.o
                0x10003128                tud_resume_cb
 .text.tud_mounted
                0x1000312c       0x10 CMakeFiles/mp3.dir/home/adam/.pico-sdk/sdk/2.1.1/lib/tinyusb/src/device/usbd.c.o
                0x1000312c                tud_mounted
 .text.tud_suspended
                0x1000313c       0x10 CMakeFiles/mp3.dir/home/adam/.pico-sdk/sdk/2.1.1/lib/tinyusb/src/device/usbd.c.o
                0x1000313c                tud_suspended
 .text.tud_rhport_init
                0x1000314c       0xf4 CMakeFiles/mp3.dir/home/adam/.pico-sdk/sdk/2.1.1/lib/tinyusb/src/device/usbd.c.o
                0x1000314c                tud_rhport_init
 .text.tud_task_ext
                0x10003240      0x800 CMakeFiles/mp3.dir/home/adam/.pico-sdk/sdk/2.1.1/lib/tinyusb/src/device/usbd.c.o
                0x10003240                tud_task_ext
 .text.usbd_open_edpt_pair
                0x10003a40       0x9c CMakeFiles/mp3.dir/home/adam/.pico-sdk/sdk/2.1.1/lib/tinyusb/src/device/usbd.c.o
                0x10003a40                usbd_open_edpt_pair
 .text.usbd_edpt_open
                0x10003adc       0x34 CMakeFiles/mp3.dir/home/adam/.pico-sdk/sdk/2.1.1/lib/tinyusb/src/device/usbd.c.o
                0x10003adc                usbd_edpt_open
 .text.usbd_edpt_claim
                0x10003b10       0x28 CMakeFiles/mp3.dir/home/adam/.pico-sdk/sdk/2.1.1/lib/tinyusb/src/device/usbd.c.o
                0x10003b10                usbd_edpt_claim
 .text.usbd_edpt_release
                0x10003b38       0x28 CMakeFiles/mp3.dir/home/adam/.pico-sdk/sdk/2.1.1/lib/tinyusb/src/device/usbd.c.o
                0x10003b38                usbd_edpt_release
 .text.usbd_edpt_xfer
                0x10003b60       0x4c CMakeFiles/mp3.dir/home/adam/.pico-sdk/sdk/2.1.1/lib/tinyusb/src/device/usbd.c.o
                0x10003b60                usbd_edpt_xfer
 .text.tud_control_status
                0x10003bac       0x2c CMakeFiles/mp3.dir/home/adam/.pico-sdk/sdk/2.1.1/lib/tinyusb/src/device/usbd_control.c.o
                0x10003bac                tud_control_status
 .text.tud_control_xfer
                0x10003bd8       0xa8 CMakeFiles/mp3.dir/home/adam/.pico-sdk/sdk/2.1.1/lib/tinyusb/src/device/usbd_control.c.o
                0x10003bd8                tud_control_xfer
 .text.usbd_control_reset
                0x10003c80       0x14 CMakeFiles/mp3.dir/home/adam/.pico-sdk/sdk/2.1.1/lib/tinyusb/src/device/usbd_control.c.o
                0x10003c80                usbd_control_reset
 .text.usbd_control_set_complete_callback
                0x10003c94        0xc CMakeFiles/mp3.dir/home/adam/.pico-sdk/sdk/2.1.1/lib/tinyusb/src/device/usbd_control.c.o
                0x10003c94                usbd_control_set_complete_callback
 .text.usbd_control_set_request
                0x10003ca0       0x1c CMakeFiles/mp3.dir/home/adam/.pico-sdk/sdk/2.1.1/lib/tinyusb/src/device/usbd_control.c.o
                0x10003ca0                usbd_control_set_request
 .text.usbd_control_xfer_cb
                0x10003cbc       0xec CMakeFiles/mp3.dir/home/adam/.pico-sdk/sdk/2.1.1/lib/tinyusb/src/device/usbd_control.c.o
                0x10003cbc                usbd_control_xfer_cb
 .text._prep_out_transaction.isra.0
                0x10003da8       0x6c CMakeFiles/mp3.dir/home/adam/.pico-sdk/sdk/2.1.1/lib/tinyusb/src/class/cdc/cdc_device.c.o
 .text.tud_cdc_n_connected
                0x10003e14       0x2c CMakeFiles/mp3.dir/home/adam/.pico-sdk/sdk/2.1.1/lib/tinyusb/src/class/cdc/cdc_device.c.o
                0x10003e14                tud_cdc_n_connected
 .text.tud_cdc_n_available
                0x10003e40       0x14 CMakeFiles/mp3.dir/home/adam/.pico-sdk/sdk/2.1.1/lib/tinyusb/src/class/cdc/cdc_device.c.o
                0x10003e40                tud_cdc_n_available
 .text.tud_cdc_n_read
                0x10003e54       0x88 CMakeFiles/mp3.dir/home/adam/.pico-sdk/sdk/2.1.1/lib/tinyusb/src/class/cdc/cdc_device.c.o
                0x10003e54                tud_cdc_n_read
 .text.tud_cdc_n_write_flush
                0x10003edc       0x74 CMakeFiles/mp3.dir/home/adam/.pico-sdk/sdk/2.1.1/lib/tinyusb/src/class/cdc/cdc_device.c.o
                0x10003edc                tud_cdc_n_write_flush
 .text.tud_cdc_n_write
                0x10003f50       0x40 CMakeFiles/mp3.dir/home/adam/.pico-sdk/sdk/2.1.1/lib/tinyusb/src/class/cdc/cdc_device.c.o
                0x10003f50                tud_cdc_n_write
 .text.tud_cdc_n_write_available
                0x10003f90       0x14 CMakeFiles/mp3.dir/home/adam/.pico-sdk/sdk/2.1.1/lib/tinyusb/src/class/cdc/cdc_device.c.o
                0x10003f90                tud_cdc_n_write_available
 .text.cdcd_init
                0x10003fa4       0x70 CMakeFiles/mp3.dir/home/adam/.pico-sdk/sdk/2.1.1/lib/tinyusb/src/class/cdc/cdc_device.c.o
                0x10003fa4                cdcd_init
 .text.cdcd_deinit
                0x10004014       0x30 CMakeFiles/mp3.dir/home/adam/.pico-sdk/sdk/2.1.1/lib/tinyusb/src/class/cdc/cdc_device.c.o
                0x10004014                cdcd_deinit
 .text.cdcd_reset
                0x10004044       0x4c CMakeFiles/mp3.dir/home/adam/.pico-sdk/sdk/2.1.1/lib/tinyusb/src/class/cdc/cdc_device.c.o
                0x10004044                cdcd_reset
 .text.cdcd_open
                0x10004090       0xa4 CMakeFiles/mp3.dir/home/adam/.pico-sdk/sdk/2.1.1/lib/tinyusb/src/class/cdc/cdc_device.c.o
                0x10004090                cdcd_open
 .text.cdcd_control_xfer_cb
                0x10004134       0xe8 CMakeFiles/mp3.dir/home/adam/.pico-sdk/sdk/2.1.1/lib/tinyusb/src/class/cdc/cdc_device.c.o
                0x10004134                cdcd_control_xfer_cb
 .text.cdcd_xfer_cb
                0x1000421c      0x100 CMakeFiles/mp3.dir/home/adam/.pico-sdk/sdk/2.1.1/lib/tinyusb/src/class/cdc/cdc_device.c.o
                0x1000421c                cdcd_xfer_cb
 .text.vendord_init
                0x1000431c       0x5c CMakeFiles/mp3.dir/home/adam/.pico-sdk/sdk/2.1.1/lib/tinyusb/src/class/vendor/vendor_device.c.o
                0x1000431c                vendord_init
 .text.vendord_deinit
                0x10004378       0x1c CMakeFiles/mp3.dir/home/adam/.pico-sdk/sdk/2.1.1/lib/tinyusb/src/class/vendor/vendor_device.c.o
                0x10004378                vendord_deinit
 .text.vendord_reset
                0x10004394       0x28 CMakeFiles/mp3.dir/home/adam/.pico-sdk/sdk/2.1.1/lib/tinyusb/src/class/vendor/vendor_device.c.o
                0x10004394                vendord_reset
 .text.vendord_open
                0x100043bc      0x120 CMakeFiles/mp3.dir/home/adam/.pico-sdk/sdk/2.1.1/lib/tinyusb/src/class/vendor/vendor_device.c.o
                0x100043bc                vendord_open
 .text.vendord_xfer_cb
                0x100044dc       0x9c CMakeFiles/mp3.dir/home/adam/.pico-sdk/sdk/2.1.1/lib/tinyusb/src/class/vendor/vendor_device.c.o
                0x100044dc                vendord_xfer_cb
 .text.tusb_rhport_init
                0x10004578       0x4c CMakeFiles/mp3.dir/home/adam/.pico-sdk/sdk/2.1.1/lib/tinyusb/src/tusb.c.o
                0x10004578                tusb_rhport_init
 .text.tu_edpt_claim
                0x100045c4       0x50 CMakeFiles/mp3.dir/home/adam/.pico-sdk/sdk/2.1.1/lib/tinyusb/src/tusb.c.o
                0x100045c4                tu_edpt_claim
 .text.tu_edpt_release
                0x10004614       0x38 CMakeFiles/mp3.dir/home/adam/.pico-sdk/sdk/2.1.1/lib/tinyusb/src/tusb.c.o
                0x10004614                tu_edpt_release
 .text.tu_edpt_validate
                0x1000464c       0x7c CMakeFiles/mp3.dir/home/adam/.pico-sdk/sdk/2.1.1/lib/tinyusb/src/tusb.c.o
                0x1000464c                tu_edpt_validate
 .text.tu_edpt_bind_driver
                0x100046c8       0x34 CMakeFiles/mp3.dir/home/adam/.pico-sdk/sdk/2.1.1/lib/tinyusb/src/tusb.c.o
                0x100046c8                tu_edpt_bind_driver
 .text.tu_edpt_stream_init
                0x100046fc       0x6c CMakeFiles/mp3.dir/home/adam/.pico-sdk/sdk/2.1.1/lib/tinyusb/src/tusb.c.o
                0x100046fc                tu_edpt_stream_init
 .text.tu_edpt_stream_deinit
                0x10004768        0x4 CMakeFiles/mp3.dir/home/adam/.pico-sdk/sdk/2.1.1/lib/tinyusb/src/tusb.c.o
                0x10004768                tu_edpt_stream_deinit
 .text.tu_edpt_stream_write_zlp_if_needed
                0x1000476c       0x68 CMakeFiles/mp3.dir/home/adam/.pico-sdk/sdk/2.1.1/lib/tinyusb/src/tusb.c.o
                0x1000476c                tu_edpt_stream_write_zlp_if_needed
 .text.tu_edpt_stream_write_xfer
                0x100047d4       0x68 CMakeFiles/mp3.dir/home/adam/.pico-sdk/sdk/2.1.1/lib/tinyusb/src/tusb.c.o
                0x100047d4                tu_edpt_stream_write_xfer
 .text.tu_edpt_stream_read_xfer
                0x1000483c       0xd8 CMakeFiles/mp3.dir/home/adam/.pico-sdk/sdk/2.1.1/lib/tinyusb/src/tusb.c.o
                0x1000483c                tu_edpt_stream_read_xfer
 .text.tu_fifo_config
                0x10004914       0x6c CMakeFiles/mp3.dir/home/adam/.pico-sdk/sdk/2.1.1/lib/tinyusb/src/common/tusb_fifo.c.o
                0x10004914                tu_fifo_config
 .text.tu_fifo_count
                0x10004980       0x2c CMakeFiles/mp3.dir/home/adam/.pico-sdk/sdk/2.1.1/lib/tinyusb/src/common/tusb_fifo.c.o
                0x10004980                tu_fifo_count
 .text.tu_fifo_empty
                0x100049ac       0x10 CMakeFiles/mp3.dir/home/adam/.pico-sdk/sdk/2.1.1/lib/tinyusb/src/common/tusb_fifo.c.o
                0x100049ac                tu_fifo_empty
 .text.tu_fifo_remaining
                0x100049bc       0x2c CMakeFiles/mp3.dir/home/adam/.pico-sdk/sdk/2.1.1/lib/tinyusb/src/common/tusb_fifo.c.o
                0x100049bc                tu_fifo_remaining
 .text.tu_fifo_read
                0x100049e8       0x9c CMakeFiles/mp3.dir/home/adam/.pico-sdk/sdk/2.1.1/lib/tinyusb/src/common/tusb_fifo.c.o
                0x100049e8                tu_fifo_read
 .text.tu_fifo_read_n
                0x10004a84       0xe8 CMakeFiles/mp3.dir/home/adam/.pico-sdk/sdk/2.1.1/lib/tinyusb/src/common/tusb_fifo.c.o
                0x10004a84                tu_fifo_read_n
 .text.tu_fifo_write
                0x10004b6c       0xa4 CMakeFiles/mp3.dir/home/adam/.pico-sdk/sdk/2.1.1/lib/tinyusb/src/common/tusb_fifo.c.o
                0x10004b6c                tu_fifo_write
 .text.tu_fifo_write_n
                0x10004c10      0x178 CMakeFiles/mp3.dir/home/adam/.pico-sdk/sdk/2.1.1/lib/tinyusb/src/common/tusb_fifo.c.o
                0x10004c10                tu_fifo_write_n
 .text.tu_fifo_clear
                0x10004d88       0x40 CMakeFiles/mp3.dir/home/adam/.pico-sdk/sdk/2.1.1/lib/tinyusb/src/common/tusb_fifo.c.o
                0x10004d88                tu_fifo_clear
 .text.tu_fifo_set_overwritable
                0x10004dc8       0x48 CMakeFiles/mp3.dir/home/adam/.pico-sdk/sdk/2.1.1/lib/tinyusb/src/common/tusb_fifo.c.o
                0x10004dc8                tu_fifo_set_overwritable
 .text.i2c_write_blocking_internal.constprop.0
                0x10004e10       0xf8 CMakeFiles/mp3.dir/home/adam/.pico-sdk/sdk/2.1.1/src/rp2_common/hardware_i2c/i2c.c.o
 .text.i2c_set_baudrate
                0x10004f08       0xc0 CMakeFiles/mp3.dir/home/adam/.pico-sdk/sdk/2.1.1/src/rp2_common/hardware_i2c/i2c.c.o
                0x10004f08                i2c_set_baudrate
 .text.i2c_init
                0x10004fc8       0x50 CMakeFiles/mp3.dir/home/adam/.pico-sdk/sdk/2.1.1/src/rp2_common/hardware_i2c/i2c.c.o
                0x10004fc8                i2c_init
 .text.i2c_write_blocking
                0x10005018       0x14 CMakeFiles/mp3.dir/home/adam/.pico-sdk/sdk/2.1.1/src/rp2_common/hardware_i2c/i2c.c.o
                0x10005018                i2c_write_blocking
 .text.strlen   0x1000502c       0x5c /home/adam/.pico-sdk/toolchain/14_2_Rel1/bin/../lib/gcc/arm-none-eabi/14.2.1/../../../../arm-none-eabi/lib/thumb/v6-m/nofp/libg.a(libc_a-strlen-stub.o)
                0x1000502c                strlen
 *(.fini)
 .fini          0x10005088        0x4 /home/adam/.pico-sdk/toolchain/14_2_Rel1/bin/../lib/gcc/arm-none-eabi/14.2.1/thumb/v6-m/nofp/crti.o
                0x10005088                _fini
 *fill*         0x1000508c        0x4 
 .fini.__stub   0x10005090       0xb0 linker stubs
 *crtbegin.o(.ctors)
 *crtbegin?.o(.ctors)
 *(EXCLUDE_FILE(*crtend.o *crtend?.o) .ctors)
 *(SORT_BY_NAME(.ctors.*))
 *(.ctors)
 *crtbegin.o(.dtors)
 *crtbegin?.o(.dtors)
 *(EXCLUDE_FILE(*crtend.o *crtend?.o) .dtors)
 *(SORT_BY_NAME(.dtors.*))
 *(.dtors)
                0x10005140                        . = ALIGN (0x4)
                0x10005140                        PROVIDE (__preinit_array_start = .)
 *(SORT_BY_NAME(.preinit_array.*))
 .preinit_array.00100
                0x10005140        0x4 CMakeFiles/mp3.dir/home/adam/.pico-sdk/sdk/2.1.1/src/rp2_common/pico_runtime_init/runtime_init.c.o
                0x10005140                __pre_init_runtime_init_early_resets
 .preinit_array.00101
                0x10005144        0x4 CMakeFiles/mp3.dir/home/adam/.pico-sdk/sdk/2.1.1/src/rp2_common/pico_runtime_init/runtime_init.c.o
                0x10005144                __pre_init_runtime_init_usb_power_down
 .preinit_array.00275
                0x10005148        0x4 CMakeFiles/mp3.dir/home/adam/.pico-sdk/sdk/2.1.1/src/rp2_common/pico_bit_ops/bit_ops_aeabi.S.o
 .preinit_array.00300
                0x1000514c        0x4 CMakeFiles/mp3.dir/home/adam/.pico-sdk/sdk/2.1.1/src/rp2_common/pico_mem_ops/mem_ops_aeabi.S.o
 .preinit_array.00350
                0x10005150        0x4 CMakeFiles/mp3.dir/home/adam/.pico-sdk/sdk/2.1.1/src/rp2_common/pico_double/double_aeabi_rp2040.S.o
 .preinit_array.00350
                0x10005154        0x4 CMakeFiles/mp3.dir/home/adam/.pico-sdk/sdk/2.1.1/src/rp2_common/pico_float/float_aeabi_rp2040.S.o
 .preinit_array.00500
                0x10005158        0x4 CMakeFiles/mp3.dir/home/adam/.pico-sdk/sdk/2.1.1/src/rp2_common/pico_runtime_init/runtime_init.c.o
                0x10005158                __pre_init_runtime_init_clocks
 .preinit_array.00600
                0x1000515c        0x4 CMakeFiles/mp3.dir/home/adam/.pico-sdk/sdk/2.1.1/src/rp2_common/pico_runtime_init/runtime_init.c.o
                0x1000515c                __pre_init_runtime_init_post_clock_resets
 .preinit_array.00700
                0x10005160        0x4 CMakeFiles/mp3.dir/home/adam/.pico-sdk/sdk/2.1.1/src/rp2_common/pico_runtime_init/runtime_init.c.o
                0x10005160                __pre_init_runtime_init_rp2040_gpio_ie_disable
 .preinit_array.01000
                0x10005164        0x4 CMakeFiles/mp3.dir/home/adam/.pico-sdk/sdk/2.1.1/src/rp2_common/pico_runtime_init/runtime_init.c.o
                0x10005164                __pre_init_runtime_init_spin_locks_reset
 .preinit_array.01100
                0x10005168        0x4 CMakeFiles/mp3.dir/home/adam/.pico-sdk/sdk/2.1.1/src/common/pico_sync/mutex.c.o
                0x10005168                __pre_init_runtime_init_mutex
 .preinit_array.10080
                0x1000516c        0x4 CMakeFiles/mp3.dir/home/adam/.pico-sdk/sdk/2.1.1/src/rp2_common/pico_runtime_init/runtime_init.c.o
                0x1000516c                __pre_init_runtime_init_install_ram_vector_table
 .preinit_array.11000
                0x10005170        0x4 CMakeFiles/mp3.dir/home/adam/.pico-sdk/sdk/2.1.1/src/common/pico_time/time.c.o
                0x10005170                __pre_init_runtime_init_default_alarm_pool
 .preinit_array.YYYYY
                0x10005174        0x4 CMakeFiles/mp3.dir/home/adam/.pico-sdk/sdk/2.1.1/src/rp2_common/pico_runtime/runtime.c.o
                0x10005174                __pre_init_first_per_core_initializer
 .preinit_array.ZZZZZ.01200
                0x10005178        0x4 CMakeFiles/mp3.dir/home/adam/.pico-sdk/sdk/2.1.1/src/rp2_common/hardware_irq/irq.c.o
                0x10005178                __pre_init_runtime_init_per_core_irq_priorities
 *(.preinit_array)
                0x1000517c                        PROVIDE (__preinit_array_end = .)
                0x1000517c                        . = ALIGN (0x4)
                0x1000517c                        PROVIDE (__init_array_start = .)
 *(SORT_BY_NAME(.init_array.*))
 *(.init_array)
 .init_array    0x1000517c        0x4 /home/adam/.pico-sdk/toolchain/14_2_Rel1/bin/../lib/gcc/arm-none-eabi/14.2.1/thumb/v6-m/nofp/crtbegin.o
 .init_array    0x10005180        0x4 CMakeFiles/mp3.dir/home/adam/.pico-sdk/sdk/2.1.1/src/rp2_common/pico_unique_id/unique_id.c.o
                0x10005184                        PROVIDE (__init_array_end = .)
                0x10005184                        . = ALIGN (0x4)
                [!provide]                        PROVIDE (__fini_array_start = .)
 *(SORT_BY_NAME(.fini_array.*))
 *(.fini_array)
                [!provide]                        PROVIDE (__fini_array_end = .)
 *(.eh_frame*)
 .eh_frame      0x10005184        0x0 /home/adam/.pico-sdk/toolchain/14_2_Rel1/bin/../lib/gcc/arm-none-eabi/14.2.1/thumb/v6-m/nofp/crtbegin.o
                0x10005184                        . = ALIGN (0x4)

.glue_7         0x10005184        0x0
 .glue_7        0x10005184        0x0 linker stubs

.glue_7t        0x10005184        0x0
 .glue_7t       0x10005184        0x0 linker stubs

.vfp11_veneer   0x10005184        0x0
 .vfp11_veneer  0x10005184        0x0 linker stubs

.v4_bx          0x10005184        0x0
 .v4_bx         0x10005184        0x0 linker stubs

.iplt           0x10005184        0x0
 .iplt          0x10005184        0x0 /home/adam/.pico-sdk/toolchain/14_2_Rel1/bin/../lib/gcc/arm-none-eabi/14.2.1/thumb/v6-m/nofp/crtbegin.o

.rodata         0x10005184      0xc78
 *(EXCLUDE_FILE(*libm.a: *libc.a:*lib_a-mem*.o *libgcc.a:) .rodata*)
 .rodata.main.str1.4
                0x10005184      0x16c CMakeFiles/mp3.dir/main.cpp.o
                                 0x17 (size before relaxing)
 .rodata._ZZ9oled_initvE9init_cmds
                0x100052f0       0x19 CMakeFiles/mp3.dir/oled.cpp.o
 *fill*         0x10005309        0x3 
 .rodata._ZL8fontData
                0x1000530c      0x23a CMakeFiles/mp3.dir/fonts/small.cpp.o
 *fill*         0x10005546        0x2 
 .rodata._ZL8fontData
                0x10005548      0x5f0 CMakeFiles/mp3.dir/fonts/medium.cpp.o
 .rodata.panic.str1.4
                0x10005b38       0x12 CMakeFiles/mp3.dir/home/adam/.pico-sdk/sdk/2.1.1/src/rp2_common/pico_platform_panic/panic.c.o
 .rodata.spin_lock_claim_unused.str1.4
                0x10005b38       0x1b CMakeFiles/mp3.dir/home/adam/.pico-sdk/sdk/2.1.1/src/rp2_common/hardware_sync/sync.c.o
 .rodata.user_irq_claim_unused.str1.4
                0x10005b38       0x1b CMakeFiles/mp3.dir/home/adam/.pico-sdk/sdk/2.1.1/src/rp2_common/hardware_irq/irq.c.o
 .rodata.timer_hardware_alarm_claim.str1.4
                0x10005b38       0x22 CMakeFiles/mp3.dir/home/adam/.pico-sdk/sdk/2.1.1/src/rp2_common/hardware_timer/timer.c.o
 .rodata.hard_assertion_failure.str1.4
                0x10005b38        0xc CMakeFiles/mp3.dir/home/adam/.pico-sdk/sdk/2.1.1/src/rp2_common/pico_runtime/runtime.c.o
 .rodata.str1.4
                0x10005b38       0x3c CMakeFiles/mp3.dir/home/adam/.pico-sdk/sdk/2.1.1/src/rp2_common/pico_standard_binary_info/standard_binary_info.c.o
 .rodata.__bi_84
                0x10005b38        0xc CMakeFiles/mp3.dir/home/adam/.pico-sdk/sdk/2.1.1/src/rp2_common/pico_standard_binary_info/standard_binary_info.c.o
 .rodata.__bi_78
                0x10005b44        0xc CMakeFiles/mp3.dir/home/adam/.pico-sdk/sdk/2.1.1/src/rp2_common/pico_standard_binary_info/standard_binary_info.c.o
 .rodata.__bi_60
                0x10005b50        0xc CMakeFiles/mp3.dir/home/adam/.pico-sdk/sdk/2.1.1/src/rp2_common/pico_standard_binary_info/standard_binary_info.c.o
 .rodata.__bi_54
                0x10005b5c        0xc CMakeFiles/mp3.dir/home/adam/.pico-sdk/sdk/2.1.1/src/rp2_common/pico_standard_binary_info/standard_binary_info.c.o
 .rodata.__bi_48
                0x10005b68        0xc CMakeFiles/mp3.dir/home/adam/.pico-sdk/sdk/2.1.1/src/rp2_common/pico_standard_binary_info/standard_binary_info.c.o
 .rodata.__bi_42
                0x10005b74        0xc CMakeFiles/mp3.dir/home/adam/.pico-sdk/sdk/2.1.1/src/rp2_common/pico_standard_binary_info/standard_binary_info.c.o
 .rodata.__bi_34
                0x10005b80        0xc CMakeFiles/mp3.dir/home/adam/.pico-sdk/sdk/2.1.1/src/rp2_common/pico_standard_binary_info/standard_binary_info.c.o
 .rodata.__bi_26
                0x10005b8c        0xc CMakeFiles/mp3.dir/home/adam/.pico-sdk/sdk/2.1.1/src/rp2_common/pico_standard_binary_info/standard_binary_info.c.o
 .rodata.crlf_str.0
                0x10005b98        0x2 CMakeFiles/mp3.dir/home/adam/.pico-sdk/sdk/2.1.1/src/rp2_common/pico_stdio/stdio.c.o
 *fill*         0x10005b9a        0x2 
 .rodata._resetd_driver
                0x10005b9c       0x20 CMakeFiles/mp3.dir/home/adam/.pico-sdk/sdk/2.1.1/src/rp2_common/pico_stdio_usb/reset_interface.c.o
 .rodata.desc_ms_os_20
                0x10005bbc       0xa6 CMakeFiles/mp3.dir/home/adam/.pico-sdk/sdk/2.1.1/src/rp2_common/pico_stdio_usb/reset_interface.c.o
 *fill*         0x10005c62        0x2 
 .rodata.desc_bos
                0x10005c64       0x21 CMakeFiles/mp3.dir/home/adam/.pico-sdk/sdk/2.1.1/src/rp2_common/pico_stdio_usb/reset_interface.c.o
                0x10005c64                desc_bos
 .rodata.str1.4
                0x10005c85       0x13 CMakeFiles/mp3.dir/home/adam/.pico-sdk/sdk/2.1.1/src/rp2_common/pico_stdio_usb/stdio_usb.c.o
 *fill*         0x10005c85        0x3 
 .rodata.__bi_197.0
                0x10005c88        0xc CMakeFiles/mp3.dir/home/adam/.pico-sdk/sdk/2.1.1/src/rp2_common/pico_stdio_usb/stdio_usb.c.o
 .rodata.str1.4
                0x10005c94       0x2a CMakeFiles/mp3.dir/home/adam/.pico-sdk/sdk/2.1.1/src/rp2_common/pico_stdio_usb/stdio_usb_descriptors.c.o
 .rodata.usbd_desc_str
                0x10005c94       0x18 CMakeFiles/mp3.dir/home/adam/.pico-sdk/sdk/2.1.1/src/rp2_common/pico_stdio_usb/stdio_usb_descriptors.c.o
 .rodata.usbd_desc_cfg
                0x10005cac       0x54 CMakeFiles/mp3.dir/home/adam/.pico-sdk/sdk/2.1.1/src/rp2_common/pico_stdio_usb/stdio_usb_descriptors.c.o
 .rodata.usbd_desc_device
                0x10005d00       0x12 CMakeFiles/mp3.dir/home/adam/.pico-sdk/sdk/2.1.1/src/rp2_common/pico_stdio_usb/stdio_usb_descriptors.c.o
 .rodata.str1.4
                0x10005d12       0x14 CMakeFiles/mp3.dir/home/adam/.pico-sdk/sdk/2.1.1/lib/tinyusb/src/portable/raspberrypi/rp2040/dcd_rp2040.c.o
 .rodata.str1.4
                0x10005d12       0x48 CMakeFiles/mp3.dir/home/adam/.pico-sdk/sdk/2.1.1/lib/tinyusb/src/portable/raspberrypi/rp2040/rp2040_usb.c.o
 *fill*         0x10005d12        0x2 
 .rodata.tud_task_ext
                0x10005d14       0x8c CMakeFiles/mp3.dir/home/adam/.pico-sdk/sdk/2.1.1/lib/tinyusb/src/device/usbd.c.o
 .rodata        0x10005da0       0x1c CMakeFiles/mp3.dir/home/adam/.pico-sdk/sdk/2.1.1/lib/tinyusb/src/device/usbd.c.o
 .rodata._usbd_driver
                0x10005dbc       0x40 CMakeFiles/mp3.dir/home/adam/.pico-sdk/sdk/2.1.1/lib/tinyusb/src/device/usbd.c.o
                0x10005dfc                        . = ALIGN (0x4)
 *(SORT_BY_ALIGNMENT(SORT_BY_NAME(.flashdata*)))
                0x10005dfc                        . = ALIGN (0x4)

.ARM.extab
 *(.ARM.extab* .gnu.linkonce.armextab.*)
                0x10005dfc                        __exidx_start = .

.ARM.exidx
 *(.ARM.exidx* .gnu.linkonce.armexidx.*)
                0x10005dfc                        __exidx_end = .
                0x10005dfc                        . = ALIGN (0x4)
                0x10005dfc                        __binary_info_start = .

.binary_info    0x10005dfc       0x24
 *(.binary_info.keep.*)
 .binary_info.keep.__bi_ptr84
                0x10005dfc        0x4 CMakeFiles/mp3.dir/home/adam/.pico-sdk/sdk/2.1.1/src/rp2_common/pico_standard_binary_info/standard_binary_info.c.o
 .binary_info.keep.__bi_ptr78
                0x10005e00        0x4 CMakeFiles/mp3.dir/home/adam/.pico-sdk/sdk/2.1.1/src/rp2_common/pico_standard_binary_info/standard_binary_info.c.o
 .binary_info.keep.__bi_ptr60
                0x10005e04        0x4 CMakeFiles/mp3.dir/home/adam/.pico-sdk/sdk/2.1.1/src/rp2_common/pico_standard_binary_info/standard_binary_info.c.o
 .binary_info.keep.__bi_ptr54
                0x10005e08        0x4 CMakeFiles/mp3.dir/home/adam/.pico-sdk/sdk/2.1.1/src/rp2_common/pico_standard_binary_info/standard_binary_info.c.o
 .binary_info.keep.__bi_ptr48
                0x10005e0c        0x4 CMakeFiles/mp3.dir/home/adam/.pico-sdk/sdk/2.1.1/src/rp2_common/pico_standard_binary_info/standard_binary_info.c.o
 .binary_info.keep.__bi_ptr42
                0x10005e10        0x4 CMakeFiles/mp3.dir/home/adam/.pico-sdk/sdk/2.1.1/src/rp2_common/pico_standard_binary_info/standard_binary_info.c.o
 .binary_info.keep.__bi_ptr34
                0x10005e14        0x4 CMakeFiles/mp3.dir/home/adam/.pico-sdk/sdk/2.1.1/src/rp2_common/pico_standard_binary_info/standard_binary_info.c.o
 .binary_info.keep.__bi_ptr26
                0x10005e18        0x4 CMakeFiles/mp3.dir/home/adam/.pico-sdk/sdk/2.1.1/src/rp2_common/pico_standard_binary_info/standard_binary_info.c.o
 *(.binary_info.*)
 .binary_info.__bi_ptr197
                0x10005e1c        0x4 CMakeFiles/mp3.dir/home/adam/.pico-sdk/sdk/2.1.1/src/rp2_common/pico_stdio_usb/stdio_usb.c.o
                0x10005e20                        __binary_info_end = .

.rel.dyn        0x10005e20        0x0
 .rel.iplt      0x10005e20        0x0 /home/adam/.pico-sdk/toolchain/14_2_Rel1/bin/../lib/gcc/arm-none-eabi/14.2.1/thumb/v6-m/nofp/crtbegin.o
                0x10005e20                        . = ALIGN (0x4)

.ram_vector_table
                0x20000000       0xc0
 *(.ram_vector_table)
 .ram_vector_table
                0x20000000       0xc0 CMakeFiles/mp3.dir/home/adam/.pico-sdk/sdk/2.1.1/src/rp2_common/pico_runtime_init/runtime_init.c.o
                0x20000000                ram_vector_table

.uninitialized_data
                0x200000c0        0x0
                0x200000c0                        . = ALIGN (0x4)
 *(.uninitialized_data*)

.data           0x200000c0      0xfb0 load address 0x10005e20
                0x200000c0                        __data_start__ = .
 *(vtable)
 *(.time_critical*)
 .time_critical.mutex_try_enter
                0x200000c0       0x40 CMakeFiles/mp3.dir/home/adam/.pico-sdk/sdk/2.1.1/src/common/pico_sync/mutex.c.o
                0x200000c0                mutex_try_enter
 .time_critical.mutex_try_enter_block_until
                0x20000100       0x98 CMakeFiles/mp3.dir/home/adam/.pico-sdk/sdk/2.1.1/src/common/pico_sync/mutex.c.o
                0x20000100                mutex_try_enter_block_until
 .time_critical.mutex_enter_timeout_ms
                0x20000198       0x8c CMakeFiles/mp3.dir/home/adam/.pico-sdk/sdk/2.1.1/src/common/pico_sync/mutex.c.o
                0x20000198                mutex_enter_timeout_ms
 .time_critical.mutex_exit
                0x20000224       0x28 CMakeFiles/mp3.dir/home/adam/.pico-sdk/sdk/2.1.1/src/common/pico_sync/mutex.c.o
                0x20000224                mutex_exit
 .time_critical.flash_init_boot2_copyout
                0x2000024c       0x30 CMakeFiles/mp3.dir/home/adam/.pico-sdk/sdk/2.1.1/src/rp2_common/hardware_flash/flash.c.o
 .time_critical.flash_enable_xip_via_boot2
                0x2000027c        0xc CMakeFiles/mp3.dir/home/adam/.pico-sdk/sdk/2.1.1/src/rp2_common/hardware_flash/flash.c.o
 .time_critical.flash_cs_force
                0x20000288       0x38 CMakeFiles/mp3.dir/home/adam/.pico-sdk/sdk/2.1.1/src/rp2_common/hardware_flash/flash.c.o
 .time_critical.flash_do_cmd
                0x200002c0      0x130 CMakeFiles/mp3.dir/home/adam/.pico-sdk/sdk/2.1.1/src/rp2_common/hardware_flash/flash.c.o
                0x200002c0                flash_do_cmd
 .time_critical.reset_non_control_endpoints
                0x200003f0       0x68 CMakeFiles/mp3.dir/home/adam/.pico-sdk/sdk/2.1.1/lib/tinyusb/src/portable/raspberrypi/rp2040/dcd_rp2040.c.o
 .time_critical.hw_handle_buff_status
                0x20000458       0xa0 CMakeFiles/mp3.dir/home/adam/.pico-sdk/sdk/2.1.1/lib/tinyusb/src/portable/raspberrypi/rp2040/dcd_rp2040.c.o
 .time_critical.dcd_rp2040_irq
                0x200004f8      0x548 CMakeFiles/mp3.dir/home/adam/.pico-sdk/sdk/2.1.1/lib/tinyusb/src/portable/raspberrypi/rp2040/dcd_rp2040.c.o
 .time_critical.prepare_ep_buffer
                0x20000a40       0xc8 CMakeFiles/mp3.dir/home/adam/.pico-sdk/sdk/2.1.1/lib/tinyusb/src/portable/raspberrypi/rp2040/rp2040_usb.c.o
 .time_critical.sync_ep_buffer
                0x20000b08       0x9c CMakeFiles/mp3.dir/home/adam/.pico-sdk/sdk/2.1.1/lib/tinyusb/src/portable/raspberrypi/rp2040/rp2040_usb.c.o
 .time_critical._hw_endpoint_xfer_sync
                0x20000ba4       0x28 CMakeFiles/mp3.dir/home/adam/.pico-sdk/sdk/2.1.1/lib/tinyusb/src/portable/raspberrypi/rp2040/rp2040_usb.c.o
 .time_critical.e15_is_bulkin_ep
                0x20000bcc       0x28 CMakeFiles/mp3.dir/home/adam/.pico-sdk/sdk/2.1.1/lib/tinyusb/src/portable/raspberrypi/rp2040/rp2040_usb.c.o
 .time_critical.e15_is_critical_frame_period
                0x20000bf4       0x34 CMakeFiles/mp3.dir/home/adam/.pico-sdk/sdk/2.1.1/lib/tinyusb/src/portable/raspberrypi/rp2040/rp2040_usb.c.o
 .time_critical.hw_endpoint_reset_transfer
                0x20000c28        0xc CMakeFiles/mp3.dir/home/adam/.pico-sdk/sdk/2.1.1/lib/tinyusb/src/portable/raspberrypi/rp2040/rp2040_usb.c.o
                0x20000c28                hw_endpoint_reset_transfer
 .time_critical._hw_endpoint_buffer_control_update32
                0x20000c34       0x50 CMakeFiles/mp3.dir/home/adam/.pico-sdk/sdk/2.1.1/lib/tinyusb/src/portable/raspberrypi/rp2040/rp2040_usb.c.o
                0x20000c34                _hw_endpoint_buffer_control_update32
 .time_critical.hw_endpoint_start_next_buffer
                0x20000c84       0x68 CMakeFiles/mp3.dir/home/adam/.pico-sdk/sdk/2.1.1/lib/tinyusb/src/portable/raspberrypi/rp2040/rp2040_usb.c.o
                0x20000c84                hw_endpoint_start_next_buffer
 .time_critical.hw_endpoint_xfer_continue
                0x20000cec       0x40 CMakeFiles/mp3.dir/home/adam/.pico-sdk/sdk/2.1.1/lib/tinyusb/src/portable/raspberrypi/rp2040/rp2040_usb.c.o
                0x20000cec                hw_endpoint_xfer_continue
 .time_critical.tinyusb
                0x20000d2c      0x1e4 CMakeFiles/mp3.dir/home/adam/.pico-sdk/sdk/2.1.1/lib/tinyusb/src/device/usbd.c.o
                0x20000d2c                dcd_event_handler
 *(.text*)
 .text          0x20000f10        0x4 /home/adam/.pico-sdk/toolchain/14_2_Rel1/bin/../lib/gcc/arm-none-eabi/14.2.1/thumb/v6-m/nofp/libgcc.a(_dvmd_tls.o)
                0x20000f10                __aeabi_ldiv0
                0x20000f10                __aeabi_idiv0
 *fill*         0x20000f14        0x4 
 .text.__stub   0x20000f18       0x80 linker stubs
                0x20000f98                        . = ALIGN (0x4)
 *(.rodata*)
                0x20000f98                        . = ALIGN (0x4)
 *(.data*)
 .data.battery_level
                0x20000f98        0x4 CMakeFiles/mp3.dir/main.cpp.o
                0x20000f98                battery_level
 .data.striped_spin_lock_num
                0x20000f9c        0x1 CMakeFiles/mp3.dir/home/adam/.pico-sdk/sdk/2.1.1/src/rp2_common/hardware_sync/sync.c.o
 *fill*         0x20000f9d        0x3 
 .data          0x20000fa0       0x48 CMakeFiles/mp3.dir/home/adam/.pico-sdk/sdk/2.1.1/src/rp2_common/hardware_irq/irq_handler_chain.S.o
                0x20000fa0                irq_handler_chain_slots
                0x20000fd0                irq_handler_chain_first_slot
                0x20000fda                irq_handler_chain_remove_tail
 .data.default_alarm_pool
                0x20000fe8       0x18 CMakeFiles/mp3.dir/home/adam/.pico-sdk/sdk/2.1.1/src/common/pico_time/time.c.o
 *fill*         0x20001000        0x0 
 .data.aeabi_bits_funcs
                0x20001000       0x10 CMakeFiles/mp3.dir/home/adam/.pico-sdk/sdk/2.1.1/src/rp2_common/pico_bit_ops/bit_ops_aeabi.S.o
                0x20001000                aeabi_bits_funcs
                0x20001010                aeabi_bits_funcs_end
 .data.aeabi_mem_funcs
                0x20001010       0x10 CMakeFiles/mp3.dir/home/adam/.pico-sdk/sdk/2.1.1/src/rp2_common/pico_mem_ops/mem_ops_aeabi.S.o
                0x20001010                aeabi_mem_funcs
                0x20001020                aeabi_mem_funcs_end
 .data.stdio_usb
                0x20001020       0x18 CMakeFiles/mp3.dir/home/adam/.pico-sdk/sdk/2.1.1/src/rp2_common/pico_stdio_usb/stdio_usb.c.o
                0x20001020                stdio_usb
 .data._usbd_qdef
                0x20001038       0x1c CMakeFiles/mp3.dir/home/adam/.pico-sdk/sdk/2.1.1/lib/tinyusb/src/device/usbd.c.o
                0x20001038                _usbd_qdef
 .data._usbd_rhport
                0x20001054        0x1 CMakeFiles/mp3.dir/home/adam/.pico-sdk/sdk/2.1.1/lib/tinyusb/src/device/usbd.c.o
 *fill*         0x20001055        0x3 
 .data.i2c1_inst
                0x20001058        0x8 CMakeFiles/mp3.dir/home/adam/.pico-sdk/sdk/2.1.1/src/rp2_common/hardware_i2c/i2c.c.o
                0x20001058                i2c1_inst
 .data.i2c0_inst
                0x20001060        0x8 CMakeFiles/mp3.dir/home/adam/.pico-sdk/sdk/2.1.1/src/rp2_common/hardware_i2c/i2c.c.o
                0x20001060                i2c0_inst
                0x20001068                        . = ALIGN (0x4)
 *(.after_data.*)
                0x20001068                        . = ALIGN (0x4)
                0x20001068                        PROVIDE (__mutex_array_start = .)
 *(SORT_BY_NAME(.mutex_array.*))
 *(.mutex_array)
 .mutex_array   0x20001068        0x8 CMakeFiles/mp3.dir/home/adam/.pico-sdk/sdk/2.1.1/src/rp2_common/pico_stdio/stdio.c.o
                0x20001070                        PROVIDE (__mutex_array_end = .)
                0x20001070                        . = ALIGN (0x4)
 *(.jcr)
                0x20001070                        . = ALIGN (0x4)

.tm_clone_table
                0x20001070        0x0 load address 0x10006dd0
 .tm_clone_table
                0x20001070        0x0 /home/adam/.pico-sdk/toolchain/14_2_Rel1/bin/../lib/gcc/arm-none-eabi/14.2.1/thumb/v6-m/nofp/crtbegin.o
 .tm_clone_table
                0x20001070        0x0 /home/adam/.pico-sdk/toolchain/14_2_Rel1/bin/../lib/gcc/arm-none-eabi/14.2.1/thumb/v6-m/nofp/crtend.o

.igot.plt       0x20001070        0x0 load address 0x10006dd0
 .igot.plt      0x20001070        0x0 /home/adam/.pico-sdk/toolchain/14_2_Rel1/bin/../lib/gcc/arm-none-eabi/14.2.1/thumb/v6-m/nofp/crtbegin.o

.tdata          0x20001070        0x0 load address 0x10006dd0
                0x20001070                        . = ALIGN (0x4)
 *(.tdata .tdata.* .gnu.linkonce.td.*)
                0x20001070                        __tdata_end = .
                0x20001070                        PROVIDE (__data_end__ = .)
                0x10005e20                        __etext = LOADADDR (.data)

.tbss           0x20001070        0x0 load address 0x10006dd0
                0x20001070                        . = ALIGN (0x4)
                0x20001070                        __bss_start__ = .
                0x20001070                        __tls_base = .
 *(.tbss .tbss.* .gnu.linkonce.tb.*)
 *(.tcommon)
                0x20001070                        __tls_end = .

.bss            0x20001070     0x130c load address 0x10006dd0
                0x20001070                        . = ALIGN (0x4)
                0x20001070                        __tbss_end = .
 *(SORT_BY_ALIGNMENT(SORT_BY_NAME(.bss*)))
 .bss.default_alarm_pool_entries
                0x20001070      0x180 CMakeFiles/mp3.dir/home/adam/.pico-sdk/sdk/2.1.1/src/common/pico_time/time.c.o
 .bss.last_avail_time.1
                0x200011f0        0x8 CMakeFiles/mp3.dir/home/adam/.pico-sdk/sdk/2.1.1/src/rp2_common/pico_stdio_usb/stdio_usb.c.o
 .bss.sd_table  0x200011f8      0x100 CMakeFiles/mp3.dir/home/adam/.pico-sdk/sdk/2.1.1/src/rp2_common/pico_double/double_init_rom_rp2040.c.o
                0x200011f8                sd_table
 .bss.sf_table  0x200012f8      0x100 CMakeFiles/mp3.dir/home/adam/.pico-sdk/sdk/2.1.1/src/rp2_common/pico_float/float_init_rom_rp2040.c.o
                0x200012f8                sf_table
 .bss._app_driver
                0x200013f8        0x4 CMakeFiles/mp3.dir/home/adam/.pico-sdk/sdk/2.1.1/lib/tinyusb/src/device/usbd.c.o
 .bss._cdcd_epbuf
                0x200013fc       0x80 CMakeFiles/mp3.dir/home/adam/.pico-sdk/sdk/2.1.1/lib/tinyusb/src/class/cdc/cdc_device.c.o
 .bss._cdcd_fifo_cfg
                0x2000147c        0x1 CMakeFiles/mp3.dir/home/adam/.pico-sdk/sdk/2.1.1/lib/tinyusb/src/class/cdc/cdc_device.c.o
 *fill*         0x2000147d        0x3 
 .bss._cdcd_itf
                0x20001480       0xc8 CMakeFiles/mp3.dir/home/adam/.pico-sdk/sdk/2.1.1/lib/tinyusb/src/class/cdc/cdc_device.c.o
 .bss._ctrl_epbuf
                0x20001548       0x40 CMakeFiles/mp3.dir/home/adam/.pico-sdk/sdk/2.1.1/lib/tinyusb/src/device/usbd_control.c.o
 .bss._ctrl_xfer
                0x20001588       0x14 CMakeFiles/mp3.dir/home/adam/.pico-sdk/sdk/2.1.1/lib/tinyusb/src/device/usbd_control.c.o
 .bss._tusb_rhport_role
                0x2000159c        0x2 CMakeFiles/mp3.dir/home/adam/.pico-sdk/sdk/2.1.1/lib/tinyusb/src/tusb.c.o
                0x2000159c                _tusb_rhport_role
 *fill*         0x2000159e        0x2 
 .bss._ubsd_mutexdef
                0x200015a0        0x8 CMakeFiles/mp3.dir/home/adam/.pico-sdk/sdk/2.1.1/lib/tinyusb/src/device/usbd.c.o
 .bss._usbd_dev
                0x200015a8       0x54 CMakeFiles/mp3.dir/home/adam/.pico-sdk/sdk/2.1.1/lib/tinyusb/src/device/usbd.c.o
 .bss._usbd_mutex
                0x200015fc        0x4 CMakeFiles/mp3.dir/home/adam/.pico-sdk/sdk/2.1.1/lib/tinyusb/src/device/usbd.c.o
 .bss._usbd_q   0x20001600        0x4 CMakeFiles/mp3.dir/home/adam/.pico-sdk/sdk/2.1.1/lib/tinyusb/src/device/usbd.c.o
 .bss._usbd_qdef_buf
                0x20001604       0xc0 CMakeFiles/mp3.dir/home/adam/.pico-sdk/sdk/2.1.1/lib/tinyusb/src/device/usbd.c.o
                0x20001604                _usbd_qdef_buf
 .bss._vendord_epbuf
                0x200016c4       0x80 CMakeFiles/mp3.dir/home/adam/.pico-sdk/sdk/2.1.1/lib/tinyusb/src/class/vendor/vendor_device.c.o
 .bss._vendord_itf
                0x20001744      0x24c CMakeFiles/mp3.dir/home/adam/.pico-sdk/sdk/2.1.1/lib/tinyusb/src/class/vendor/vendor_device.c.o
 .bss.boot2_copyout
                0x20001990      0x100 CMakeFiles/mp3.dir/home/adam/.pico-sdk/sdk/2.1.1/src/rp2_common/hardware_flash/flash.c.o
 .bss.buffer    0x20001a90      0x400 CMakeFiles/mp3.dir/oled.cpp.o
                0x20001a90                buffer
 .bss.callbacks
                0x20001e90        0x8 CMakeFiles/mp3.dir/home/adam/.pico-sdk/sdk/2.1.1/src/rp2_common/hardware_gpio/gpio.c.o
 .bss.chars_available_callback
                0x20001e98        0x4 CMakeFiles/mp3.dir/home/adam/.pico-sdk/sdk/2.1.1/src/rp2_common/pico_stdio_usb/stdio_usb.c.o
 .bss.chars_available_param
                0x20001e9c        0x4 CMakeFiles/mp3.dir/home/adam/.pico-sdk/sdk/2.1.1/src/rp2_common/pico_stdio_usb/stdio_usb.c.o
 .bss.claimed   0x20001ea0        0x4 CMakeFiles/mp3.dir/home/adam/.pico-sdk/sdk/2.1.1/src/rp2_common/hardware_sync/sync.c.o
 .bss.claimed   0x20001ea4        0x1 CMakeFiles/mp3.dir/home/adam/.pico-sdk/sdk/2.1.1/src/rp2_common/hardware_timer/timer.c.o
 *fill*         0x20001ea5        0x3 
 .bss.configured_freq
                0x20001ea8       0x28 CMakeFiles/mp3.dir/home/adam/.pico-sdk/sdk/2.1.1/src/rp2_common/hardware_clocks/clocks.c.o
 .bss.desc_str.0
                0x20001ed0       0x28 CMakeFiles/mp3.dir/home/adam/.pico-sdk/sdk/2.1.1/src/rp2_common/pico_stdio_usb/stdio_usb_descriptors.c.o
 .bss.drivers   0x20001ef8        0x4 CMakeFiles/mp3.dir/home/adam/.pico-sdk/sdk/2.1.1/src/rp2_common/pico_stdio/stdio.c.o
 .bss.e15_last_sof
                0x20001efc        0x4 CMakeFiles/mp3.dir/home/adam/.pico-sdk/sdk/2.1.1/lib/tinyusb/src/portable/raspberrypi/rp2040/rp2040_usb.c.o
                0x20001efc                e15_last_sof
 .bss.filter    0x20001f00        0x4 CMakeFiles/mp3.dir/home/adam/.pico-sdk/sdk/2.1.1/src/rp2_common/pico_stdio/stdio.c.o
 .bss.hw_endpoints
                0x20001f04      0x400 CMakeFiles/mp3.dir/home/adam/.pico-sdk/sdk/2.1.1/lib/tinyusb/src/portable/raspberrypi/rp2040/dcd_rp2040.c.o
 .bss.lazy_vsnprintf
                0x20002304        0x4 CMakeFiles/mp3.dir/home/adam/.pico-sdk/sdk/2.1.1/src/rp2_common/pico_printf/printf.c.o
 .bss.load_value
                0x20002308        0x4 CMakeFiles/mp3.dir/home/adam/.pico-sdk/sdk/2.1.1/src/rp2_common/hardware_watchdog/watchdog.c.o
 .bss.next_buffer_ptr
                0x2000230c        0x4 CMakeFiles/mp3.dir/home/adam/.pico-sdk/sdk/2.1.1/lib/tinyusb/src/portable/raspberrypi/rp2040/dcd_rp2040.c.o
 .bss.object.0  0x20002310       0x18 /home/adam/.pico-sdk/toolchain/14_2_Rel1/bin/../lib/gcc/arm-none-eabi/14.2.1/thumb/v6-m/nofp/crtbegin.o
 .bss.one_shot_timer_crit_sec
                0x20002328        0x8 CMakeFiles/mp3.dir/home/adam/.pico-sdk/sdk/2.1.1/src/rp2_common/pico_stdio_usb/stdio_usb.c.o
 .bss.pools     0x20002330       0x10 CMakeFiles/mp3.dir/home/adam/.pico-sdk/sdk/2.1.1/src/common/pico_time/time.c.o
 .bss.raw_irq_mask
                0x20002340        0x8 CMakeFiles/mp3.dir/home/adam/.pico-sdk/sdk/2.1.1/src/rp2_common/hardware_gpio/gpio.c.o
 .bss.retrieved_id
                0x20002348        0x8 CMakeFiles/mp3.dir/home/adam/.pico-sdk/sdk/2.1.1/src/rp2_common/pico_unique_id/unique_id.c.o
 .bss.sf_clz_func
                0x20002350        0x4 CMakeFiles/mp3.dir/home/adam/.pico-sdk/sdk/2.1.1/src/rp2_common/pico_double/double_init_rom_rp2040.c.o
                0x20002350                sf_clz_func
 .bss.sleep_notifier
                0x20002354        0x4 CMakeFiles/mp3.dir/home/adam/.pico-sdk/sdk/2.1.1/src/common/pico_time/time.c.o
 .bss.stdio_usb_mutex
                0x20002358        0x8 CMakeFiles/mp3.dir/home/adam/.pico-sdk/sdk/2.1.1/src/rp2_common/pico_stdio_usb/stdio_usb.c.o
 .bss.usbd_serial_str
                0x20002360       0x11 CMakeFiles/mp3.dir/home/adam/.pico-sdk/sdk/2.1.1/src/rp2_common/pico_stdio_usb/stdio_usb_descriptors.c.o
 .bss._app_driver_count
                0x20002371        0x1 CMakeFiles/mp3.dir/home/adam/.pico-sdk/sdk/2.1.1/lib/tinyusb/src/device/usbd.c.o
 .bss._sof_enable
                0x20002372        0x1 CMakeFiles/mp3.dir/home/adam/.pico-sdk/sdk/2.1.1/lib/tinyusb/src/portable/raspberrypi/rp2040/dcd_rp2040.c.o
 .bss._usbd_queued_setup
                0x20002373        0x1 CMakeFiles/mp3.dir/home/adam/.pico-sdk/sdk/2.1.1/lib/tinyusb/src/device/usbd.c.o
 .bss.boot2_copyout_valid
                0x20002374        0x1 CMakeFiles/mp3.dir/home/adam/.pico-sdk/sdk/2.1.1/src/rp2_common/hardware_flash/flash.c.o
 .bss.irq_handler_chain_free_slot_head
                0x20002375        0x1 CMakeFiles/mp3.dir/home/adam/.pico-sdk/sdk/2.1.1/src/rp2_common/hardware_irq/irq.c.o
 .bss.itf_num   0x20002376        0x1 CMakeFiles/mp3.dir/home/adam/.pico-sdk/sdk/2.1.1/src/rp2_common/pico_stdio_usb/reset_interface.c.o
 .bss.low_priority_irq_num
                0x20002377        0x1 CMakeFiles/mp3.dir/home/adam/.pico-sdk/sdk/2.1.1/src/rp2_common/pico_stdio_usb/stdio_usb.c.o
 .bss.one_shot_timer_pending
                0x20002378        0x1 CMakeFiles/mp3.dir/home/adam/.pico-sdk/sdk/2.1.1/src/rp2_common/pico_stdio_usb/stdio_usb.c.o
 .bss.user_irq_claimed
                0x20002379        0x1 CMakeFiles/mp3.dir/home/adam/.pico-sdk/sdk/2.1.1/src/rp2_common/hardware_irq/irq.c.o
 *(COMMON)
                0x2000237c                        . = ALIGN (0x4)
 *fill*         0x2000237a        0x2 
                0x2000237c                        __bss_end__ = .

.heap           0x2000237c      0x800 load address 0x10006dd0
                0x2000237c                        __end__ = .
                0x2000237c                        end = __end__
 *(.heap*)
 .heap          0x2000237c      0x800 CMakeFiles/mp3.dir/home/adam/.pico-sdk/sdk/2.1.1/src/rp2_common/pico_crt0/crt0.S.o
                0x20040000                        __HeapLimit = (ORIGIN (RAM) + LENGTH (RAM))

.scratch_x      0x20040000        0x0 load address 0x10006dd0
                0x20040000                        __scratch_x_start__ = .
 *(.scratch_x.*)
                0x20040000                        . = ALIGN (0x4)
                0x20040000                        __scratch_x_end__ = .
                0x10006dd0                        __scratch_x_source__ = LOADADDR (.scratch_x)

.scratch_y      0x20041000        0x0 load address 0x10006dd0
                0x20041000                        __scratch_y_start__ = .
 *(.scratch_y.*)
                0x20041000                        . = ALIGN (0x4)
                0x20041000                        __scratch_y_end__ = .
                0x10006dd0                        __scratch_y_source__ = LOADADDR (.scratch_y)

.stack1_dummy
 *(.stack1*)

.stack_dummy    0x20041000      0x800
 *(.stack*)
 .stack         0x20041000      0x800 CMakeFiles/mp3.dir/home/adam/.pico-sdk/sdk/2.1.1/src/rp2_common/pico_crt0/crt0.S.o

.flash_end      0x10006dd0        0x0
 *(.embedded_end_block*)
                0x10006dd0                        PROVIDE (__flash_binary_end = .)
                0x20040000                        __StackLimit = (ORIGIN (RAM) + LENGTH (RAM))
                0x20041000                        __StackOneTop = (ORIGIN (SCRATCH_X) + LENGTH (SCRATCH_X))
                0x20042000                        __StackTop = (ORIGIN (SCRATCH_Y) + LENGTH (SCRATCH_Y))
                0x20041000                        __StackOneBottom = (__StackOneTop - SIZEOF (.stack1_dummy))
                0x20041800                        __StackBottom = (__StackTop - SIZEOF (.stack_dummy))
                0x20042000                        PROVIDE (__stack = __StackTop)
                [!provide]                        PROVIDE (__heap_start = __end__)
                [!provide]                        PROVIDE (__heap_end = __HeapLimit)
                [!provide]                        PROVIDE (__tls_align = MAX (ALIGNOF (.tdata), ALIGNOF (.tbss)))
                [!provide]                        PROVIDE (__tls_size_align = (((__tls_size + __tls_align) - 0x1) & ~ ((__tls_align - 0x1))))
                [!provide]                        PROVIDE (__arm32_tls_tcb_offset = MAX (0x8, __tls_align))
                [!provide]                        PROVIDE (_end = __end__)
                [!provide]                        PROVIDE (__llvm_libc_heap_limit = __HeapLimit)
                0x00000001                        ASSERT ((__StackLimit >= __HeapLimit), region RAM overflowed)
                0x00000001                        ASSERT (((__binary_info_header_end - __logical_binary_start) <= 0x100), Binary info must be in first 256 bytes of the binary)
LOAD CMakeFiles/mp3.dir/main.cpp.o
LOAD CMakeFiles/mp3.dir/oled.cpp.o
LOAD CMakeFiles/mp3.dir/audio.cpp.o
LOAD CMakeFiles/mp3.dir/fonts/small.cpp.o
LOAD CMakeFiles/mp3.dir/fonts/medium.cpp.o
LOAD CMakeFiles/mp3.dir/home/adam/.pico-sdk/sdk/2.1.1/src/rp2_common/pico_stdlib/stdlib.c.o
LOAD CMakeFiles/mp3.dir/home/adam/.pico-sdk/sdk/2.1.1/src/rp2_common/hardware_gpio/gpio.c.o
LOAD CMakeFiles/mp3.dir/home/adam/.pico-sdk/sdk/2.1.1/src/rp2040/pico_platform/platform.c.o
LOAD CMakeFiles/mp3.dir/home/adam/.pico-sdk/sdk/2.1.1/src/rp2_common/pico_platform_panic/panic.c.o
LOAD CMakeFiles/mp3.dir/home/adam/.pico-sdk/sdk/2.1.1/src/common/hardware_claim/claim.c.o
LOAD CMakeFiles/mp3.dir/home/adam/.pico-sdk/sdk/2.1.1/src/rp2_common/hardware_sync/sync.c.o
LOAD CMakeFiles/mp3.dir/home/adam/.pico-sdk/sdk/2.1.1/src/rp2_common/hardware_sync_spin_lock/sync_spin_lock.c.o
LOAD CMakeFiles/mp3.dir/home/adam/.pico-sdk/sdk/2.1.1/src/rp2_common/hardware_irq/irq.c.o
LOAD CMakeFiles/mp3.dir/home/adam/.pico-sdk/sdk/2.1.1/src/rp2_common/hardware_irq/irq_handler_chain.S.o
LOAD CMakeFiles/mp3.dir/home/adam/.pico-sdk/sdk/2.1.1/src/common/pico_sync/sem.c.o
LOAD CMakeFiles/mp3.dir/home/adam/.pico-sdk/sdk/2.1.1/src/common/pico_sync/lock_core.c.o
LOAD CMakeFiles/mp3.dir/home/adam/.pico-sdk/sdk/2.1.1/src/common/pico_sync/mutex.c.o
LOAD CMakeFiles/mp3.dir/home/adam/.pico-sdk/sdk/2.1.1/src/common/pico_sync/critical_section.c.o
LOAD CMakeFiles/mp3.dir/home/adam/.pico-sdk/sdk/2.1.1/src/common/pico_time/time.c.o
LOAD CMakeFiles/mp3.dir/home/adam/.pico-sdk/sdk/2.1.1/src/common/pico_time/timeout_helper.c.o
LOAD CMakeFiles/mp3.dir/home/adam/.pico-sdk/sdk/2.1.1/src/rp2_common/hardware_timer/timer.c.o
LOAD CMakeFiles/mp3.dir/home/adam/.pico-sdk/sdk/2.1.1/src/common/pico_util/datetime.c.o
LOAD CMakeFiles/mp3.dir/home/adam/.pico-sdk/sdk/2.1.1/src/common/pico_util/pheap.c.o
LOAD CMakeFiles/mp3.dir/home/adam/.pico-sdk/sdk/2.1.1/src/common/pico_util/queue.c.o
LOAD CMakeFiles/mp3.dir/home/adam/.pico-sdk/sdk/2.1.1/src/rp2_common/hardware_uart/uart.c.o
LOAD CMakeFiles/mp3.dir/home/adam/.pico-sdk/sdk/2.1.1/src/rp2_common/hardware_clocks/clocks.c.o
LOAD CMakeFiles/mp3.dir/home/adam/.pico-sdk/sdk/2.1.1/src/rp2_common/hardware_pll/pll.c.o
LOAD CMakeFiles/mp3.dir/home/adam/.pico-sdk/sdk/2.1.1/src/rp2_common/hardware_vreg/vreg.c.o
LOAD CMakeFiles/mp3.dir/home/adam/.pico-sdk/sdk/2.1.1/src/rp2_common/hardware_watchdog/watchdog.c.o
LOAD CMakeFiles/mp3.dir/home/adam/.pico-sdk/sdk/2.1.1/src/rp2_common/hardware_ticks/ticks.c.o
LOAD CMakeFiles/mp3.dir/home/adam/.pico-sdk/sdk/2.1.1/src/rp2_common/pico_bootrom/bootrom.c.o
LOAD CMakeFiles/mp3.dir/home/adam/.pico-sdk/sdk/2.1.1/src/rp2_common/pico_bootrom/bootrom_lock.c.o
LOAD CMakeFiles/mp3.dir/home/adam/.pico-sdk/sdk/2.1.1/src/rp2_common/hardware_boot_lock/boot_lock.c.o
LOAD CMakeFiles/mp3.dir/home/adam/.pico-sdk/sdk/2.1.1/src/rp2_common/pico_flash/flash.c.o
LOAD CMakeFiles/mp3.dir/home/adam/.pico-sdk/sdk/2.1.1/src/rp2_common/hardware_xosc/xosc.c.o
LOAD CMakeFiles/mp3.dir/home/adam/.pico-sdk/sdk/2.1.1/src/rp2_common/hardware_divider/divider.S.o
LOAD CMakeFiles/mp3.dir/home/adam/.pico-sdk/sdk/2.1.1/src/rp2_common/pico_runtime/runtime.c.o
LOAD CMakeFiles/mp3.dir/home/adam/.pico-sdk/sdk/2.1.1/src/rp2_common/pico_runtime_init/runtime_init.c.o
LOAD CMakeFiles/mp3.dir/home/adam/.pico-sdk/sdk/2.1.1/src/rp2_common/pico_runtime_init/runtime_init_clocks.c.o
LOAD CMakeFiles/mp3.dir/home/adam/.pico-sdk/sdk/2.1.1/src/rp2_common/pico_runtime_init/runtime_init_stack_guard.c.o
LOAD CMakeFiles/mp3.dir/home/adam/.pico-sdk/sdk/2.1.1/src/rp2_common/pico_bit_ops/bit_ops_aeabi.S.o
LOAD CMakeFiles/mp3.dir/home/adam/.pico-sdk/sdk/2.1.1/src/rp2_common/pico_divider/divider_hardware.S.o
LOAD CMakeFiles/mp3.dir/home/adam/.pico-sdk/sdk/2.1.1/src/rp2_common/pico_double/double_aeabi_rp2040.S.o
LOAD CMakeFiles/mp3.dir/home/adam/.pico-sdk/sdk/2.1.1/src/rp2_common/pico_double/double_init_rom_rp2040.c.o
LOAD CMakeFiles/mp3.dir/home/adam/.pico-sdk/sdk/2.1.1/src/rp2_common/pico_double/double_math.c.o
LOAD CMakeFiles/mp3.dir/home/adam/.pico-sdk/sdk/2.1.1/src/rp2_common/pico_double/double_v1_rom_shim_rp2040.S.o
LOAD CMakeFiles/mp3.dir/home/adam/.pico-sdk/sdk/2.1.1/src/rp2_common/pico_int64_ops/pico_int64_ops_aeabi.S.o
LOAD CMakeFiles/mp3.dir/home/adam/.pico-sdk/sdk/2.1.1/src/rp2_common/pico_float/float_aeabi_rp2040.S.o
LOAD CMakeFiles/mp3.dir/home/adam/.pico-sdk/sdk/2.1.1/src/rp2_common/pico_float/float_init_rom_rp2040.c.o
LOAD CMakeFiles/mp3.dir/home/adam/.pico-sdk/sdk/2.1.1/src/rp2_common/pico_float/float_math.c.o
LOAD CMakeFiles/mp3.dir/home/adam/.pico-sdk/sdk/2.1.1/src/rp2_common/pico_float/float_v1_rom_shim_rp2040.S.o
LOAD CMakeFiles/mp3.dir/home/adam/.pico-sdk/sdk/2.1.1/src/rp2_common/pico_malloc/malloc.c.o
LOAD CMakeFiles/mp3.dir/home/adam/.pico-sdk/sdk/2.1.1/src/rp2_common/pico_mem_ops/mem_ops_aeabi.S.o
LOAD CMakeFiles/mp3.dir/home/adam/.pico-sdk/sdk/2.1.1/src/rp2_common/pico_atomic/atomic.c.o
LOAD CMakeFiles/mp3.dir/home/adam/.pico-sdk/sdk/2.1.1/src/rp2_common/pico_cxx_options/new_delete.cpp.o
LOAD CMakeFiles/mp3.dir/home/adam/.pico-sdk/sdk/2.1.1/src/rp2_common/pico_standard_binary_info/standard_binary_info.c.o
LOAD CMakeFiles/mp3.dir/home/adam/.pico-sdk/sdk/2.1.1/src/rp2_common/pico_printf/printf.c.o
LOAD CMakeFiles/mp3.dir/home/adam/.pico-sdk/sdk/2.1.1/src/rp2_common/pico_crt0/crt0.S.o
LOAD CMakeFiles/mp3.dir/home/adam/.pico-sdk/sdk/2.1.1/src/rp2_common/pico_clib_interface/newlib_interface.c.o
LOAD CMakeFiles/mp3.dir/home/adam/.pico-sdk/sdk/2.1.1/src/rp2_common/pico_stdio/stdio.c.o
LOAD CMakeFiles/mp3.dir/home/adam/.pico-sdk/sdk/2.1.1/src/rp2_common/pico_stdio_usb/reset_interface.c.o
LOAD CMakeFiles/mp3.dir/home/adam/.pico-sdk/sdk/2.1.1/src/rp2_common/pico_stdio_usb/stdio_usb.c.o
LOAD CMakeFiles/mp3.dir/home/adam/.pico-sdk/sdk/2.1.1/src/rp2_common/pico_stdio_usb/stdio_usb_descriptors.c.o
LOAD CMakeFiles/mp3.dir/home/adam/.pico-sdk/sdk/2.1.1/src/rp2_common/pico_unique_id/unique_id.c.o
LOAD CMakeFiles/mp3.dir/home/adam/.pico-sdk/sdk/2.1.1/src/rp2_common/hardware_flash/flash.c.o
LOAD CMakeFiles/mp3.dir/home/adam/.pico-sdk/sdk/2.1.1/src/rp2_common/hardware_xip_cache/xip_cache.c.o
LOAD CMakeFiles/mp3.dir/home/adam/.pico-sdk/sdk/2.1.1/lib/tinyusb/src/portable/raspberrypi/rp2040/dcd_rp2040.c.o
LOAD CMakeFiles/mp3.dir/home/adam/.pico-sdk/sdk/2.1.1/lib/tinyusb/src/portable/raspberrypi/rp2040/rp2040_usb.c.o
LOAD CMakeFiles/mp3.dir/home/adam/.pico-sdk/sdk/2.1.1/lib/tinyusb/src/device/usbd.c.o
LOAD CMakeFiles/mp3.dir/home/adam/.pico-sdk/sdk/2.1.1/lib/tinyusb/src/device/usbd_control.c.o
LOAD CMakeFiles/mp3.dir/home/adam/.pico-sdk/sdk/2.1.1/lib/tinyusb/src/class/audio/audio_device.c.o
LOAD CMakeFiles/mp3.dir/home/adam/.pico-sdk/sdk/2.1.1/lib/tinyusb/src/class/cdc/cdc_device.c.o
LOAD CMakeFiles/mp3.dir/home/adam/.pico-sdk/sdk/2.1.1/lib/tinyusb/src/class/dfu/dfu_device.c.o
LOAD CMakeFiles/mp3.dir/home/adam/.pico-sdk/sdk/2.1.1/lib/tinyusb/src/class/dfu/dfu_rt_device.c.o
LOAD CMakeFiles/mp3.dir/home/adam/.pico-sdk/sdk/2.1.1/lib/tinyusb/src/class/hid/hid_device.c.o
LOAD CMakeFiles/mp3.dir/home/adam/.pico-sdk/sdk/2.1.1/lib/tinyusb/src/class/midi/midi_device.c.o
LOAD CMakeFiles/mp3.dir/home/adam/.pico-sdk/sdk/2.1.1/lib/tinyusb/src/class/msc/msc_device.c.o
LOAD CMakeFiles/mp3.dir/home/adam/.pico-sdk/sdk/2.1.1/lib/tinyusb/src/class/net/ecm_rndis_device.c.o
LOAD CMakeFiles/mp3.dir/home/adam/.pico-sdk/sdk/2.1.1/lib/tinyusb/src/class/net/ncm_device.c.o
LOAD CMakeFiles/mp3.dir/home/adam/.pico-sdk/sdk/2.1.1/lib/tinyusb/src/class/usbtmc/usbtmc_device.c.o
LOAD CMakeFiles/mp3.dir/home/adam/.pico-sdk/sdk/2.1.1/lib/tinyusb/src/class/vendor/vendor_device.c.o
LOAD CMakeFiles/mp3.dir/home/adam/.pico-sdk/sdk/2.1.1/lib/tinyusb/src/class/video/video_device.c.o
LOAD CMakeFiles/mp3.dir/home/adam/.pico-sdk/sdk/2.1.1/lib/tinyusb/src/tusb.c.o
LOAD CMakeFiles/mp3.dir/home/adam/.pico-sdk/sdk/2.1.1/lib/tinyusb/src/common/tusb_fifo.c.o
LOAD CMakeFiles/mp3.dir/home/adam/.pico-sdk/sdk/2.1.1/src/rp2_common/pico_fix/rp2040_usb_device_enumeration/rp2040_usb_device_enumeration.c.o
LOAD CMakeFiles/mp3.dir/home/adam/.pico-sdk/sdk/2.1.1/extras/src/rp2_common/pico_audio_i2s/audio_i2s.c.o
LOAD CMakeFiles/mp3.dir/home/adam/.pico-sdk/sdk/2.1.1/src/rp2_common/hardware_dma/dma.c.o
LOAD CMakeFiles/mp3.dir/home/adam/.pico-sdk/sdk/2.1.1/src/rp2_common/hardware_pio/pio.c.o
LOAD CMakeFiles/mp3.dir/home/adam/.pico-sdk/sdk/2.1.1/extras/src/common/pico_audio/audio.cpp.o
LOAD CMakeFiles/mp3.dir/home/adam/.pico-sdk/sdk/2.1.1/extras/src/common/pico_audio/audio_utils.S.o
LOAD CMakeFiles/mp3.dir/home/adam/.pico-sdk/sdk/2.1.1/extras/src/common/pico_util_buffer/buffer.c.o
LOAD CMakeFiles/mp3.dir/home/adam/.pico-sdk/sdk/2.1.1/src/rp2_common/hardware_i2c/i2c.c.o
LOAD pico-sdk/src/rp2040/boot_stage2/CMakeFiles/bs2_default_library.dir/bs2_default_padded_checksummed.S.o
LOAD /home/adam/.pico-sdk/toolchain/14_2_Rel1/bin/../lib/gcc/arm-none-eabi/14.2.1/../../../../arm-none-eabi/lib/thumb/v6-m/nofp/libstdc++.a
LOAD /home/adam/.pico-sdk/toolchain/14_2_Rel1/bin/../lib/gcc/arm-none-eabi/14.2.1/../../../../arm-none-eabi/lib/thumb/v6-m/nofp/libm.a
START GROUP
LOAD /home/adam/.pico-sdk/toolchain/14_2_Rel1/bin/../lib/gcc/arm-none-eabi/14.2.1/thumb/v6-m/nofp/libgcc.a
LOAD /home/adam/.pico-sdk/toolchain/14_2_Rel1/bin/../lib/gcc/arm-none-eabi/14.2.1/../../../../arm-none-eabi/lib/thumb/v6-m/nofp/libg.a
LOAD /home/adam/.pico-sdk/toolchain/14_2_Rel1/bin/../lib/gcc/arm-none-eabi/14.2.1/../../../../arm-none-eabi/lib/thumb/v6-m/nofp/libc.a
END GROUP
START GROUP
LOAD /home/adam/.pico-sdk/toolchain/14_2_Rel1/bin/../lib/gcc/arm-none-eabi/14.2.1/thumb/v6-m/nofp/libgcc.a
LOAD /home/adam/.pico-sdk/toolchain/14_2_Rel1/bin/../lib/gcc/arm-none-eabi/14.2.1/../../../../arm-none-eabi/lib/thumb/v6-m/nofp/libc.a
LOAD /home/adam/.pico-sdk/toolchain/14_2_Rel1/bin/../lib/gcc/arm-none-eabi/14.2.1/../../../../arm-none-eabi/lib/thumb/v6-m/nofp/libnosys.a
END GROUP
LOAD /home/adam/.pico-sdk/toolchain/14_2_Rel1/bin/../lib/gcc/arm-none-eabi/14.2.1/thumb/v6-m/nofp/crtend.o
LOAD /home/adam/.pico-sdk/toolchain/14_2_Rel1/bin/../lib/gcc/arm-none-eabi/14.2.1/thumb/v6-m/nofp/crtn.o
OUTPUT(mp3.elf elf32-littlearm)
LOAD linker stubs

.ARM.attributes
                0x00000000       0x28
 .ARM.attributes
                0x00000000       0x1e /home/adam/.pico-sdk/toolchain/14_2_Rel1/bin/../lib/gcc/arm-none-eabi/14.2.1/thumb/v6-m/nofp/crti.o
 .ARM.attributes
                0x0000001e       0x2c /home/adam/.pico-sdk/toolchain/14_2_Rel1/bin/../lib/gcc/arm-none-eabi/14.2.1/thumb/v6-m/nofp/crtbegin.o
 .ARM.attributes
                0x0000004a       0x2c CMakeFiles/mp3.dir/main.cpp.o
 .ARM.attributes
                0x00000076       0x2c CMakeFiles/mp3.dir/oled.cpp.o
 .ARM.attributes
                0x000000a2       0x2c CMakeFiles/mp3.dir/fonts/small.cpp.o
 .ARM.attributes
                0x000000ce       0x2c CMakeFiles/mp3.dir/fonts/medium.cpp.o
 .ARM.attributes
                0x000000fa       0x2c CMakeFiles/mp3.dir/home/adam/.pico-sdk/sdk/2.1.1/src/rp2_common/hardware_gpio/gpio.c.o
 .ARM.attributes
                0x00000126       0x2c CMakeFiles/mp3.dir/home/adam/.pico-sdk/sdk/2.1.1/src/rp2040/pico_platform/platform.c.o
 .ARM.attributes
                0x00000152       0x2c CMakeFiles/mp3.dir/home/adam/.pico-sdk/sdk/2.1.1/src/rp2_common/pico_platform_panic/panic.c.o
 .ARM.attributes
                0x0000017e       0x2c CMakeFiles/mp3.dir/home/adam/.pico-sdk/sdk/2.1.1/src/common/hardware_claim/claim.c.o
 .ARM.attributes
                0x000001aa       0x2c CMakeFiles/mp3.dir/home/adam/.pico-sdk/sdk/2.1.1/src/rp2_common/hardware_sync/sync.c.o
 .ARM.attributes
                0x000001d6       0x2c CMakeFiles/mp3.dir/home/adam/.pico-sdk/sdk/2.1.1/src/rp2_common/hardware_sync_spin_lock/sync_spin_lock.c.o
 .ARM.attributes
                0x00000202       0x2c CMakeFiles/mp3.dir/home/adam/.pico-sdk/sdk/2.1.1/src/rp2_common/hardware_irq/irq.c.o
 .ARM.attributes
                0x0000022e       0x22 CMakeFiles/mp3.dir/home/adam/.pico-sdk/sdk/2.1.1/src/rp2_common/hardware_irq/irq_handler_chain.S.o
 .ARM.attributes
                0x00000250       0x2c CMakeFiles/mp3.dir/home/adam/.pico-sdk/sdk/2.1.1/src/common/pico_sync/lock_core.c.o
 .ARM.attributes
                0x0000027c       0x2c CMakeFiles/mp3.dir/home/adam/.pico-sdk/sdk/2.1.1/src/common/pico_sync/mutex.c.o
 .ARM.attributes
                0x000002a8       0x2c CMakeFiles/mp3.dir/home/adam/.pico-sdk/sdk/2.1.1/src/common/pico_sync/critical_section.c.o
 .ARM.attributes
                0x000002d4       0x2c CMakeFiles/mp3.dir/home/adam/.pico-sdk/sdk/2.1.1/src/common/pico_time/time.c.o
 .ARM.attributes
                0x00000300       0x2c CMakeFiles/mp3.dir/home/adam/.pico-sdk/sdk/2.1.1/src/rp2_common/hardware_timer/timer.c.o
 .ARM.attributes
                0x0000032c       0x2c CMakeFiles/mp3.dir/home/adam/.pico-sdk/sdk/2.1.1/src/rp2_common/hardware_clocks/clocks.c.o
 .ARM.attributes
                0x00000358       0x2c CMakeFiles/mp3.dir/home/adam/.pico-sdk/sdk/2.1.1/src/rp2_common/hardware_pll/pll.c.o
 .ARM.attributes
                0x00000384       0x2c CMakeFiles/mp3.dir/home/adam/.pico-sdk/sdk/2.1.1/src/rp2_common/hardware_watchdog/watchdog.c.o
 .ARM.attributes
                0x000003b0       0x2c CMakeFiles/mp3.dir/home/adam/.pico-sdk/sdk/2.1.1/src/rp2_common/hardware_ticks/ticks.c.o
 .ARM.attributes
                0x000003dc       0x2c CMakeFiles/mp3.dir/home/adam/.pico-sdk/sdk/2.1.1/src/rp2_common/pico_bootrom/bootrom.c.o
 .ARM.attributes
                0x00000408       0x2c CMakeFiles/mp3.dir/home/adam/.pico-sdk/sdk/2.1.1/src/rp2_common/hardware_xosc/xosc.c.o
 .ARM.attributes
                0x00000434       0x2c CMakeFiles/mp3.dir/home/adam/.pico-sdk/sdk/2.1.1/src/rp2_common/pico_runtime/runtime.c.o
 .ARM.attributes
                0x00000460       0x2c CMakeFiles/mp3.dir/home/adam/.pico-sdk/sdk/2.1.1/src/rp2_common/pico_runtime_init/runtime_init.c.o
 .ARM.attributes
                0x0000048c       0x2c CMakeFiles/mp3.dir/home/adam/.pico-sdk/sdk/2.1.1/src/rp2_common/pico_runtime_init/runtime_init_clocks.c.o
 .ARM.attributes